Archive member included to satisfy reference by file (symbol)

D:\SourceTree\Smartflow\Firmware\Smartflow_V3_Firmware_VGDB\Output\Adafruit_Metro_M4__SAMD51_\Debug\libraries\Lumen_SIM8686\Lumen_SIM8686.a(Lumen_SIM8686.cpp.o)
                              D:\SourceTree\Smartflow\Firmware\Smartflow_V3_Firmware_VGDB\Output\Adafruit_Metro_M4__SAMD51_\Debug\sketch\Smartflow_Metro_M4.ino.cpp.o (SIM868_Unit::Service())
D:\SourceTree\Smartflow\Firmware\Smartflow_V3_Firmware_VGDB\Output\Adafruit_Metro_M4__SAMD51_\Debug/core\core.a(Print.cpp.o)
                              D:\SourceTree\Smartflow\Firmware\Smartflow_V3_Firmware_VGDB\Output\Adafruit_Metro_M4__SAMD51_\Debug\libraries\Lumen_SIM8686\Lumen_SIM8686.a(Lumen_SIM8686.cpp.o) (Print::print(String const&))
D:\SourceTree\Smartflow\Firmware\Smartflow_V3_Firmware_VGDB\Output\Adafruit_Metro_M4__SAMD51_\Debug/core\core.a(SERCOM.cpp.o)
                              D:\SourceTree\Smartflow\Firmware\Smartflow_V3_Firmware_VGDB\Output\Adafruit_Metro_M4__SAMD51_\Debug\core\variant.cpp.o (SERCOM::SERCOM(Sercom*))
D:\SourceTree\Smartflow\Firmware\Smartflow_V3_Firmware_VGDB\Output\Adafruit_Metro_M4__SAMD51_\Debug/core\core.a(Stream.cpp.o)
                              D:\SourceTree\Smartflow\Firmware\Smartflow_V3_Firmware_VGDB\Output\Adafruit_Metro_M4__SAMD51_\Debug\libraries\LoRa\LoRa.cpp.o (Stream::setTimeout(unsigned long))
D:\SourceTree\Smartflow\Firmware\Smartflow_V3_Firmware_VGDB\Output\Adafruit_Metro_M4__SAMD51_\Debug/core\core.a(CDC.cpp.o)
                              D:\SourceTree\Smartflow\Firmware\Smartflow_V3_Firmware_VGDB\Output\Adafruit_Metro_M4__SAMD51_\Debug\sketch\Smartflow_Metro_M4.ino.cpp.o (Serial_::flush())
D:\SourceTree\Smartflow\Firmware\Smartflow_V3_Firmware_VGDB\Output\Adafruit_Metro_M4__SAMD51_\Debug/core\core.a(USBCore.cpp.o)
                              D:\SourceTree\Smartflow\Firmware\Smartflow_V3_Firmware_VGDB\Output\Adafruit_Metro_M4__SAMD51_\Debug/core\core.a(CDC.cpp.o) (USBDeviceClass::available(unsigned long))
D:\SourceTree\Smartflow\Firmware\Smartflow_V3_Firmware_VGDB\Output\Adafruit_Metro_M4__SAMD51_\Debug/core\core.a(Uart.cpp.o)
                              D:\SourceTree\Smartflow\Firmware\Smartflow_V3_Firmware_VGDB\Output\Adafruit_Metro_M4__SAMD51_\Debug\sketch\Smartflow_Metro_M4.ino.cpp.o (Uart::begin(unsigned long))
D:\SourceTree\Smartflow\Firmware\Smartflow_V3_Firmware_VGDB\Output\Adafruit_Metro_M4__SAMD51_\Debug/core\core.a(WInterrupts.c.o)
                              D:\SourceTree\Smartflow\Firmware\Smartflow_V3_Firmware_VGDB\Output\Adafruit_Metro_M4__SAMD51_\Debug\sketch\Smartflow_Metro_M4.ino.cpp.o (attachInterrupt)
D:\SourceTree\Smartflow\Firmware\Smartflow_V3_Firmware_VGDB\Output\Adafruit_Metro_M4__SAMD51_\Debug/core\core.a(WString.cpp.o)
                              D:\SourceTree\Smartflow\Firmware\Smartflow_V3_Firmware_VGDB\Output\Adafruit_Metro_M4__SAMD51_\Debug\sketch\Smartflow_Metro_M4.ino.cpp.o (String::~String())
D:\SourceTree\Smartflow\Firmware\Smartflow_V3_Firmware_VGDB\Output\Adafruit_Metro_M4__SAMD51_\Debug/core\core.a(abi.cpp.o)
                              D:\SourceTree\Smartflow\Firmware\Smartflow_V3_Firmware_VGDB\Output\Adafruit_Metro_M4__SAMD51_\Debug/core\core.a(Print.cpp.o) (__cxa_pure_virtual)
D:\SourceTree\Smartflow\Firmware\Smartflow_V3_Firmware_VGDB\Output\Adafruit_Metro_M4__SAMD51_\Debug/core\core.a(dtostrf.c.o)
                              D:\SourceTree\Smartflow\Firmware\Smartflow_V3_Firmware_VGDB\Output\Adafruit_Metro_M4__SAMD51_\Debug/core\core.a(WString.cpp.o) (dtostrf)
D:\SourceTree\Smartflow\Firmware\Smartflow_V3_Firmware_VGDB\Output\Adafruit_Metro_M4__SAMD51_\Debug/core\core.a(cortex_handlers.c.o)
                              (Reset_Handler)
D:\SourceTree\Smartflow\Firmware\Smartflow_V3_Firmware_VGDB\Output\Adafruit_Metro_M4__SAMD51_\Debug/core\core.a(delay.c.o)
                              D:\SourceTree\Smartflow\Firmware\Smartflow_V3_Firmware_VGDB\Output\Adafruit_Metro_M4__SAMD51_\Debug\sketch\Smartflow_Metro_M4.ino.cpp.o (millis)
D:\SourceTree\Smartflow\Firmware\Smartflow_V3_Firmware_VGDB\Output\Adafruit_Metro_M4__SAMD51_\Debug/core\core.a(hooks.c.o)
                              D:\SourceTree\Smartflow\Firmware\Smartflow_V3_Firmware_VGDB\Output\Adafruit_Metro_M4__SAMD51_\Debug\libraries\Adafruit_SPIFlash\Adafruit_SPIFlash.cpp.o (yield)
D:\SourceTree\Smartflow\Firmware\Smartflow_V3_Firmware_VGDB\Output\Adafruit_Metro_M4__SAMD51_\Debug/core\core.a(itoa.c.o)
                              D:\SourceTree\Smartflow\Firmware\Smartflow_V3_Firmware_VGDB\Output\Adafruit_Metro_M4__SAMD51_\Debug/core\core.a(WString.cpp.o) (ltoa)
D:\SourceTree\Smartflow\Firmware\Smartflow_V3_Firmware_VGDB\Output\Adafruit_Metro_M4__SAMD51_\Debug/core\core.a(main.cpp.o)
                              c:/users/adam/documents/arduinodata/packages/arduino/tools/arm-none-eabi-gcc/7-2017q4/bin/../lib/gcc/arm-none-eabi/7.2.1/../../../../arm-none-eabi/lib/thumb/v7e-m/fpv4-sp/hard/crt0.o (main)
[...]
Memory Configuration

Name             Origin             Length             Attributes
FLASH            0x00004000         0x0007c000         xr
RAM              0x20000000         0x00030000         xrw
*default*        0x00000000         0xffffffff

Linker script and memory map

LOAD c:/users/adam/documents/arduinodata/packages/arduino/tools/arm-none-eabi-gcc/7-2017q4/bin/../lib/gcc/arm-none-eabi/7.2.1/thumb/v7e-m/fpv4-sp/hard/crti.o
LOAD c:/users/adam/documents/arduinodata/packages/arduino/tools/arm-none-eabi-gcc/7-2017q4/bin/../lib/gcc/arm-none-eabi/7.2.1/thumb/v7e-m/fpv4-sp/hard/crtbegin.o
LOAD c:/users/adam/documents/arduinodata/packages/arduino/tools/arm-none-eabi-gcc/7-2017q4/bin/../lib/gcc/arm-none-eabi/7.2.1/../../../../arm-none-eabi/lib/thumb/v7e-m/fpv4-sp/hard/crt0.o
LOAD D:\SourceTree\Smartflow\Firmware\Smartflow_V3_Firmware_VGDB\Output\Adafruit_Metro_M4__SAMD51_\Debug\sketch\Smartflow_Metro_M4.ino.cpp.o
LOAD D:\SourceTree\Smartflow\Firmware\Smartflow_V3_Firmware_VGDB\Output\Adafruit_Metro_M4__SAMD51_\Debug\libraries\Lumen_SIM8686\Lumen_SIM8686.a
LOAD D:\SourceTree\Smartflow\Firmware\Smartflow_V3_Firmware_VGDB\Output\Adafruit_Metro_M4__SAMD51_\Debug\libraries\Wire\Wire.cpp.o
LOAD D:\SourceTree\Smartflow\Firmware\Smartflow_V3_Firmware_VGDB\Output\Adafruit_Metro_M4__SAMD51_\Debug\libraries\SPI\SPI.cpp.o
LOAD D:\SourceTree\Smartflow\Firmware\Smartflow_V3_Firmware_VGDB\Output\Adafruit_Metro_M4__SAMD51_\Debug\libraries\Adafruit_ZeroDMA\Adafruit_ZeroDMA.cpp.o
LOAD D:\SourceTree\Smartflow\Firmware\Smartflow_V3_Firmware_VGDB\Output\Adafruit_Metro_M4__SAMD51_\Debug\libraries\Adafruit_SPIFlash\Adafruit_FlashCache.cpp.o
LOAD D:\SourceTree\Smartflow\Firmware\Smartflow_V3_Firmware_VGDB\Output\Adafruit_Metro_M4__SAMD51_\Debug\libraries\Adafruit_SPIFlash\Adafruit_SPIFlash.cpp.o
LOAD D:\SourceTree\Smartflow\Firmware\Smartflow_V3_Firmware_VGDB\Output\Adafruit_Metro_M4__SAMD51_\Debug\libraries\Adafruit_SPIFlash\qspi\Adafruit_FlashTransport_QSPI_NRF.cpp.o
LOAD D:\SourceTree\Smartflow\Firmware\Smartflow_V3_Firmware_VGDB\Output\Adafruit_Metro_M4__SAMD51_\Debug\libraries\Adafruit_SPIFlash\qspi\Adafruit_FlashTransport_QSPI_SAMD.cpp.o
LOAD D:\SourceTree\Smartflow\Firmware\Smartflow_V3_Firmware_VGDB\Output\Adafruit_Metro_M4__SAMD51_\Debug\libraries\Adafruit_SPIFlash\spi\Adafruit_FlashTransport_SPI.cpp.o
LOAD D:\SourceTree\Smartflow\Firmware\Smartflow_V3_Firmware_VGDB\Output\Adafruit_Metro_M4__SAMD51_\Debug\libraries\SdFat_-_Adafruit_Fork\FatLib\FatFile.cpp.o
LOAD D:\SourceTree\Smartflow\Firmware\Smartflow_V3_Firmware_VGDB\Output\Adafruit_Metro_M4__SAMD51_\Debug\libraries\SdFat_-_Adafruit_Fork\FatLib\FatFileLFN.cpp.o
LOAD D:\SourceTree\Smartflow\Firmware\Smartflow_V3_Firmware_VGDB\Output\Adafruit_Metro_M4__SAMD51_\Debug\libraries\SdFat_-_Adafruit_Fork\FatLib\FatFilePrint.cpp.o
LOAD D:\SourceTree\Smartflow\Firmware\Smartflow_V3_Firmware_VGDB\Output\Adafruit_Metro_M4__SAMD51_\Debug\libraries\SdFat_-_Adafruit_Fork\FatLib\FatFileSFN.cpp.o
LOAD D:\SourceTree\Smartflow\Firmware\Smartflow_V3_Firmware_VGDB\Output\Adafruit_Metro_M4__SAMD51_\Debug\libraries\SdFat_-_Adafruit_Fork\FatLib\FatVolume.cpp.o
LOAD D:\SourceTree\Smartflow\Firmware\Smartflow_V3_Firmware_VGDB\Output\Adafruit_Metro_M4__SAMD51_\Debug\libraries\SdFat_-_Adafruit_Fork\FatLib\FmtNumber.cpp.o
LOAD D:\SourceTree\Smartflow\Firmware\Smartflow_V3_Firmware_VGDB\Output\Adafruit_Metro_M4__SAMD51_\Debug\libraries\SdFat_-_Adafruit_Fork\FatLib\StdioStream.cpp.o
LOAD D:\SourceTree\Smartflow\Firmware\Smartflow_V3_Firmware_VGDB\Output\Adafruit_Metro_M4__SAMD51_\Debug\libraries\SdFat_-_Adafruit_Fork\FatLib\fstream.cpp.o
LOAD D:\SourceTree\Smartflow\Firmware\Smartflow_V3_Firmware_VGDB\Output\Adafruit_Metro_M4__SAMD51_\Debug\libraries\SdFat_-_Adafruit_Fork\FatLib\istream.cpp.o
LOAD D:\SourceTree\Smartflow\Firmware\Smartflow_V3_Firmware_VGDB\Output\Adafruit_Metro_M4__SAMD51_\Debug\libraries\SdFat_-_Adafruit_Fork\FatLib\ostream.cpp.o
LOAD D:\SourceTree\Smartflow\Firmware\Smartflow_V3_Firmware_VGDB\Output\Adafruit_Metro_M4__SAMD51_\Debug\libraries\SdFat_-_Adafruit_Fork\MinimumSerial.cpp.o
LOAD D:\SourceTree\Smartflow\Firmware\Smartflow_V3_Firmware_VGDB\Output\Adafruit_Metro_M4__SAMD51_\Debug\libraries\SdFat_-_Adafruit_Fork\SdCard\SdSpiCard.cpp.o
LOAD D:\SourceTree\Smartflow\Firmware\Smartflow_V3_Firmware_VGDB\Output\Adafruit_Metro_M4__SAMD51_\Debug\libraries\SdFat_-_Adafruit_Fork\SdCard\SdSpiCardEX.cpp.o
LOAD D:\SourceTree\Smartflow\Firmware\Smartflow_V3_Firmware_VGDB\Output\Adafruit_Metro_M4__SAMD51_\Debug\libraries\SdFat_-_Adafruit_Fork\SdCard\SdioCardEX.cpp.o
LOAD D:\SourceTree\Smartflow\Firmware\Smartflow_V3_Firmware_VGDB\Output\Adafruit_Metro_M4__SAMD51_\Debug\libraries\SdFat_-_Adafruit_Fork\SdCard\SdioTeensy.cpp.o
LOAD D:\SourceTree\Smartflow\Firmware\Smartflow_V3_Firmware_VGDB\Output\Adafruit_Metro_M4__SAMD51_\Debug\libraries\SdFat_-_Adafruit_Fork\SpiDriver\SdSpiESP8266.cpp.o
LOAD D:\SourceTree\Smartflow\Firmware\Smartflow_V3_Firmware_VGDB\Output\Adafruit_Metro_M4__SAMD51_\Debug\libraries\SdFat_-_Adafruit_Fork\SpiDriver\SdSpiParticle.cpp.o
LOAD D:\SourceTree\Smartflow\Firmware\Smartflow_V3_Firmware_VGDB\Output\Adafruit_Metro_M4__SAMD51_\Debug\libraries\SdFat_-_Adafruit_Fork\SpiDriver\SdSpiSAM3X.cpp.o
LOAD D:\SourceTree\Smartflow\Firmware\Smartflow_V3_Firmware_VGDB\Output\Adafruit_Metro_M4__SAMD51_\Debug\libraries\SdFat_-_Adafruit_Fork\SpiDriver\SdSpiSAMD.cpp.o
LOAD D:\SourceTree\Smartflow\Firmware\Smartflow_V3_Firmware_VGDB\Output\Adafruit_Metro_M4__SAMD51_\Debug\libraries\SdFat_-_Adafruit_Fork\SpiDriver\SdSpiSTM32.cpp.o
LOAD D:\SourceTree\Smartflow\Firmware\Smartflow_V3_Firmware_VGDB\Output\Adafruit_Metro_M4__SAMD51_\Debug\libraries\SdFat_-_Adafruit_Fork\SpiDriver\SdSpiTeensy3.cpp.o
LOAD D:\SourceTree\Smartflow\Firmware\Smartflow_V3_Firmware_VGDB\Output\Adafruit_Metro_M4__SAMD51_\Debug\libraries\LoRa\LoRa.cpp.o
LOAD D:\SourceTree\Smartflow\Firmware\Smartflow_V3_Firmware_VGDB\Output\Adafruit_Metro_M4__SAMD51_\Debug\core\variant.cpp.o
START GROUP
LOAD C:\Users\adam\Documents\ArduinoData\packages\arduino\tools\CMSIS\4.5.0/CMSIS/Lib/GCC/\libarm_cortexM4lf_math.a
LOAD D:\SourceTree\Smartflow\Firmware\Smartflow_V3_Firmware_VGDB\Output\Adafruit_Metro_M4__SAMD51_\Debug/core\core.a
END GROUP
LOAD c:/users/adam/documents/arduinodata/packages/arduino/tools/arm-none-eabi-gcc/7-2017q4/bin/../lib/gcc/arm-none-eabi/7.2.1/../../../../arm-none-eabi/lib/thumb/v7e-m/fpv4-sp/hard\libstdc++_nano.a
LOAD c:/users/adam/documents/arduinodata/packages/arduino/tools/arm-none-eabi-gcc/7-2017q4/bin/../lib/gcc/arm-none-eabi/7.2.1/../../../../arm-none-eabi/lib/thumb/v7e-m/fpv4-sp/hard\libm.a
START GROUP
LOAD c:/users/adam/documents/arduinodata/packages/arduino/tools/arm-none-eabi-gcc/7-2017q4/bin/../lib/gcc/arm-none-eabi/7.2.1/thumb/v7e-m/fpv4-sp/hard\libgcc.a
LOAD c:/users/adam/documents/arduinodata/packages/arduino/tools/arm-none-eabi-gcc/7-2017q4/bin/../lib/gcc/arm-none-eabi/7.2.1/../../../../arm-none-eabi/lib/thumb/v7e-m/fpv4-sp/hard\libc_nano.a
END GROUP
START GROUP
LOAD c:/users/adam/documents/arduinodata/packages/arduino/tools/arm-none-eabi-gcc/7-2017q4/bin/../lib/gcc/arm-none-eabi/7.2.1/thumb/v7e-m/fpv4-sp/hard\libgcc.a
LOAD c:/users/adam/documents/arduinodata/packages/arduino/tools/arm-none-eabi-gcc/7-2017q4/bin/../lib/gcc/arm-none-eabi/7.2.1/../../../../arm-none-eabi/lib/thumb/v7e-m/fpv4-sp/hard\libc_nano.a
LOAD c:/users/adam/documents/arduinodata/packages/arduino/tools/arm-none-eabi-gcc/7-2017q4/bin/../lib/gcc/arm-none-eabi/7.2.1/../../../../arm-none-eabi/lib/thumb/v7e-m/fpv4-sp/hard\libnosys.a
END GROUP
START GROUP
LOAD c:/users/adam/documents/arduinodata/packages/arduino/tools/arm-none-eabi-gcc/7-2017q4/bin/../lib/gcc/arm-none-eabi/7.2.1/thumb/v7e-m/fpv4-sp/hard\libgcc.a
LOAD c:/users/adam/documents/arduinodata/packages/arduino/tools/arm-none-eabi-gcc/7-2017q4/bin/../lib/gcc/arm-none-eabi/7.2.1/../../../../arm-none-eabi/lib/thumb/v7e-m/fpv4-sp/hard\libc_nano.a
LOAD c:/users/adam/documents/arduinodata/packages/arduino/tools/arm-none-eabi-gcc/7-2017q4/bin/../lib/gcc/arm-none-eabi/7.2.1/../../../../arm-none-eabi/lib/thumb/v7e-m/fpv4-sp/hard\libnosys.a
END GROUP
LOAD c:/users/adam/documents/arduinodata/packages/arduino/tools/arm-none-eabi-gcc/7-2017q4/bin/../lib/gcc/arm-none-eabi/7.2.1/thumb/v7e-m/fpv4-sp/hard/crtend.o
LOAD c:/users/adam/documents/arduinodata/packages/arduino/tools/arm-none-eabi-gcc/7-2017q4/bin/../lib/gcc/arm-none-eabi/7.2.1/thumb/v7e-m/fpv4-sp/hard/crtn.o

.text           0x00004000     0x89c0
                0x00004000                __text_start__ = .
 *(.sketch_boot)
                0x00004000                . = ALIGN (0x4000)
 *(.isr_vector)
 .isr_vector    0x00004000      0x264 D:\SourceTree\Smartflow\Firmware\Smartflow_V3_Firmware_VGDB\Output\Adafruit_Metro_M4__SAMD51_\Debug/core\core.a(cortex_handlers.c.o)
                0x00004000                exception_table
 *(.text*)
 .text          0x00004264       0x40 c:/users/adam/documents/arduinodata/packages/arduino/tools/arm-none-eabi-gcc/7-2017q4/bin/../lib/gcc/arm-none-eabi/7.2.1/thumb/v7e-m/fpv4-sp/hard/crtbegin.o
 .text._ZN17Adafruit_SPIFlashD2Ev
                0x000042a4        0x2 D:\SourceTree\Smartflow\Firmware\Smartflow_V3_Firmware_VGDB\Output\Adafruit_Metro_M4__SAMD51_\Debug\sketch\Smartflow_Metro_M4.ino.cpp.o
                0x000042a4                Adafruit_SPIFlash::~Adafruit_SPIFlash()
                0x000042a4                Adafruit_SPIFlash::~Adafruit_SPIFlash()
 .text._Z5anISRv
                0x000042a6        0x2 D:\SourceTree\Smartflow\Firmware\Smartflow_V3_Firmware_VGDB\Output\Adafruit_Metro_M4__SAMD51_\Debug\sketch\Smartflow_Metro_M4.ino.cpp.o
                0x000042a6                anISR()
 .text._ZN11SIM868_UnitD2Ev
                0x000042a8       0x16 D:\SourceTree\Smartflow\Firmware\Smartflow_V3_Firmware_VGDB\Output\Adafruit_Metro_M4__SAMD51_\Debug\sketch\Smartflow_Metro_M4.ino.cpp.o
                0x000042a8                SIM868_Unit::~SIM868_Unit()
                0x000042a8                SIM868_Unit::~SIM868_Unit()
 .text._ZN15Outputs_74HC59510Shift_DataEv
                0x000042be       0x4e D:\SourceTree\Smartflow\Firmware\Smartflow_V3_Firmware_VGDB\Output\Adafruit_Metro_M4__SAMD51_\Debug\sketch\Smartflow_Metro_M4.ino.cpp.o
                0x000042be                Outputs_74HC595::Shift_Data()
 .text._ZN15Outputs_74HC5959Output_OnEi
                0x0000430c        0xe D:\SourceTree\Smartflow\Firmware\Smartflow_V3_Firmware_VGDB\Output\Adafruit_Metro_M4__SAMD51_\Debug\sketch\Smartflow_Metro_M4.ino.cpp.o
                0x0000430c                Outputs_74HC595::Output_On(int)
 .text._ZN15Outputs_74HC59510Output_OffEi
                0x0000431a       0x10 D:\SourceTree\Smartflow\Firmware\Smartflow_V3_Firmware_VGDB\Output\Adafruit_Metro_M4__SAMD51_\Debug\sketch\Smartflow_Metro_M4.ino.cpp.o
                0x0000431a                Outputs_74HC595::Output_Off(int)
 .text._Z8Setup_IOv
                0x0000432a       0xf6 D:\SourceTree\Smartflow\Firmware\Smartflow_V3_Firmware_VGDB\Output\Adafruit_Metro_M4__SAMD51_\Debug\sketch\Smartflow_Metro_M4.ino.cpp.o
                0x0000432a                Setup_IO()
 .text._Z12Service_Ledsv
                0x00004420      0x124 D:\SourceTree\Smartflow\Firmware\Smartflow_V3_Firmware_VGDB\Output\Adafruit_Metro_M4__SAMD51_\Debug\sketch\Smartflow_Metro_M4.ino.cpp.o
                0x00004420                Service_Leds()
 .text._Z11Modem_Setupv
                0x00004544       0x8c D:\SourceTree\Smartflow\Firmware\Smartflow_V3_Firmware_VGDB\Output\Adafruit_Metro_M4__SAMD51_\Debug\sketch\Smartflow_Metro_M4.ino.cpp.o
                0x00004544                Modem_Setup()
 .text._Z14Service_Switchv
                0x000045d0       0x7c D:\SourceTree\Smartflow\Firmware\Smartflow_V3_Firmware_VGDB\Output\Adafruit_Metro_M4__SAMD51_\Debug\sketch\Smartflow_Metro_M4.ino.cpp.o
                0x000045d0                Service_Switch()
 .text._Z14setup_countersv
                0x0000464c       0x94 D:\SourceTree\Smartflow\Firmware\Smartflow_V3_Firmware_VGDB\Output\Adafruit_Metro_M4__SAMD51_\Debug\sketch\Smartflow_Metro_M4.ino.cpp.o
                0x0000464c                setup_counters()
 .text.loop     0x000046e0       0xe4 D:\SourceTree\Smartflow\Firmware\Smartflow_V3_Firmware_VGDB\Output\Adafruit_Metro_M4__SAMD51_\Debug\sketch\Smartflow_Metro_M4.ino.cpp.o
                0x000046e0                loop
 .text.startup._GLOBAL__sub_I_DebugPort
                0x000047c4       0xe0 D:\SourceTree\Smartflow\Firmware\Smartflow_V3_Firmware_VGDB\Output\Adafruit_Metro_M4__SAMD51_\Debug\sketch\Smartflow_Metro_M4.ino.cpp.o
 .text._Z10LoRa_Setupv
                0x000048a4       0x4c D:\SourceTree\Smartflow\Firmware\Smartflow_V3_Firmware_VGDB\Output\Adafruit_Metro_M4__SAMD51_\Debug\sketch\Smartflow_Metro_M4.ino.cpp.o
                0x000048a4                LoRa_Setup()
 .text._Z11Flash_Setupv
                0x000048f0       0x40 D:\SourceTree\Smartflow\Firmware\Smartflow_V3_Firmware_VGDB\Output\Adafruit_Metro_M4__SAMD51_\Debug\sketch\Smartflow_Metro_M4.ino.cpp.o
                0x000048f0                Flash_Setup()
 .text.setup    0x00004930       0x90 D:\SourceTree\Smartflow\Firmware\Smartflow_V3_Firmware_VGDB\Output\Adafruit_Metro_M4__SAMD51_\Debug\sketch\Smartflow_Metro_M4.ino.cpp.o
                0x00004930                setup
 .text._ZN11SIM868_Unit11DebugStringEPc
                0x000049c0        0xa D:\SourceTree\Smartflow\Firmware\Smartflow_V3_Firmware_VGDB\Output\Adafruit_Metro_M4__SAMD51_\Debug\libraries\Lumen_SIM8686\Lumen_SIM8686.a(Lumen_SIM8686.cpp.o)
                0x000049c0                SIM868_Unit::DebugString(char*)
 .text._ZN11SIM868_Unit11DebugStringE6String
                0x000049ca       0x20 D:\SourceTree\Smartflow\Firmware\Smartflow_V3_Firmware_VGDB\Output\Adafruit_Metro_M4__SAMD51_\Debug\libraries\Lumen_SIM8686\Lumen_SIM8686.a(Lumen_SIM8686.cpp.o)
                0x000049ca                SIM868_Unit::DebugString(String)
 .text._ZN11SIM868_Unit21Send_Command_to_ModemEPc
                0x000049ea        0x6 D:\SourceTree\Smartflow\Firmware\Smartflow_V3_Firmware_VGDB\Output\Adafruit_Metro_M4__SAMD51_\Debug\libraries\Lumen_SIM8686\Lumen_SIM8686.a(Lumen_SIM8686.cpp.o)
                0x000049ea                SIM868_Unit::Send_Command_to_Modem(char*)
 .text._ZN11SIM868_Unit7ServiceEv
                0x000049f0      0x104 D:\SourceTree\Smartflow\Firmware\Smartflow_V3_Firmware_VGDB\Output\Adafruit_Metro_M4__SAMD51_\Debug\libraries\Lumen_SIM8686\Lumen_SIM8686.a(Lumen_SIM8686.cpp.o)
                0x000049f0                SIM868_Unit::Service()
 .text._ZN5Print17availableForWriteEv
                0x00004af4        0x4 D:\SourceTree\Smartflow\Firmware\Smartflow_V3_Firmware_VGDB\Output\Adafruit_Metro_M4__SAMD51_\Debug\libraries\Wire\Wire.cpp.o
                0x00004af4                Print::availableForWrite()
 .text._ZN7TwoWire5writeEPKhj
                0x00004af8       0x34 D:\SourceTree\Smartflow\Firmware\Smartflow_V3_Firmware_VGDB\Output\Adafruit_Metro_M4__SAMD51_\Debug\libraries\Wire\Wire.cpp.o
                0x00004af8                TwoWire::write(unsigned char const*, unsigned int)
 .text._ZN7TwoWire5flushEv
                0x00004b2c        0x2 D:\SourceTree\Smartflow\Firmware\Smartflow_V3_Firmware_VGDB\Output\Adafruit_Metro_M4__SAMD51_\Debug\libraries\Wire\Wire.cpp.o
                0x00004b2c                TwoWire::flush()
 .text._ZN7TwoWire4peekEv
                0x00004b2e       0x1a D:\SourceTree\Smartflow\Firmware\Smartflow_V3_Firmware_VGDB\Output\Adafruit_Metro_M4__SAMD51_\Debug\libraries\Wire\Wire.cpp.o
                0x00004b2e                TwoWire::peek()
 .text._ZN7TwoWire9availableEv
                0x00004b48       0x12 D:\SourceTree\Smartflow\Firmware\Smartflow_V3_Firmware_VGDB\Output\Adafruit_Metro_M4__SAMD51_\Debug\libraries\Wire\Wire.cpp.o
                0x00004b48                TwoWire::available()
 *fill*         0x00004b5a        0x2 
 .text._ZN7TwoWireC2EP6SERCOMhh
                0x00004b5c       0x5c D:\SourceTree\Smartflow\Firmware\Smartflow_V3_Firmware_VGDB\Output\Adafruit_Metro_M4__SAMD51_\Debug\libraries\Wire\Wire.cpp.o
                0x00004b5c                TwoWire::TwoWire(SERCOM*, unsigned char, unsigned char)
                0x00004b5c                TwoWire::TwoWire(SERCOM*, unsigned char, unsigned char)
 .text._ZN7TwoWire5beginEv
                0x00004bb8       0x40 D:\SourceTree\Smartflow\Firmware\Smartflow_V3_Firmware_VGDB\Output\Adafruit_Metro_M4__SAMD51_\Debug\libraries\Wire\Wire.cpp.o
                0x00004bb8                TwoWire::begin()
 .text._ZN11RingBufferNILi256EE10store_charEh
                0x00004bf8       0x1c D:\SourceTree\Smartflow\Firmware\Smartflow_V3_Firmware_VGDB\Output\Adafruit_Metro_M4__SAMD51_\Debug\libraries\Wire\Wire.cpp.o
                0x00004bf8                RingBufferN<256>::store_char(unsigned char)
 .text._ZN7TwoWire5writeEh
                0x00004c14       0x26 D:\SourceTree\Smartflow\Firmware\Smartflow_V3_Firmware_VGDB\Output\Adafruit_Metro_M4__SAMD51_\Debug\libraries\Wire\Wire.cpp.o
                0x00004c14                TwoWire::write(unsigned char)
 .text._ZN11RingBufferNILi256EE9read_charEv
                0x00004c3a       0x28 D:\SourceTree\Smartflow\Firmware\Smartflow_V3_Firmware_VGDB\Output\Adafruit_Metro_M4__SAMD51_\Debug\libraries\Wire\Wire.cpp.o
                0x00004c3a                RingBufferN<256>::read_char()
 .text._ZN7TwoWire4readEv
                0x00004c62        0xa D:\SourceTree\Smartflow\Firmware\Smartflow_V3_Firmware_VGDB\Output\Adafruit_Metro_M4__SAMD51_\Debug\libraries\Wire\Wire.cpp.o
                0x00004c62                TwoWire::read()
 .text._ZN7TwoWire9onServiceEv
                0x00004c6c      0x10e D:\SourceTree\Smartflow\Firmware\Smartflow_V3_Firmware_VGDB\Output\Adafruit_Metro_M4__SAMD51_\Debug\libraries\Wire\Wire.cpp.o
                0x00004c6c                TwoWire::onService()
 *fill*         0x00004d7a        0x2 
 .text.SERCOM5_0_Handler
                0x00004d7c        0xc D:\SourceTree\Smartflow\Firmware\Smartflow_V3_Firmware_VGDB\Output\Adafruit_Metro_M4__SAMD51_\Debug\libraries\Wire\Wire.cpp.o
                0x00004d7c                SERCOM5_0_Handler
 .text.SERCOM5_1_Handler
                0x00004d88        0x4 D:\SourceTree\Smartflow\Firmware\Smartflow_V3_Firmware_VGDB\Output\Adafruit_Metro_M4__SAMD51_\Debug\libraries\Wire\Wire.cpp.o
                0x00004d88                SERCOM5_1_Handler
 .text.SERCOM5_2_Handler
                0x00004d8c        0x4 D:\SourceTree\Smartflow\Firmware\Smartflow_V3_Firmware_VGDB\Output\Adafruit_Metro_M4__SAMD51_\Debug\libraries\Wire\Wire.cpp.o
                0x00004d8c                SERCOM5_2_Handler
 .text.SERCOM5_3_Handler
                0x00004d90        0x4 D:\SourceTree\Smartflow\Firmware\Smartflow_V3_Firmware_VGDB\Output\Adafruit_Metro_M4__SAMD51_\Debug\libraries\Wire\Wire.cpp.o
                0x00004d90                SERCOM5_3_Handler
 .text.startup._GLOBAL__sub_I__ZN7TwoWireC2EP6SERCOMhh
                0x00004d94       0x14 D:\SourceTree\Smartflow\Firmware\Smartflow_V3_Firmware_VGDB\Output\Adafruit_Metro_M4__SAMD51_\Debug\libraries\Wire\Wire.cpp.o
 .text._ZN8SPIClassC2EP6SERCOMhhh14SercomSpiTXPad11SercomRXPad
                0x00004da8       0x5c D:\SourceTree\Smartflow\Firmware\Smartflow_V3_Firmware_VGDB\Output\Adafruit_Metro_M4__SAMD51_\Debug\libraries\SPI\SPI.cpp.o
                0x00004da8                SPIClass::SPIClass(SERCOM*, unsigned char, unsigned char, unsigned char, SercomSpiTXPad, SercomRXPad)
                0x00004da8                SPIClass::SPIClass(SERCOM*, unsigned char, unsigned char, unsigned char, SercomSpiTXPad, SercomRXPad)
 .text._ZN8SPIClass4initEv
                0x00004e04       0x10 D:\SourceTree\Smartflow\Firmware\Smartflow_V3_Firmware_VGDB\Output\Adafruit_Metro_M4__SAMD51_\Debug\libraries\SPI\SPI.cpp.o
                0x00004e04                SPIClass::init()
 .text._ZN8SPIClass6configE11SPISettings
                0x00004e14       0x3a D:\SourceTree\Smartflow\Firmware\Smartflow_V3_Firmware_VGDB\Output\Adafruit_Metro_M4__SAMD51_\Debug\libraries\SPI\SPI.cpp.o
                0x00004e14                SPIClass::config(SPISettings)
 *fill*         0x00004e4e        0x2 
 .text._ZN8SPIClass5beginEv
                0x00004e50       0x50 D:\SourceTree\Smartflow\Firmware\Smartflow_V3_Firmware_VGDB\Output\Adafruit_Metro_M4__SAMD51_\Debug\libraries\SPI\SPI.cpp.o
                0x00004e50                SPIClass::begin()
 .text._ZN8SPIClass16beginTransactionE11SPISettings
                0x00004ea0       0x3c D:\SourceTree\Smartflow\Firmware\Smartflow_V3_Firmware_VGDB\Output\Adafruit_Metro_M4__SAMD51_\Debug\libraries\SPI\SPI.cpp.o
                0x00004ea0                SPIClass::beginTransaction(SPISettings)
 .text._ZN8SPIClass14endTransactionEv
                0x00004edc       0x20 D:\SourceTree\Smartflow\Firmware\Smartflow_V3_Firmware_VGDB\Output\Adafruit_Metro_M4__SAMD51_\Debug\libraries\SPI\SPI.cpp.o
                0x00004edc                SPIClass::endTransaction()
 .text._ZN8SPIClass8transferEh
                0x00004efc        0x6 D:\SourceTree\Smartflow\Firmware\Smartflow_V3_Firmware_VGDB\Output\Adafruit_Metro_M4__SAMD51_\Debug\libraries\SPI\SPI.cpp.o
                0x00004efc                SPIClass::transfer(unsigned char)
 *fill*         0x00004f02        0x2 
 .text.startup._GLOBAL__sub_I__ZN8SPIClassC2EP6SERCOMhhh14SercomSpiTXPad11SercomRXPad
                0x00004f04       0x3c D:\SourceTree\Smartflow\Firmware\Smartflow_V3_Firmware_VGDB\Output\Adafruit_Metro_M4__SAMD51_\Debug\libraries\SPI\SPI.cpp.o
 .text._ZL22cpu_irq_enter_criticalv
                0x00004f40       0x2c D:\SourceTree\Smartflow\Firmware\Smartflow_V3_Firmware_VGDB\Output\Adafruit_Metro_M4__SAMD51_\Debug\libraries\Adafruit_ZeroDMA\Adafruit_ZeroDMA.cpp.o
 .text._ZL22cpu_irq_leave_criticalv
                0x00004f6c       0x28 D:\SourceTree\Smartflow\Firmware\Smartflow_V3_Firmware_VGDB\Output\Adafruit_Metro_M4__SAMD51_\Debug\libraries\Adafruit_ZeroDMA\Adafruit_ZeroDMA.cpp.o
 .text._ZN16Adafruit_ZeroDMAC2Ev
                0x00004f94       0x1a D:\SourceTree\Smartflow\Firmware\Smartflow_V3_Firmware_VGDB\Output\Adafruit_Metro_M4__SAMD51_\Debug\libraries\Adafruit_ZeroDMA\Adafruit_ZeroDMA.cpp.o
                0x00004f94                Adafruit_ZeroDMA::Adafruit_ZeroDMA()
                0x00004f94                Adafruit_ZeroDMA::Adafruit_ZeroDMA()
 *fill*         0x00004fae        0x2 
 .text._ZN16Adafruit_ZeroDMA11_IRQhandlerEh
                0x00004fb0       0x68 D:\SourceTree\Smartflow\Firmware\Smartflow_V3_Firmware_VGDB\Output\Adafruit_Metro_M4__SAMD51_\Debug\libraries\Adafruit_ZeroDMA\Adafruit_ZeroDMA.cpp.o
                0x00004fb0                Adafruit_ZeroDMA::_IRQhandler(unsigned char)
 .text.DMAC_0_Handler
                0x00005018       0x2c D:\SourceTree\Smartflow\Firmware\Smartflow_V3_Firmware_VGDB\Output\Adafruit_Metro_M4__SAMD51_\Debug\libraries\Adafruit_ZeroDMA\Adafruit_ZeroDMA.cpp.o
                0x00005018                DMAC_4_Handler
                0x00005018                DMAC_2_Handler
                0x00005018                DMAC_1_Handler
                0x00005018                DMAC_3_Handler
                0x00005018                DMAC_0_Handler
 .text._ZN19Adafruit_FlashCacheC2Ev
                0x00005044        0xc D:\SourceTree\Smartflow\Firmware\Smartflow_V3_Firmware_VGDB\Output\Adafruit_Metro_M4__SAMD51_\Debug\libraries\Adafruit_SPIFlash\Adafruit_FlashCache.cpp.o
                0x00005044                Adafruit_FlashCache::Adafruit_FlashCache()
                0x00005044                Adafruit_FlashCache::Adafruit_FlashCache()
 .text._ZN19Adafruit_FlashCache4syncEP17Adafruit_SPIFlash
                0x00005050       0x30 D:\SourceTree\Smartflow\Firmware\Smartflow_V3_Firmware_VGDB\Output\Adafruit_Metro_M4__SAMD51_\Debug\libraries\Adafruit_SPIFlash\Adafruit_FlashCache.cpp.o
                0x00005050                Adafruit_FlashCache::sync(Adafruit_SPIFlash*)
 .text._ZN19Adafruit_FlashCache5writeEP17Adafruit_SPIFlashmPKvm
                0x00005080       0x6a D:\SourceTree\Smartflow\Firmware\Smartflow_V3_Firmware_VGDB\Output\Adafruit_Metro_M4__SAMD51_\Debug\libraries\Adafruit_SPIFlash\Adafruit_FlashCache.cpp.o
                0x00005080                Adafruit_FlashCache::write(Adafruit_SPIFlash*, unsigned long, void const*, unsigned long)
 .text._ZN19Adafruit_FlashCache4readEP17Adafruit_SPIFlashmPhm
                0x000050ea       0x82 D:\SourceTree\Smartflow\Firmware\Smartflow_V3_Firmware_VGDB\Output\Adafruit_Metro_M4__SAMD51_\Debug\libraries\Adafruit_SPIFlash\Adafruit_FlashCache.cpp.o
                0x000050ea                Adafruit_FlashCache::read(Adafruit_SPIFlash*, unsigned long, unsigned char*, unsigned long)
 .text._ZN17Adafruit_SPIFlash9readBlockEmPh
                0x0000516c       0x1a D:\SourceTree\Smartflow\Firmware\Smartflow_V3_Firmware_VGDB\Output\Adafruit_Metro_M4__SAMD51_\Debug\libraries\Adafruit_SPIFlash\Adafruit_SPIFlash.cpp.o
                0x0000516c                Adafruit_SPIFlash::readBlock(unsigned long, unsigned char*)
 .text._ZN17Adafruit_SPIFlash10readBlocksEmPhj
                0x00005186       0x18 D:\SourceTree\Smartflow\Firmware\Smartflow_V3_Firmware_VGDB\Output\Adafruit_Metro_M4__SAMD51_\Debug\libraries\Adafruit_SPIFlash\Adafruit_SPIFlash.cpp.o
                0x00005186                Adafruit_SPIFlash::readBlocks(unsigned long, unsigned char*, unsigned int)
 .text._ZN17Adafruit_SPIFlash10syncBlocksEv
                0x0000519e        0x8 D:\SourceTree\Smartflow\Firmware\Smartflow_V3_Firmware_VGDB\Output\Adafruit_Metro_M4__SAMD51_\Debug\libraries\Adafruit_SPIFlash\Adafruit_SPIFlash.cpp.o
                0x0000519e                Adafruit_SPIFlash::syncBlocks()
 .text._ZN17Adafruit_SPIFlash10writeBlockEmPKh
                0x000051a6       0x1a D:\SourceTree\Smartflow\Firmware\Smartflow_V3_Firmware_VGDB\Output\Adafruit_Metro_M4__SAMD51_\Debug\libraries\Adafruit_SPIFlash\Adafruit_SPIFlash.cpp.o
                0x000051a6                Adafruit_SPIFlash::writeBlock(unsigned long, unsigned char const*)
 .text._ZN17Adafruit_SPIFlash11writeBlocksEmPKhj
                0x000051c0       0x18 D:\SourceTree\Smartflow\Firmware\Smartflow_V3_Firmware_VGDB\Output\Adafruit_Metro_M4__SAMD51_\Debug\libraries\Adafruit_SPIFlash\Adafruit_SPIFlash.cpp.o
                0x000051c0                Adafruit_SPIFlash::writeBlocks(unsigned long, unsigned char const*, unsigned int)
 .text._ZN17Adafruit_SPIFlashC2EP23Adafruit_FlashTransport
                0x000051d8       0x20 D:\SourceTree\Smartflow\Firmware\Smartflow_V3_Firmware_VGDB\Output\Adafruit_Metro_M4__SAMD51_\Debug\libraries\Adafruit_SPIFlash\Adafruit_SPIFlash.cpp.o
                0x000051d8                Adafruit_SPIFlash::Adafruit_SPIFlash(Adafruit_FlashTransport*)
                0x000051d8                Adafruit_SPIFlash::Adafruit_SPIFlash(Adafruit_FlashTransport*)
 .text._ZN17Adafruit_SPIFlash10getJEDECIDEv
                0x000051f8       0x12 D:\SourceTree\Smartflow\Firmware\Smartflow_V3_Firmware_VGDB\Output\Adafruit_Metro_M4__SAMD51_\Debug\libraries\Adafruit_SPIFlash\Adafruit_SPIFlash.cpp.o
                0x000051f8                Adafruit_SPIFlash::getJEDECID()
 .text._ZN17Adafruit_SPIFlash10readStatusEv
                0x0000520a       0x1a D:\SourceTree\Smartflow\Firmware\Smartflow_V3_Firmware_VGDB\Output\Adafruit_Metro_M4__SAMD51_\Debug\libraries\Adafruit_SPIFlash\Adafruit_SPIFlash.cpp.o
                0x0000520a                Adafruit_SPIFlash::readStatus()
 .text._ZN17Adafruit_SPIFlash11readStatus2Ev
                0x00005224       0x1a D:\SourceTree\Smartflow\Firmware\Smartflow_V3_Firmware_VGDB\Output\Adafruit_Metro_M4__SAMD51_\Debug\libraries\Adafruit_SPIFlash\Adafruit_SPIFlash.cpp.o
                0x00005224                Adafruit_SPIFlash::readStatus2()
 .text._ZN17Adafruit_SPIFlash14waitUntilReadyEv
                0x0000523e       0x16 D:\SourceTree\Smartflow\Firmware\Smartflow_V3_Firmware_VGDB\Output\Adafruit_Metro_M4__SAMD51_\Debug\libraries\Adafruit_SPIFlash\Adafruit_SPIFlash.cpp.o
                0x0000523e                Adafruit_SPIFlash::waitUntilReady()
 .text._ZN17Adafruit_SPIFlash11writeEnableEv
                0x00005254        0xa D:\SourceTree\Smartflow\Firmware\Smartflow_V3_Firmware_VGDB\Output\Adafruit_Metro_M4__SAMD51_\Debug\libraries\Adafruit_SPIFlash\Adafruit_SPIFlash.cpp.o
                0x00005254                Adafruit_SPIFlash::writeEnable()
 *fill*         0x0000525e        0x2 
 .text._ZN17Adafruit_SPIFlash5beginEv
                0x00005260      0x120 D:\SourceTree\Smartflow\Firmware\Smartflow_V3_Firmware_VGDB\Output\Adafruit_Metro_M4__SAMD51_\Debug\libraries\Adafruit_SPIFlash\Adafruit_SPIFlash.cpp.o
                0x00005260                Adafruit_SPIFlash::begin()
 .text._ZN17Adafruit_SPIFlash11eraseSectorEm
                0x00005380       0x28 D:\SourceTree\Smartflow\Firmware\Smartflow_V3_Firmware_VGDB\Output\Adafruit_Metro_M4__SAMD51_\Debug\libraries\Adafruit_SPIFlash\Adafruit_SPIFlash.cpp.o
                0x00005380                Adafruit_SPIFlash::eraseSector(unsigned long)
 .text._ZN17Adafruit_SPIFlash10readBufferEmPhm
                0x000053a8       0x28 D:\SourceTree\Smartflow\Firmware\Smartflow_V3_Firmware_VGDB\Output\Adafruit_Metro_M4__SAMD51_\Debug\libraries\Adafruit_SPIFlash\Adafruit_SPIFlash.cpp.o
                0x000053a8                Adafruit_SPIFlash::readBuffer(unsigned long, unsigned char*, unsigned long)
 .text._ZN17Adafruit_SPIFlash11writeBufferEmPKhm
                0x000053d0       0x4e D:\SourceTree\Smartflow\Firmware\Smartflow_V3_Firmware_VGDB\Output\Adafruit_Metro_M4__SAMD51_\Debug\libraries\Adafruit_SPIFlash\Adafruit_SPIFlash.cpp.o
                0x000053d0                Adafruit_SPIFlash::writeBuffer(unsigned long, unsigned char const*, unsigned long)
 .text._ZN28Adafruit_FlashTransport_QSPI15supportQuadModeEv
                0x0000541e        0x4 D:\SourceTree\Smartflow\Firmware\Smartflow_V3_Firmware_VGDB\Output\Adafruit_Metro_M4__SAMD51_\Debug\libraries\Adafruit_SPIFlash\qspi\Adafruit_FlashTransport_QSPI_SAMD.cpp.o
                0x0000541e                Adafruit_FlashTransport_QSPI::supportQuadMode()
 *fill*         0x00005422        0x2 
 .text._ZL40samd_peripherals_disable_and_clear_cachev
                0x00005424       0x20 D:\SourceTree\Smartflow\Firmware\Smartflow_V3_Firmware_VGDB\Output\Adafruit_Metro_M4__SAMD51_\Debug\libraries\Adafruit_SPIFlash\qspi\Adafruit_FlashTransport_QSPI_SAMD.cpp.o
 .text._ZN28Adafruit_FlashTransport_QSPI13setClockSpeedEm
                0x00005444       0x1c D:\SourceTree\Smartflow\Firmware\Smartflow_V3_Firmware_VGDB\Output\Adafruit_Metro_M4__SAMD51_\Debug\libraries\Adafruit_SPIFlash\qspi\Adafruit_FlashTransport_QSPI_SAMD.cpp.o
                0x00005444                Adafruit_FlashTransport_QSPI::setClockSpeed(unsigned long)
 .text._ZN28Adafruit_FlashTransport_QSPI5beginEv
                0x00005460       0x80 D:\SourceTree\Smartflow\Firmware\Smartflow_V3_Firmware_VGDB\Output\Adafruit_Metro_M4__SAMD51_\Debug\libraries\Adafruit_SPIFlash\qspi\Adafruit_FlashTransport_QSPI_SAMD.cpp.o
                0x00005460                Adafruit_FlashTransport_QSPI::begin()
 .text._ZL16_run_instructionhmmPhm
                0x000054e0       0x58 D:\SourceTree\Smartflow\Firmware\Smartflow_V3_Firmware_VGDB\Output\Adafruit_Metro_M4__SAMD51_\Debug\libraries\Adafruit_SPIFlash\qspi\Adafruit_FlashTransport_QSPI_SAMD.cpp.o
 .text._ZN28Adafruit_FlashTransport_QSPI10runCommandEh
                0x00005538       0x18 D:\SourceTree\Smartflow\Firmware\Smartflow_V3_Firmware_VGDB\Output\Adafruit_Metro_M4__SAMD51_\Debug\libraries\Adafruit_SPIFlash\qspi\Adafruit_FlashTransport_QSPI_SAMD.cpp.o
                0x00005538                Adafruit_FlashTransport_QSPI::runCommand(unsigned char)
 .text._ZN28Adafruit_FlashTransport_QSPI11readCommandEhPhm
                0x00005550       0x2c D:\SourceTree\Smartflow\Firmware\Smartflow_V3_Firmware_VGDB\Output\Adafruit_Metro_M4__SAMD51_\Debug\libraries\Adafruit_SPIFlash\qspi\Adafruit_FlashTransport_QSPI_SAMD.cpp.o
                0x00005550                Adafruit_FlashTransport_QSPI::readCommand(unsigned char, unsigned char*, unsigned long)
 .text._ZN28Adafruit_FlashTransport_QSPI12writeCommandEhPKhm
                0x0000557c       0x38 D:\SourceTree\Smartflow\Firmware\Smartflow_V3_Firmware_VGDB\Output\Adafruit_Metro_M4__SAMD51_\Debug\libraries\Adafruit_SPIFlash\qspi\Adafruit_FlashTransport_QSPI_SAMD.cpp.o
                0x0000557c                Adafruit_FlashTransport_QSPI::writeCommand(unsigned char, unsigned char const*, unsigned long)
 .text._ZN28Adafruit_FlashTransport_QSPI12eraseCommandEhm
                0x000055b4       0x18 D:\SourceTree\Smartflow\Firmware\Smartflow_V3_Firmware_VGDB\Output\Adafruit_Metro_M4__SAMD51_\Debug\libraries\Adafruit_SPIFlash\qspi\Adafruit_FlashTransport_QSPI_SAMD.cpp.o
                0x000055b4                Adafruit_FlashTransport_QSPI::eraseCommand(unsigned char, unsigned long)
 .text._ZN28Adafruit_FlashTransport_QSPI10readMemoryEmPhm
                0x000055cc       0x30 D:\SourceTree\Smartflow\Firmware\Smartflow_V3_Firmware_VGDB\Output\Adafruit_Metro_M4__SAMD51_\Debug\libraries\Adafruit_SPIFlash\qspi\Adafruit_FlashTransport_QSPI_SAMD.cpp.o
                0x000055cc                Adafruit_FlashTransport_QSPI::readMemory(unsigned long, unsigned char*, unsigned long)
 .text._ZN28Adafruit_FlashTransport_QSPI11writeMemoryEmPKhm
                0x000055fc       0x30 D:\SourceTree\Smartflow\Firmware\Smartflow_V3_Firmware_VGDB\Output\Adafruit_Metro_M4__SAMD51_\Debug\libraries\Adafruit_SPIFlash\qspi\Adafruit_FlashTransport_QSPI_SAMD.cpp.o
                0x000055fc                Adafruit_FlashTransport_QSPI::writeMemory(unsigned long, unsigned char const*, unsigned long)
 .text._ZN28Adafruit_FlashTransport_QSPIC2Eaaaaaa
                0x0000562c       0x24 D:\SourceTree\Smartflow\Firmware\Smartflow_V3_Firmware_VGDB\Output\Adafruit_Metro_M4__SAMD51_\Debug\libraries\Adafruit_SPIFlash\qspi\Adafruit_FlashTransport_QSPI_SAMD.cpp.o
                0x0000562c                Adafruit_FlashTransport_QSPI::Adafruit_FlashTransport_QSPI(signed char, signed char, signed char, signed char, signed char, signed char)
                0x0000562c                Adafruit_FlashTransport_QSPI::Adafruit_FlashTransport_QSPI(signed char, signed char, signed char, signed char, signed char, signed char)
 .text._ZN9LoRaClass5writeEh
                0x00005650       0x16 D:\SourceTree\Smartflow\Firmware\Smartflow_V3_Firmware_VGDB\Output\Adafruit_Metro_M4__SAMD51_\Debug\libraries\LoRa\LoRa.cpp.o
                0x00005650                LoRaClass::write(unsigned char)
 .text._ZN9LoRaClass5flushEv
                0x00005666        0x2 D:\SourceTree\Smartflow\Firmware\Smartflow_V3_Firmware_VGDB\Output\Adafruit_Metro_M4__SAMD51_\Debug\libraries\LoRa\LoRa.cpp.o
                0x00005666                LoRaClass::flush()
 .text._ZN9LoRaClassC2Ev
                0x00005668       0x48 D:\SourceTree\Smartflow\Firmware\Smartflow_V3_Firmware_VGDB\Output\Adafruit_Metro_M4__SAMD51_\Debug\libraries\LoRa\LoRa.cpp.o
                0x00005668                LoRaClass::LoRaClass()
                0x00005668                LoRaClass::LoRaClass()
 .text._ZN9LoRaClass14singleTransferEhh
                0x000056b0       0x42 D:\SourceTree\Smartflow\Firmware\Smartflow_V3_Firmware_VGDB\Output\Adafruit_Metro_M4__SAMD51_\Debug\libraries\LoRa\LoRa.cpp.o
                0x000056b0                LoRaClass::singleTransfer(unsigned char, unsigned char)
 .text._ZN9LoRaClass12readRegisterEh
                0x000056f2        0xa D:\SourceTree\Smartflow\Firmware\Smartflow_V3_Firmware_VGDB\Output\Adafruit_Metro_M4__SAMD51_\Debug\libraries\LoRa\LoRa.cpp.o
                0x000056f2                LoRaClass::readRegister(unsigned char)
 .text._ZN9LoRaClass9availableEv
                0x000056fc       0x10 D:\SourceTree\Smartflow\Firmware\Smartflow_V3_Firmware_VGDB\Output\Adafruit_Metro_M4__SAMD51_\Debug\libraries\LoRa\LoRa.cpp.o
                0x000056fc                LoRaClass::available()
 .text._ZN9LoRaClass4readEv
                0x0000570c       0x22 D:\SourceTree\Smartflow\Firmware\Smartflow_V3_Firmware_VGDB\Output\Adafruit_Metro_M4__SAMD51_\Debug\libraries\LoRa\LoRa.cpp.o
                0x0000570c                LoRaClass::read()
 *fill*         0x0000572e        0x2 
 .text._ZN9LoRaClass13dumpRegistersER6Stream
                0x00005730       0x50 D:\SourceTree\Smartflow\Firmware\Smartflow_V3_Firmware_VGDB\Output\Adafruit_Metro_M4__SAMD51_\Debug\libraries\LoRa\LoRa.cpp.o
                0x00005730                LoRaClass::dumpRegisters(Stream&)
 .text._ZN9LoRaClass5writeEPKhj
                0x00005780       0x44 D:\SourceTree\Smartflow\Firmware\Smartflow_V3_Firmware_VGDB\Output\Adafruit_Metro_M4__SAMD51_\Debug\libraries\LoRa\LoRa.cpp.o
                0x00005780                LoRaClass::write(unsigned char const*, unsigned int)
 .text._ZN9LoRaClass4peekEv
                0x000057c4       0x34 D:\SourceTree\Smartflow\Firmware\Smartflow_V3_Firmware_VGDB\Output\Adafruit_Metro_M4__SAMD51_\Debug\libraries\LoRa\LoRa.cpp.o
                0x000057c4                LoRaClass::peek()
 .text._ZN9LoRaClass4idleEv
                0x000057f8        0x8 D:\SourceTree\Smartflow\Firmware\Smartflow_V3_Firmware_VGDB\Output\Adafruit_Metro_M4__SAMD51_\Debug\libraries\LoRa\LoRa.cpp.o
                0x000057f8                LoRaClass::idle()
 .text._ZN9LoRaClass5sleepEv
                0x00005800        0x8 D:\SourceTree\Smartflow\Firmware\Smartflow_V3_Firmware_VGDB\Output\Adafruit_Metro_M4__SAMD51_\Debug\libraries\LoRa\LoRa.cpp.o
                0x00005800                LoRaClass::sleep()
 .text._ZN9LoRaClass12setFrequencyEl
                0x00005808       0x44 D:\SourceTree\Smartflow\Firmware\Smartflow_V3_Firmware_VGDB\Output\Adafruit_Metro_M4__SAMD51_\Debug\libraries\LoRa\LoRa.cpp.o
                0x00005808                LoRaClass::setFrequency(long)
 .text._ZN9LoRaClass6setOCPEh
                0x0000584c       0x2e D:\SourceTree\Smartflow\Firmware\Smartflow_V3_Firmware_VGDB\Output\Adafruit_Metro_M4__SAMD51_\Debug\libraries\LoRa\LoRa.cpp.o
                0x0000584c                LoRaClass::setOCP(unsigned char)
 .text._ZN9LoRaClass10setTxPowerEii.part.1
                0x0000587a       0x48 D:\SourceTree\Smartflow\Firmware\Smartflow_V3_Firmware_VGDB\Output\Adafruit_Metro_M4__SAMD51_\Debug\libraries\LoRa\LoRa.cpp.o
 .text._ZN9LoRaClass5beginEl
                0x000058c2       0xa8 D:\SourceTree\Smartflow\Firmware\Smartflow_V3_Firmware_VGDB\Output\Adafruit_Metro_M4__SAMD51_\Debug\libraries\LoRa\LoRa.cpp.o
                0x000058c2                LoRaClass::begin(long)
 *fill*         0x0000596a        0x2 
 .text.startup._GLOBAL__sub_I__ZN9LoRaClassC2Ev
                0x0000596c        0xc D:\SourceTree\Smartflow\Firmware\Smartflow_V3_Firmware_VGDB\Output\Adafruit_Metro_M4__SAMD51_\Debug\libraries\LoRa\LoRa.cpp.o
 .text.SERCOM3_0_Handler
                0x00005978        0xc D:\SourceTree\Smartflow\Firmware\Smartflow_V3_Firmware_VGDB\Output\Adafruit_Metro_M4__SAMD51_\Debug\core\variant.cpp.o
                0x00005978                SERCOM3_0_Handler
 .text.SERCOM3_1_Handler
                0x00005984        0x4 D:\SourceTree\Smartflow\Firmware\Smartflow_V3_Firmware_VGDB\Output\Adafruit_Metro_M4__SAMD51_\Debug\core\variant.cpp.o
                0x00005984                SERCOM3_1_Handler
 .text.SERCOM3_2_Handler
                0x00005988        0x4 D:\SourceTree\Smartflow\Firmware\Smartflow_V3_Firmware_VGDB\Output\Adafruit_Metro_M4__SAMD51_\Debug\core\variant.cpp.o
                0x00005988                SERCOM3_2_Handler
 .text.SERCOM3_3_Handler
                0x0000598c        0x4 D:\SourceTree\Smartflow\Firmware\Smartflow_V3_Firmware_VGDB\Output\Adafruit_Metro_M4__SAMD51_\Debug\core\variant.cpp.o
                0x0000598c                SERCOM3_3_Handler
 .text.SERCOM0_0_Handler
                0x00005990        0xc D:\SourceTree\Smartflow\Firmware\Smartflow_V3_Firmware_VGDB\Output\Adafruit_Metro_M4__SAMD51_\Debug\core\variant.cpp.o
                0x00005990                SERCOM0_0_Handler
 .text.SERCOM0_1_Handler
                0x0000599c        0x4 D:\SourceTree\Smartflow\Firmware\Smartflow_V3_Firmware_VGDB\Output\Adafruit_Metro_M4__SAMD51_\Debug\core\variant.cpp.o
                0x0000599c                SERCOM0_1_Handler
 .text.SERCOM0_2_Handler
                0x000059a0        0x4 D:\SourceTree\Smartflow\Firmware\Smartflow_V3_Firmware_VGDB\Output\Adafruit_Metro_M4__SAMD51_\Debug\core\variant.cpp.o
                0x000059a0                SERCOM0_2_Handler
 .text.SERCOM0_3_Handler
                0x000059a4        0x4 D:\SourceTree\Smartflow\Firmware\Smartflow_V3_Firmware_VGDB\Output\Adafruit_Metro_M4__SAMD51_\Debug\core\variant.cpp.o
                0x000059a4                SERCOM0_3_Handler
 .text.startup._GLOBAL__sub_I_g_APinDescription
                0x000059a8       0x94 D:\SourceTree\Smartflow\Firmware\Smartflow_V3_Firmware_VGDB\Output\Adafruit_Metro_M4__SAMD51_\Debug\core\variant.cpp.o
 .text._ZN5Print5writeEPKhj
                0x00005a3c       0x2c D:\SourceTree\Smartflow\Firmware\Smartflow_V3_Firmware_VGDB\Output\Adafruit_Metro_M4__SAMD51_\Debug/core\core.a(Print.cpp.o)
                0x00005a3c                Print::write(unsigned char const*, unsigned int)
 .text._ZN5Print5writeEPKc.part.2
                0x00005a68       0x1c D:\SourceTree\Smartflow\Firmware\Smartflow_V3_Firmware_VGDB\Output\Adafruit_Metro_M4__SAMD51_\Debug/core\core.a(Print.cpp.o)
 .text._ZN5Print5writeEPKc
                0x00005a84        0xa D:\SourceTree\Smartflow\Firmware\Smartflow_V3_Firmware_VGDB\Output\Adafruit_Metro_M4__SAMD51_\Debug/core\core.a(Print.cpp.o)
                0x00005a84                Print::write(char const*)
 .text._ZN5Print5printERK6String
                0x00005a8e        0xa D:\SourceTree\Smartflow\Firmware\Smartflow_V3_Firmware_VGDB\Output\Adafruit_Metro_M4__SAMD51_\Debug/core\core.a(Print.cpp.o)
                0x00005a8e                Print::print(String const&)
 .text._ZN5Print5printEPKc
                0x00005a98        0x8 D:\SourceTree\Smartflow\Firmware\Smartflow_V3_Firmware_VGDB\Output\Adafruit_Metro_M4__SAMD51_\Debug/core\core.a(Print.cpp.o)
                0x00005a98                Print::print(char const*)
 .text._ZN5Print5printEc
                0x00005aa0        0x6 D:\SourceTree\Smartflow\Firmware\Smartflow_V3_Firmware_VGDB\Output\Adafruit_Metro_M4__SAMD51_\Debug/core\core.a(Print.cpp.o)
                0x00005aa0                Print::print(char)
 *fill*         0x00005aa6        0x2 
 .text._ZN5Print7printlnEv
                0x00005aa8        0xc D:\SourceTree\Smartflow\Firmware\Smartflow_V3_Firmware_VGDB\Output\Adafruit_Metro_M4__SAMD51_\Debug/core\core.a(Print.cpp.o)
                0x00005aa8                Print::println()
 .text._ZN5Print7printlnERK6String
                0x00005ab4       0x14 D:\SourceTree\Smartflow\Firmware\Smartflow_V3_Firmware_VGDB\Output\Adafruit_Metro_M4__SAMD51_\Debug/core\core.a(Print.cpp.o)
                0x00005ab4                Print::println(String const&)
 .text._ZN5Print7printlnEPKc
                0x00005ac8       0x14 D:\SourceTree\Smartflow\Firmware\Smartflow_V3_Firmware_VGDB\Output\Adafruit_Metro_M4__SAMD51_\Debug/core\core.a(Print.cpp.o)
                0x00005ac8                Print::println(char const*)
 .text._ZN5Print11printNumberEmh
                0x00005adc       0x3a D:\SourceTree\Smartflow\Firmware\Smartflow_V3_Firmware_VGDB\Output\Adafruit_Metro_M4__SAMD51_\Debug/core\core.a(Print.cpp.o)
                0x00005adc                Print::printNumber(unsigned long, unsigned char)
 .text._ZN5Print5printEli
                0x00005b16       0x44 D:\SourceTree\Smartflow\Firmware\Smartflow_V3_Firmware_VGDB\Output\Adafruit_Metro_M4__SAMD51_\Debug/core\core.a(Print.cpp.o)
                0x00005b16                Print::print(long, int)
 .text._ZN5Print5printEii
                0x00005b5a        0x4 D:\SourceTree\Smartflow\Firmware\Smartflow_V3_Firmware_VGDB\Output\Adafruit_Metro_M4__SAMD51_\Debug/core\core.a(Print.cpp.o)
                0x00005b5a                Print::print(int, int)
 .text._ZN5Print7printlnEii
                0x00005b5e       0x14 D:\SourceTree\Smartflow\Firmware\Smartflow_V3_Firmware_VGDB\Output\Adafruit_Metro_M4__SAMD51_\Debug/core\core.a(Print.cpp.o)
                0x00005b5e                Print::println(int, int)
 .text._ZN5Print5printEmi
                0x00005b72       0x1a D:\SourceTree\Smartflow\Firmware\Smartflow_V3_Firmware_VGDB\Output\Adafruit_Metro_M4__SAMD51_\Debug/core\core.a(Print.cpp.o)
                0x00005b72                Print::print(unsigned long, int)
 .text._ZN5Print7printlnEhi
                0x00005b8c       0x14 D:\SourceTree\Smartflow\Firmware\Smartflow_V3_Firmware_VGDB\Output\Adafruit_Metro_M4__SAMD51_\Debug/core\core.a(Print.cpp.o)
                0x00005b8c                Print::println(unsigned char, int)
 .text._ZN6SERCOMC2EP6Sercom
                0x00005ba0        0x8 D:\SourceTree\Smartflow\Firmware\Smartflow_V3_Firmware_VGDB\Output\Adafruit_Metro_M4__SAMD51_\Debug/core\core.a(SERCOM.cpp.o)
                0x00005ba0                SERCOM::SERCOM(Sercom*)
                0x00005ba0                SERCOM::SERCOM(Sercom*)
 .text._ZN6SERCOM9initFrameE18SercomUartCharSize15SercomDataOrder16SercomParityMode19SercomNumberStopBit
                0x00005ba8       0x38 D:\SourceTree\Smartflow\Firmware\Smartflow_V3_Firmware_VGDB\Output\Adafruit_Metro_M4__SAMD51_\Debug/core\core.a(SERCOM.cpp.o)
                0x00005ba8                SERCOM::initFrame(SercomUartCharSize, SercomDataOrder, SercomParityMode, SercomNumberStopBit)
 .text._ZN6SERCOM8initPadsE15SercomUartTXPad11SercomRXPad
                0x00005be0       0x24 D:\SourceTree\Smartflow\Firmware\Smartflow_V3_Firmware_VGDB\Output\Adafruit_Metro_M4__SAMD51_\Debug/core\core.a(SERCOM.cpp.o)
                0x00005be0                SERCOM::initPads(SercomUartTXPad, SercomRXPad)
 .text._ZN6SERCOM9resetUARTEv
                0x00005c04       0x1a D:\SourceTree\Smartflow\Firmware\Smartflow_V3_Firmware_VGDB\Output\Adafruit_Metro_M4__SAMD51_\Debug/core\core.a(SERCOM.cpp.o)
                0x00005c04                SERCOM::resetUART()
 .text._ZN6SERCOM10enableUARTEv
                0x00005c1e       0x14 D:\SourceTree\Smartflow\Firmware\Smartflow_V3_Firmware_VGDB\Output\Adafruit_Metro_M4__SAMD51_\Debug/core\core.a(SERCOM.cpp.o)
                0x00005c1e                SERCOM::enableUART()
 .text._ZN6SERCOM9flushUARTEv
                0x00005c32       0x14 D:\SourceTree\Smartflow\Firmware\Smartflow_V3_Firmware_VGDB\Output\Adafruit_Metro_M4__SAMD51_\Debug/core\core.a(SERCOM.cpp.o)
                0x00005c32                SERCOM::flushUART()
 .text._ZN6SERCOM15clearStatusUARTEv
                0x00005c46        0x8 D:\SourceTree\Smartflow\Firmware\Smartflow_V3_Firmware_VGDB\Output\Adafruit_Metro_M4__SAMD51_\Debug/core\core.a(SERCOM.cpp.o)
                0x00005c46                SERCOM::clearStatusUART()
 .text._ZN6SERCOM17availableDataUARTEv
                0x00005c4e        0xa D:\SourceTree\Smartflow\Firmware\Smartflow_V3_Firmware_VGDB\Output\Adafruit_Metro_M4__SAMD51_\Debug/core\core.a(SERCOM.cpp.o)
                0x00005c4e                SERCOM::availableDataUART()
 .text._ZN6SERCOM11isUARTErrorEv
                0x00005c58        0x8 D:\SourceTree\Smartflow\Firmware\Smartflow_V3_Firmware_VGDB\Output\Adafruit_Metro_M4__SAMD51_\Debug/core\core.a(SERCOM.cpp.o)
                0x00005c58                SERCOM::isUARTError()
 .text._ZN6SERCOM20acknowledgeUARTErrorEv
                0x00005c60        0xc D:\SourceTree\Smartflow\Firmware\Smartflow_V3_Firmware_VGDB\Output\Adafruit_Metro_M4__SAMD51_\Debug/core\core.a(SERCOM.cpp.o)
                0x00005c60                SERCOM::acknowledgeUARTError()
 .text._ZN6SERCOM16isFrameErrorUARTEv
                0x00005c6c        0xa D:\SourceTree\Smartflow\Firmware\Smartflow_V3_Firmware_VGDB\Output\Adafruit_Metro_M4__SAMD51_\Debug/core\core.a(SERCOM.cpp.o)
                0x00005c6c                SERCOM::isFrameErrorUART()
 .text._ZN6SERCOM19clearFrameErrorUARTEv
                0x00005c76        0xc D:\SourceTree\Smartflow\Firmware\Smartflow_V3_Firmware_VGDB\Output\Adafruit_Metro_M4__SAMD51_\Debug/core\core.a(SERCOM.cpp.o)
                0x00005c76                SERCOM::clearFrameErrorUART()
 .text._ZN6SERCOM23isDataRegisterEmptyUARTEv
                0x00005c82        0xa D:\SourceTree\Smartflow\Firmware\Smartflow_V3_Firmware_VGDB\Output\Adafruit_Metro_M4__SAMD51_\Debug/core\core.a(SERCOM.cpp.o)
                0x00005c82                SERCOM::isDataRegisterEmptyUART()
 .text._ZN6SERCOM12readDataUARTEv
                0x00005c8c        0x8 D:\SourceTree\Smartflow\Firmware\Smartflow_V3_Firmware_VGDB\Output\Adafruit_Metro_M4__SAMD51_\Debug/core\core.a(SERCOM.cpp.o)
                0x00005c8c                SERCOM::readDataUART()
 .text._ZN6SERCOM13writeDataUARTEh
                0x00005c94        0xe D:\SourceTree\Smartflow\Firmware\Smartflow_V3_Firmware_VGDB\Output\Adafruit_Metro_M4__SAMD51_\Debug/core\core.a(SERCOM.cpp.o)
                0x00005c94                SERCOM::writeDataUART(unsigned char)
 .text._ZN6SERCOM36enableDataRegisterEmptyInterruptUARTEv
                0x00005ca2        0x8 D:\SourceTree\Smartflow\Firmware\Smartflow_V3_Firmware_VGDB\Output\Adafruit_Metro_M4__SAMD51_\Debug/core\core.a(SERCOM.cpp.o)
                0x00005ca2                SERCOM::enableDataRegisterEmptyInterruptUART()
 .text._ZN6SERCOM37disableDataRegisterEmptyInterruptUARTEv
                0x00005caa        0x8 D:\SourceTree\Smartflow\Firmware\Smartflow_V3_Firmware_VGDB\Output\Adafruit_Metro_M4__SAMD51_\Debug/core\core.a(SERCOM.cpp.o)
                0x00005caa                SERCOM::disableDataRegisterEmptyInterruptUART()
 .text._ZN6SERCOM8resetSPIEv
                0x00005cb2       0x1a D:\SourceTree\Smartflow\Firmware\Smartflow_V3_Firmware_VGDB\Output\Adafruit_Metro_M4__SAMD51_\Debug/core\core.a(SERCOM.cpp.o)
                0x00005cb2                SERCOM::resetSPI()
 .text._ZN6SERCOM9enableSPIEv
                0x00005ccc       0x14 D:\SourceTree\Smartflow\Firmware\Smartflow_V3_Firmware_VGDB\Output\Adafruit_Metro_M4__SAMD51_\Debug/core\core.a(SERCOM.cpp.o)
                0x00005ccc                SERCOM::enableSPI()
 .text._ZN6SERCOM10disableSPIEv
                0x00005ce0       0x16 D:\SourceTree\Smartflow\Firmware\Smartflow_V3_Firmware_VGDB\Output\Adafruit_Metro_M4__SAMD51_\Debug/core\core.a(SERCOM.cpp.o)
                0x00005ce0                SERCOM::disableSPI()
 .text._ZN6SERCOM15transferDataSPIEh
                0x00005cf6       0x12 D:\SourceTree\Smartflow\Firmware\Smartflow_V3_Firmware_VGDB\Output\Adafruit_Metro_M4__SAMD51_\Debug/core\core.a(SERCOM.cpp.o)
                0x00005cf6                SERCOM::transferDataSPI(unsigned char)
 .text._ZN6SERCOM28calculateBaudrateSynchronousEm
                0x00005d08       0x14 D:\SourceTree\Smartflow\Firmware\Smartflow_V3_Firmware_VGDB\Output\Adafruit_Metro_M4__SAMD51_\Debug/core\core.a(SERCOM.cpp.o)
                0x00005d08                SERCOM::calculateBaudrateSynchronous(unsigned long)
 .text._ZN6SERCOM12initSPIClockE18SercomSpiClockModem
                0x00005d1c       0x24 D:\SourceTree\Smartflow\Firmware\Smartflow_V3_Firmware_VGDB\Output\Adafruit_Metro_M4__SAMD51_\Debug/core\core.a(SERCOM.cpp.o)
                0x00005d1c                SERCOM::initSPIClock(SercomSpiClockMode, unsigned long)
 .text._ZN6SERCOM9resetWIREEv
                0x00005d40       0x1a D:\SourceTree\Smartflow\Firmware\Smartflow_V3_Firmware_VGDB\Output\Adafruit_Metro_M4__SAMD51_\Debug/core\core.a(SERCOM.cpp.o)
                0x00005d40                SERCOM::resetWIRE()
 .text._ZN6SERCOM10enableWIREEv
                0x00005d5a       0x26 D:\SourceTree\Smartflow\Firmware\Smartflow_V3_Firmware_VGDB\Output\Adafruit_Metro_M4__SAMD51_\Debug/core\core.a(SERCOM.cpp.o)
                0x00005d5a                SERCOM::enableWIRE()
 .text._ZN6SERCOM18prepareNackBitWIREEv
                0x00005d80        0xe D:\SourceTree\Smartflow\Firmware\Smartflow_V3_Firmware_VGDB\Output\Adafruit_Metro_M4__SAMD51_\Debug/core\core.a(SERCOM.cpp.o)
                0x00005d80                SERCOM::prepareNackBitWIRE()
 .text._ZN6SERCOM17prepareAckBitWIREEv
                0x00005d8e        0xe D:\SourceTree\Smartflow\Firmware\Smartflow_V3_Firmware_VGDB\Output\Adafruit_Metro_M4__SAMD51_\Debug/core\core.a(SERCOM.cpp.o)
                0x00005d8e                SERCOM::prepareAckBitWIRE()
 .text._ZN6SERCOM22prepareCommandBitsWireEh
                0x00005d9c       0x24 D:\SourceTree\Smartflow\Firmware\Smartflow_V3_Firmware_VGDB\Output\Adafruit_Metro_M4__SAMD51_\Debug/core\core.a(SERCOM.cpp.o)
                0x00005d9c                SERCOM::prepareCommandBitsWire(unsigned char)
 .text._ZN6SERCOM17sendDataSlaveWIREEh
                0x00005dc0       0x1a D:\SourceTree\Smartflow\Firmware\Smartflow_V3_Firmware_VGDB\Output\Adafruit_Metro_M4__SAMD51_\Debug/core\core.a(SERCOM.cpp.o)
                0x00005dc0                SERCOM::sendDataSlaveWIRE(unsigned char)
 .text._ZN6SERCOM11isSlaveWIREEv
                0x00005dda       0x10 D:\SourceTree\Smartflow\Firmware\Smartflow_V3_Firmware_VGDB\Output\Adafruit_Metro_M4__SAMD51_\Debug/core\core.a(SERCOM.cpp.o)
                0x00005dda                SERCOM::isSlaveWIRE()
 .text._ZN6SERCOM15isDataReadyWIREEv
                0x00005dea        0xa D:\SourceTree\Smartflow\Firmware\Smartflow_V3_Firmware_VGDB\Output\Adafruit_Metro_M4__SAMD51_\Debug/core\core.a(SERCOM.cpp.o)
                0x00005dea                SERCOM::isDataReadyWIRE()
 .text._ZN6SERCOM18isStopDetectedWIREEv
                0x00005df4        0xa D:\SourceTree\Smartflow\Firmware\Smartflow_V3_Firmware_VGDB\Output\Adafruit_Metro_M4__SAMD51_\Debug/core\core.a(SERCOM.cpp.o)
                0x00005df4                SERCOM::isStopDetectedWIRE()
 .text._ZN6SERCOM21isRestartDetectedWIREEv
                0x00005dfe        0xa D:\SourceTree\Smartflow\Firmware\Smartflow_V3_Firmware_VGDB\Output\Adafruit_Metro_M4__SAMD51_\Debug/core\core.a(SERCOM.cpp.o)
                0x00005dfe                SERCOM::isRestartDetectedWIRE()
 .text._ZN6SERCOM14isAddressMatchEv
                0x00005e08        0xa D:\SourceTree\Smartflow\Firmware\Smartflow_V3_Firmware_VGDB\Output\Adafruit_Metro_M4__SAMD51_\Debug/core\core.a(SERCOM.cpp.o)
                0x00005e08                SERCOM::isAddressMatch()
 .text._ZN6SERCOM25isMasterReadOperationWIREEv
                0x00005e12        0xa D:\SourceTree\Smartflow\Firmware\Smartflow_V3_Firmware_VGDB\Output\Adafruit_Metro_M4__SAMD51_\Debug/core\core.a(SERCOM.cpp.o)
                0x00005e12                SERCOM::isMasterReadOperationWIRE()
 .text._ZN6SERCOM12readDataWIREEv
                0x00005e1c       0x18 D:\SourceTree\Smartflow\Firmware\Smartflow_V3_Firmware_VGDB\Output\Adafruit_Metro_M4__SAMD51_\Debug/core\core.a(SERCOM.cpp.o)
                0x00005e1c                SERCOM::readDataWIRE()
 .text._ZN6SERCOM14getSercomIndexEv
                0x00005e34       0x58 D:\SourceTree\Smartflow\Firmware\Smartflow_V3_Firmware_VGDB\Output\Adafruit_Metro_M4__SAMD51_\Debug/core\core.a(SERCOM.cpp.o)
                0x00005e34                SERCOM::getSercomIndex()
 .text._ZN6SERCOM14setClockSourceEa17SercomClockSourceb
                0x00005e8c       0xc0 D:\SourceTree\Smartflow\Firmware\Smartflow_V3_Firmware_VGDB\Output\Adafruit_Metro_M4__SAMD51_\Debug/core\core.a(SERCOM.cpp.o)
                0x00005e8c                SERCOM::setClockSource(signed char, SercomClockSource, bool)
 .text._ZN6SERCOM13initClockNVICEv
                0x00005f4c       0x98 D:\SourceTree\Smartflow\Firmware\Smartflow_V3_Firmware_VGDB\Output\Adafruit_Metro_M4__SAMD51_\Debug/core\core.a(SERCOM.cpp.o)
                0x00005f4c                SERCOM::initClockNVIC()
 .text._ZN6SERCOM8initUARTE14SercomUartMode20SercomUartSampleRatem
                0x00005fe4       0x64 D:\SourceTree\Smartflow\Firmware\Smartflow_V3_Firmware_VGDB\Output\Adafruit_Metro_M4__SAMD51_\Debug/core\core.a(SERCOM.cpp.o)
                0x00005fe4                SERCOM::initUART(SercomUartMode, SercomUartSampleRate, unsigned long)
 .text._ZN6SERCOM7initSPIE14SercomSpiTXPad11SercomRXPad17SercomSpiCharSize15SercomDataOrder
                0x00006048       0x46 D:\SourceTree\Smartflow\Firmware\Smartflow_V3_Firmware_VGDB\Output\Adafruit_Metro_M4__SAMD51_\Debug/core\core.a(SERCOM.cpp.o)
                0x00006048                SERCOM::initSPI(SercomSpiTXPad, SercomRXPad, SercomSpiCharSize, SercomDataOrder)
 *fill*         0x0000608e        0x2 
 .text._ZN6SERCOM14initMasterWIREEm
                0x00006090       0x34 D:\SourceTree\Smartflow\Firmware\Smartflow_V3_Firmware_VGDB\Output\Adafruit_Metro_M4__SAMD51_\Debug/core\core.a(SERCOM.cpp.o)
                0x00006090                SERCOM::initMasterWIRE(unsigned long)
 .text._ZN6Stream10setTimeoutEm
                0x000060c4        0x4 D:\SourceTree\Smartflow\Firmware\Smartflow_V3_Firmware_VGDB\Output\Adafruit_Metro_M4__SAMD51_\Debug/core\core.a(Stream.cpp.o)
                0x000060c4                Stream::setTimeout(unsigned long)
 .text._ZN7Serial_17availableForWriteEv
                0x000060c8        0x4 D:\SourceTree\Smartflow\Firmware\Smartflow_V3_Firmware_VGDB\Output\Adafruit_Metro_M4__SAMD51_\Debug/core\core.a(CDC.cpp.o)
                0x000060c8                Serial_::availableForWrite()
 .text._ZN7Serial_5writeEh
                0x000060cc       0x16 D:\SourceTree\Smartflow\Firmware\Smartflow_V3_Firmware_VGDB\Output\Adafruit_Metro_M4__SAMD51_\Debug/core\core.a(CDC.cpp.o)
                0x000060cc                Serial_::write(unsigned char)
 .text._ZN7Serial_9availableEv
                0x000060e2        0x8 D:\SourceTree\Smartflow\Firmware\Smartflow_V3_Firmware_VGDB\Output\Adafruit_Metro_M4__SAMD51_\Debug/core\core.a(CDC.cpp.o)
                0x000060e2                Serial_::available()
 .text._ZN7Serial_5flushEv
                0x000060ea        0x8 D:\SourceTree\Smartflow\Firmware\Smartflow_V3_Firmware_VGDB\Output\Adafruit_Metro_M4__SAMD51_\Debug/core\core.a(CDC.cpp.o)
                0x000060ea                Serial_::flush()
 *fill*         0x000060f2        0x2 
 .text._ZN7Serial_5writeEPKhj
                0x000060f4       0x28 D:\SourceTree\Smartflow\Firmware\Smartflow_V3_Firmware_VGDB\Output\Adafruit_Metro_M4__SAMD51_\Debug/core\core.a(CDC.cpp.o)
                0x000060f4                Serial_::write(unsigned char const*, unsigned int)
 .text._ZN7Serial_4peekEv
                0x0000611c       0x1c D:\SourceTree\Smartflow\Firmware\Smartflow_V3_Firmware_VGDB\Output\Adafruit_Metro_M4__SAMD51_\Debug/core\core.a(CDC.cpp.o)
                0x0000611c                Serial_::peek()
 .text._ZN7Serial_4readEv
                0x00006138       0x20 D:\SourceTree\Smartflow\Firmware\Smartflow_V3_Firmware_VGDB\Output\Adafruit_Metro_M4__SAMD51_\Debug/core\core.a(CDC.cpp.o)
                0x00006138                Serial_::read()
 .text._Z16CDC_GetInterfacePh
                0x00006158       0x18 D:\SourceTree\Smartflow\Firmware\Smartflow_V3_Firmware_VGDB\Output\Adafruit_Metro_M4__SAMD51_\Debug/core\core.a(CDC.cpp.o)
                0x00006158                CDC_GetInterface(unsigned char*)
 .text._Z9CDC_SetupR8USBSetup
                0x00006170       0x74 D:\SourceTree\Smartflow\Firmware\Smartflow_V3_Firmware_VGDB\Output\Adafruit_Metro_M4__SAMD51_\Debug/core\core.a(CDC.cpp.o)
                0x00006170                CDC_Setup(USBSetup&)
 .text._ZN7Serial_5beginEm
                0x000061e4        0x2 D:\SourceTree\Smartflow\Firmware\Smartflow_V3_Firmware_VGDB\Output\Adafruit_Metro_M4__SAMD51_\Debug/core\core.a(CDC.cpp.o)
                0x000061e4                Serial_::begin(unsigned long)
 *fill*         0x000061e6        0x2 
 .text.startup._GLOBAL__sub_I__Z17_CDC_GetInterfacev
                0x000061e8       0x24 D:\SourceTree\Smartflow\Firmware\Smartflow_V3_Firmware_VGDB\Output\Adafruit_Metro_M4__SAMD51_\Debug/core\core.a(CDC.cpp.o)
 .text._ZN26DoubleBufferedEPOutHandler4initEv
                0x0000620c        0x2 D:\SourceTree\Smartflow\Firmware\Smartflow_V3_Firmware_VGDB\Output\Adafruit_Metro_M4__SAMD51_\Debug/core\core.a(USBCore.cpp.o)
                0x0000620c                DoubleBufferedEPOutHandler::init()
 .text._ZL5utox8mPc
                0x0000620e       0x22 D:\SourceTree\Smartflow\Firmware\Smartflow_V3_Firmware_VGDB\Output\Adafruit_Metro_M4__SAMD51_\Debug/core\core.a(USBCore.cpp.o)
 .text._ZN26DoubleBufferedEPOutHandlerD2Ev
                0x00006230       0x14 D:\SourceTree\Smartflow\Firmware\Smartflow_V3_Firmware_VGDB\Output\Adafruit_Metro_M4__SAMD51_\Debug/core\core.a(USBCore.cpp.o)
                0x00006230                DoubleBufferedEPOutHandler::~DoubleBufferedEPOutHandler()
                0x00006230                DoubleBufferedEPOutHandler::~DoubleBufferedEPOutHandler()
 .text._ZN26DoubleBufferedEPOutHandlerD0Ev
                0x00006244       0x12 D:\SourceTree\Smartflow\Firmware\Smartflow_V3_Firmware_VGDB\Output\Adafruit_Metro_M4__SAMD51_\Debug/core\core.a(USBCore.cpp.o)
                0x00006244                DoubleBufferedEPOutHandler::~DoubleBufferedEPOutHandler()
 *fill*         0x00006256        0x2 
 .text._ZN14USBDeviceClass6initEPEmm.part.5
                0x00006258       0xc4 D:\SourceTree\Smartflow\Firmware\Smartflow_V3_Firmware_VGDB\Output\Adafruit_Metro_M4__SAMD51_\Debug/core\core.a(USBCore.cpp.o)
 .text._ZN7__GuardC2Ev
                0x0000631c        0xe D:\SourceTree\Smartflow\Firmware\Smartflow_V3_Firmware_VGDB\Output\Adafruit_Metro_M4__SAMD51_\Debug/core\core.a(USBCore.cpp.o)
                0x0000631c                __Guard::__Guard()
                0x0000631c                __Guard::__Guard()
 .text._ZN7__GuardD2Ev
                0x0000632a        0xc D:\SourceTree\Smartflow\Firmware\Smartflow_V3_Firmware_VGDB\Output\Adafruit_Metro_M4__SAMD51_\Debug/core\core.a(USBCore.cpp.o)
                0x0000632a                __Guard::~__Guard()
                0x0000632a                __Guard::~__Guard()
 .text._ZNK26DoubleBufferedEPOutHandler9availableEv
                0x00006336       0x5e D:\SourceTree\Smartflow\Firmware\Smartflow_V3_Firmware_VGDB\Output\Adafruit_Metro_M4__SAMD51_\Debug/core\core.a(USBCore.cpp.o)
                0x00006336                DoubleBufferedEPOutHandler::available() const
 .text._ZN26DoubleBufferedEPOutHandler7releaseEv
                0x00006394       0x4e D:\SourceTree\Smartflow\Firmware\Smartflow_V3_Firmware_VGDB\Output\Adafruit_Metro_M4__SAMD51_\Debug/core\core.a(USBCore.cpp.o)
                0x00006394                DoubleBufferedEPOutHandler::release()
 .text._ZN26DoubleBufferedEPOutHandler4recvEPvm
                0x000063e2      0x116 D:\SourceTree\Smartflow\Firmware\Smartflow_V3_Firmware_VGDB\Output\Adafruit_Metro_M4__SAMD51_\Debug/core\core.a(USBCore.cpp.o)
                0x000063e2                DoubleBufferedEPOutHandler::recv(void*, unsigned long)
 .text._ZN26DoubleBufferedEPOutHandler14handleEndpointEv
                0x000064f8       0xb8 D:\SourceTree\Smartflow\Firmware\Smartflow_V3_Firmware_VGDB\Output\Adafruit_Metro_M4__SAMD51_\Debug/core\core.a(USBCore.cpp.o)
                0x000064f8                DoubleBufferedEPOutHandler::handleEndpoint()
 .text._ZN14USBDeviceClass14SendInterfacesEPm
                0x000065b0       0x30 D:\SourceTree\Smartflow\Firmware\Smartflow_V3_Firmware_VGDB\Output\Adafruit_Metro_M4__SAMD51_\Debug/core\core.a(USBCore.cpp.o)
                0x000065b0                USBDeviceClass::SendInterfaces(unsigned long*)
 .text._ZN14USBDeviceClass14handleEndpointEh
                0x000065e0       0x3c D:\SourceTree\Smartflow\Firmware\Smartflow_V3_Firmware_VGDB\Output\Adafruit_Metro_M4__SAMD51_\Debug/core\core.a(USBCore.cpp.o)
                0x000065e0                USBDeviceClass::handleEndpoint(unsigned char)
 .text._ZN14USBDeviceClass4initEv
                0x0000661c      0x124 D:\SourceTree\Smartflow\Firmware\Smartflow_V3_Firmware_VGDB\Output\Adafruit_Metro_M4__SAMD51_\Debug/core\core.a(USBCore.cpp.o)
                0x0000661c                USBDeviceClass::init()
 .text._ZN14USBDeviceClass6attachEv
                0x00006740       0x30 D:\SourceTree\Smartflow\Firmware\Smartflow_V3_Firmware_VGDB\Output\Adafruit_Metro_M4__SAMD51_\Debug/core\core.a(USBCore.cpp.o)
                0x00006740                USBDeviceClass::attach()
 .text._ZN14USBDeviceClass10setAddressEm
                0x00006770       0x40 D:\SourceTree\Smartflow\Firmware\Smartflow_V3_Firmware_VGDB\Output\Adafruit_Metro_M4__SAMD51_\Debug/core\core.a(USBCore.cpp.o)
                0x00006770                USBDeviceClass::setAddress(unsigned long)
 .text._ZN14USBDeviceClass25handleClassInterfaceSetupER8USBSetup
                0x000067b0       0x40 D:\SourceTree\Smartflow\Firmware\Smartflow_V3_Firmware_VGDB\Output\Adafruit_Metro_M4__SAMD51_\Debug/core\core.a(USBCore.cpp.o)
                0x000067b0                USBDeviceClass::handleClassInterfaceSetup(USBSetup&)
 .text._ZN14USBDeviceClass6initEPEmm
                0x000067f0       0xe0 D:\SourceTree\Smartflow\Firmware\Smartflow_V3_Firmware_VGDB\Output\Adafruit_Metro_M4__SAMD51_\Debug/core\core.a(USBCore.cpp.o)
                0x000067f0                USBDeviceClass::initEP(unsigned long, unsigned long)
 .text._ZN14USBDeviceClass13initEndpointsEv
                0x000068d0       0x20 D:\SourceTree\Smartflow\Firmware\Smartflow_V3_Firmware_VGDB\Output\Adafruit_Metro_M4__SAMD51_\Debug/core\core.a(USBCore.cpp.o)
                0x000068d0                USBDeviceClass::initEndpoints()
 .text._ZN14USBDeviceClass9availableEm
                0x000068f0       0x28 D:\SourceTree\Smartflow\Firmware\Smartflow_V3_Firmware_VGDB\Output\Adafruit_Metro_M4__SAMD51_\Debug/core\core.a(USBCore.cpp.o)
                0x000068f0                USBDeviceClass::available(unsigned long)
 .text._ZN14USBDeviceClass5flushEm
                0x00006918       0x28 D:\SourceTree\Smartflow\Firmware\Smartflow_V3_Firmware_VGDB\Output\Adafruit_Metro_M4__SAMD51_\Debug/core\core.a(USBCore.cpp.o)
                0x00006918                USBDeviceClass::flush(unsigned long)
 .text._ZN14USBDeviceClass14armRecvCtrlOUTEm
                0x00006940       0x54 D:\SourceTree\Smartflow\Firmware\Smartflow_V3_Firmware_VGDB\Output\Adafruit_Metro_M4__SAMD51_\Debug/core\core.a(USBCore.cpp.o)
                0x00006940                USBDeviceClass::armRecvCtrlOUT(unsigned long)
 .text._ZN14USBDeviceClass11recvControlEPvm
                0x00006994       0x3c D:\SourceTree\Smartflow\Firmware\Smartflow_V3_Firmware_VGDB\Output\Adafruit_Metro_M4__SAMD51_\Debug/core\core.a(USBCore.cpp.o)
                0x00006994                USBDeviceClass::recvControl(void*, unsigned long)
 .text._ZN14USBDeviceClass7armRecvEm
                0x000069d0       0x34 D:\SourceTree\Smartflow\Firmware\Smartflow_V3_Firmware_VGDB\Output\Adafruit_Metro_M4__SAMD51_\Debug/core\core.a(USBCore.cpp.o)
                0x000069d0                USBDeviceClass::armRecv(unsigned long)
 .text._ZN14USBDeviceClass4recvEmPvm
                0x00006a04       0xd8 D:\SourceTree\Smartflow\Firmware\Smartflow_V3_Firmware_VGDB\Output\Adafruit_Metro_M4__SAMD51_\Debug/core\core.a(USBCore.cpp.o)
                0x00006a04                USBDeviceClass::recv(unsigned long, void*, unsigned long)
 .text._ZN14USBDeviceClass4recvEm
                0x00006adc       0x1e D:\SourceTree\Smartflow\Firmware\Smartflow_V3_Firmware_VGDB\Output\Adafruit_Metro_M4__SAMD51_\Debug/core\core.a(USBCore.cpp.o)
                0x00006adc                USBDeviceClass::recv(unsigned long)
 *fill*         0x00006afa        0x2 
 .text._ZN14USBDeviceClass4sendEmPKvm
                0x00006afc      0x108 D:\SourceTree\Smartflow\Firmware\Smartflow_V3_Firmware_VGDB\Output\Adafruit_Metro_M4__SAMD51_\Debug/core\core.a(USBCore.cpp.o)
                0x00006afc                USBDeviceClass::send(unsigned long, void const*, unsigned long)
 .text._ZN14USBDeviceClass7armSendEmPKvm
                0x00006c04       0x3c D:\SourceTree\Smartflow\Firmware\Smartflow_V3_Firmware_VGDB\Output\Adafruit_Metro_M4__SAMD51_\Debug/core\core.a(USBCore.cpp.o)
                0x00006c04                USBDeviceClass::armSend(unsigned long, void const*, unsigned long)
 .text._ZN14USBDeviceClass11sendControlEPKvm
                0x00006c40       0x58 D:\SourceTree\Smartflow\Firmware\Smartflow_V3_Firmware_VGDB\Output\Adafruit_Metro_M4__SAMD51_\Debug/core\core.a(USBCore.cpp.o)
                0x00006c40                USBDeviceClass::sendControl(void const*, unsigned long)
 .text._ZN14USBDeviceClass20sendStringDescriptorEPKhh
                0x00006c98       0x6c D:\SourceTree\Smartflow\Firmware\Smartflow_V3_Firmware_VGDB\Output\Adafruit_Metro_M4__SAMD51_\Debug/core\core.a(USBCore.cpp.o)
                0x00006c98                USBDeviceClass::sendStringDescriptor(unsigned char const*, unsigned char)
 .text._ZN14USBDeviceClass17sendConfigurationEm
                0x00006d04       0xa0 D:\SourceTree\Smartflow\Firmware\Smartflow_V3_Firmware_VGDB\Output\Adafruit_Metro_M4__SAMD51_\Debug/core\core.a(USBCore.cpp.o)
                0x00006d04                USBDeviceClass::sendConfiguration(unsigned long)
 .text._ZN14USBDeviceClass14sendDescriptorER8USBSetup
                0x00006da4       0xe8 D:\SourceTree\Smartflow\Firmware\Smartflow_V3_Firmware_VGDB\Output\Adafruit_Metro_M4__SAMD51_\Debug/core\core.a(USBCore.cpp.o)
                0x00006da4                USBDeviceClass::sendDescriptor(USBSetup&)
 .text._ZN14USBDeviceClass19handleStandardSetupER8USBSetup
                0x00006e8c      0x114 D:\SourceTree\Smartflow\Firmware\Smartflow_V3_Firmware_VGDB\Output\Adafruit_Metro_M4__SAMD51_\Debug/core\core.a(USBCore.cpp.o)
                0x00006e8c                USBDeviceClass::handleStandardSetup(USBSetup&)
 .text._ZN14USBDeviceClass10ISRHandlerEv
                0x00006fa0      0x158 D:\SourceTree\Smartflow\Firmware\Smartflow_V3_Firmware_VGDB\Output\Adafruit_Metro_M4__SAMD51_\Debug/core\core.a(USBCore.cpp.o)
                0x00006fa0                USBDeviceClass::ISRHandler()
 .text.UDD_Handler
                0x000070f8        0xc D:\SourceTree\Smartflow\Firmware\Smartflow_V3_Firmware_VGDB\Output\Adafruit_Metro_M4__SAMD51_\Debug/core\core.a(USBCore.cpp.o)
                0x000070f8                UDD_Handler
 .text.startup._GLOBAL__sub_I_usbd
                0x00007104       0x10 D:\SourceTree\Smartflow\Firmware\Smartflow_V3_Firmware_VGDB\Output\Adafruit_Metro_M4__SAMD51_\Debug/core\core.a(USBCore.cpp.o)
 .text._ZN4UartcvbEv
                0x00007114        0x4 D:\SourceTree\Smartflow\Firmware\Smartflow_V3_Firmware_VGDB\Output\Adafruit_Metro_M4__SAMD51_\Debug/core\core.a(Uart.cpp.o)
                0x00007114                Uart::operator bool()
 .text._ZN4Uart5beginEm
                0x00007118        0xa D:\SourceTree\Smartflow\Firmware\Smartflow_V3_Firmware_VGDB\Output\Adafruit_Metro_M4__SAMD51_\Debug/core\core.a(Uart.cpp.o)
                0x00007118                Uart::begin(unsigned long)
 .text._ZN4Uart4peekEv
                0x00007122       0x1a D:\SourceTree\Smartflow\Firmware\Smartflow_V3_Firmware_VGDB\Output\Adafruit_Metro_M4__SAMD51_\Debug/core\core.a(Uart.cpp.o)
                0x00007122                Uart::peek()
 .text._ZN4Uart3endEv
                0x0000713c       0x1e D:\SourceTree\Smartflow\Firmware\Smartflow_V3_Firmware_VGDB\Output\Adafruit_Metro_M4__SAMD51_\Debug/core\core.a(Uart.cpp.o)
                0x0000713c                Uart::end()
 .text._ZN4Uart16extractNbStopBitEt
                0x0000715a        0xe D:\SourceTree\Smartflow\Firmware\Smartflow_V3_Firmware_VGDB\Output\Adafruit_Metro_M4__SAMD51_\Debug/core\core.a(Uart.cpp.o)
                0x0000715a                Uart::extractNbStopBit(unsigned short)
 .text._ZN4Uart15extractCharSizeEt
                0x00007168       0x24 D:\SourceTree\Smartflow\Firmware\Smartflow_V3_Firmware_VGDB\Output\Adafruit_Metro_M4__SAMD51_\Debug/core\core.a(Uart.cpp.o)
                0x00007168                Uart::extractCharSize(unsigned short)
 .text._ZN4Uart13extractParityEt
                0x0000718c       0x16 D:\SourceTree\Smartflow\Firmware\Smartflow_V3_Firmware_VGDB\Output\Adafruit_Metro_M4__SAMD51_\Debug/core\core.a(Uart.cpp.o)
                0x0000718c                Uart::extractParity(unsigned short)
 *fill*         0x000071a2        0x2 
 .text._ZN4Uart5beginEmt
                0x000071a4       0xe0 D:\SourceTree\Smartflow\Firmware\Smartflow_V3_Firmware_VGDB\Output\Adafruit_Metro_M4__SAMD51_\Debug/core\core.a(Uart.cpp.o)
                0x000071a4                Uart::begin(unsigned long, unsigned short)
 .text._ZN11RingBufferNILi256EEC2Ev
                0x00007284       0x18 D:\SourceTree\Smartflow\Firmware\Smartflow_V3_Firmware_VGDB\Output\Adafruit_Metro_M4__SAMD51_\Debug/core\core.a(Uart.cpp.o)
                0x00007284                RingBufferN<256>::RingBufferN()
                0x00007284                RingBufferN<256>::RingBufferN()
 .text._ZN4UartC2EP6SERCOMhh11SercomRXPad15SercomUartTXPad
                0x0000729c       0x54 D:\SourceTree\Smartflow\Firmware\Smartflow_V3_Firmware_VGDB\Output\Adafruit_Metro_M4__SAMD51_\Debug/core\core.a(Uart.cpp.o)
                0x0000729c                Uart::Uart(SERCOM*, unsigned char, unsigned char, SercomRXPad, SercomUartTXPad)
                0x0000729c                Uart::Uart(SERCOM*, unsigned char, unsigned char, SercomRXPad, SercomUartTXPad)
 .text._ZN11RingBufferNILi256EE9availableEv
                0x000072f0       0x12 D:\SourceTree\Smartflow\Firmware\Smartflow_V3_Firmware_VGDB\Output\Adafruit_Metro_M4__SAMD51_\Debug/core\core.a(Uart.cpp.o)
                0x000072f0                RingBufferN<256>::available()
 .text._ZN4Uart5flushEv
                0x00007302       0x1c D:\SourceTree\Smartflow\Firmware\Smartflow_V3_Firmware_VGDB\Output\Adafruit_Metro_M4__SAMD51_\Debug/core\core.a(Uart.cpp.o)
                0x00007302                Uart::flush()
 .text._ZN4Uart9availableEv
                0x0000731e        0xa D:\SourceTree\Smartflow\Firmware\Smartflow_V3_Firmware_VGDB\Output\Adafruit_Metro_M4__SAMD51_\Debug/core\core.a(Uart.cpp.o)
                0x0000731e                Uart::available()
 .text._ZN11RingBufferNILi256EE17availableForStoreEv
                0x00007328       0x2c D:\SourceTree\Smartflow\Firmware\Smartflow_V3_Firmware_VGDB\Output\Adafruit_Metro_M4__SAMD51_\Debug/core\core.a(Uart.cpp.o)
                0x00007328                RingBufferN<256>::availableForStore()
 .text._ZN4Uart17availableForWriteEv
                0x00007354        0xc D:\SourceTree\Smartflow\Firmware\Smartflow_V3_Firmware_VGDB\Output\Adafruit_Metro_M4__SAMD51_\Debug/core\core.a(Uart.cpp.o)
                0x00007354                Uart::availableForWrite()
 .text._ZN4Uart10IrqHandlerEv
                0x00007360       0xc4 D:\SourceTree\Smartflow\Firmware\Smartflow_V3_Firmware_VGDB\Output\Adafruit_Metro_M4__SAMD51_\Debug/core\core.a(Uart.cpp.o)
                0x00007360                Uart::IrqHandler()
 .text._ZN4Uart5writeEh
                0x00007424       0xac D:\SourceTree\Smartflow\Firmware\Smartflow_V3_Firmware_VGDB\Output\Adafruit_Metro_M4__SAMD51_\Debug/core\core.a(Uart.cpp.o)
                0x00007424                Uart::write(unsigned char)
 .text._ZN4Uart4readEv
                0x000074d0       0x4a D:\SourceTree\Smartflow\Firmware\Smartflow_V3_Firmware_VGDB\Output\Adafruit_Metro_M4__SAMD51_\Debug/core\core.a(Uart.cpp.o)
                0x000074d0                Uart::read()
 *fill*         0x0000751a        0x2 
 .text.attachInterrupt
                0x0000751c      0x1a4 D:\SourceTree\Smartflow\Firmware\Smartflow_V3_Firmware_VGDB\Output\Adafruit_Metro_M4__SAMD51_\Debug/core\core.a(WInterrupts.c.o)
                0x0000751c                attachInterrupt
 .text.detachInterrupt
                0x000076c0       0x84 D:\SourceTree\Smartflow\Firmware\Smartflow_V3_Firmware_VGDB\Output\Adafruit_Metro_M4__SAMD51_\Debug/core\core.a(WInterrupts.c.o)
                0x000076c0                detachInterrupt
 .text.InterruptHandler
                0x00007744       0x40 D:\SourceTree\Smartflow\Firmware\Smartflow_V3_Firmware_VGDB\Output\Adafruit_Metro_M4__SAMD51_\Debug/core\core.a(WInterrupts.c.o)
                0x00007744                InterruptHandler
 .text.EIC_0_Handler
                0x00007784        0x6 D:\SourceTree\Smartflow\Firmware\Smartflow_V3_Firmware_VGDB\Output\Adafruit_Metro_M4__SAMD51_\Debug/core\core.a(WInterrupts.c.o)
                0x00007784                EIC_0_Handler
 .text.EIC_1_Handler
                0x0000778a        0x6 D:\SourceTree\Smartflow\Firmware\Smartflow_V3_Firmware_VGDB\Output\Adafruit_Metro_M4__SAMD51_\Debug/core\core.a(WInterrupts.c.o)
                0x0000778a                EIC_1_Handler
 .text.EIC_2_Handler
                0x00007790        0x6 D:\SourceTree\Smartflow\Firmware\Smartflow_V3_Firmware_VGDB\Output\Adafruit_Metro_M4__SAMD51_\Debug/core\core.a(WInterrupts.c.o)
                0x00007790                EIC_2_Handler
 .text.EIC_3_Handler
                0x00007796        0x6 D:\SourceTree\Smartflow\Firmware\Smartflow_V3_Firmware_VGDB\Output\Adafruit_Metro_M4__SAMD51_\Debug/core\core.a(WInterrupts.c.o)
                0x00007796                EIC_3_Handler
 .text.EIC_4_Handler
                0x0000779c        0x6 D:\SourceTree\Smartflow\Firmware\Smartflow_V3_Firmware_VGDB\Output\Adafruit_Metro_M4__SAMD51_\Debug/core\core.a(WInterrupts.c.o)
                0x0000779c                EIC_4_Handler
 .text.EIC_5_Handler
                0x000077a2        0x6 D:\SourceTree\Smartflow\Firmware\Smartflow_V3_Firmware_VGDB\Output\Adafruit_Metro_M4__SAMD51_\Debug/core\core.a(WInterrupts.c.o)
                0x000077a2                EIC_5_Handler
 .text.EIC_6_Handler
                0x000077a8        0x6 D:\SourceTree\Smartflow\Firmware\Smartflow_V3_Firmware_VGDB\Output\Adafruit_Metro_M4__SAMD51_\Debug/core\core.a(WInterrupts.c.o)
                0x000077a8                EIC_6_Handler
 .text.EIC_7_Handler
                0x000077ae        0x6 D:\SourceTree\Smartflow\Firmware\Smartflow_V3_Firmware_VGDB\Output\Adafruit_Metro_M4__SAMD51_\Debug/core\core.a(WInterrupts.c.o)
                0x000077ae                EIC_7_Handler
 .text.EIC_8_Handler
                0x000077b4        0x6 D:\SourceTree\Smartflow\Firmware\Smartflow_V3_Firmware_VGDB\Output\Adafruit_Metro_M4__SAMD51_\Debug/core\core.a(WInterrupts.c.o)
                0x000077b4                EIC_8_Handler
 .text.EIC_9_Handler
                0x000077ba        0x6 D:\SourceTree\Smartflow\Firmware\Smartflow_V3_Firmware_VGDB\Output\Adafruit_Metro_M4__SAMD51_\Debug/core\core.a(WInterrupts.c.o)
                0x000077ba                EIC_9_Handler
 .text.EIC_10_Handler
                0x000077c0        0x6 D:\SourceTree\Smartflow\Firmware\Smartflow_V3_Firmware_VGDB\Output\Adafruit_Metro_M4__SAMD51_\Debug/core\core.a(WInterrupts.c.o)
                0x000077c0                EIC_10_Handler
 .text.EIC_11_Handler
                0x000077c6        0x6 D:\SourceTree\Smartflow\Firmware\Smartflow_V3_Firmware_VGDB\Output\Adafruit_Metro_M4__SAMD51_\Debug/core\core.a(WInterrupts.c.o)
                0x000077c6                EIC_11_Handler
 .text.EIC_12_Handler
                0x000077cc        0x6 D:\SourceTree\Smartflow\Firmware\Smartflow_V3_Firmware_VGDB\Output\Adafruit_Metro_M4__SAMD51_\Debug/core\core.a(WInterrupts.c.o)
                0x000077cc                EIC_12_Handler
 .text.EIC_13_Handler
                0x000077d2        0x6 D:\SourceTree\Smartflow\Firmware\Smartflow_V3_Firmware_VGDB\Output\Adafruit_Metro_M4__SAMD51_\Debug/core\core.a(WInterrupts.c.o)
                0x000077d2                EIC_13_Handler
 .text.EIC_14_Handler
                0x000077d8        0x6 D:\SourceTree\Smartflow\Firmware\Smartflow_V3_Firmware_VGDB\Output\Adafruit_Metro_M4__SAMD51_\Debug/core\core.a(WInterrupts.c.o)
                0x000077d8                EIC_14_Handler
 .text.EIC_15_Handler
                0x000077de        0x6 D:\SourceTree\Smartflow\Firmware\Smartflow_V3_Firmware_VGDB\Output\Adafruit_Metro_M4__SAMD51_\Debug/core\core.a(WInterrupts.c.o)
                0x000077de                EIC_15_Handler
 .text._ZN6StringD2Ev
                0x000077e4        0xe D:\SourceTree\Smartflow\Firmware\Smartflow_V3_Firmware_VGDB\Output\Adafruit_Metro_M4__SAMD51_\Debug/core\core.a(WString.cpp.o)
                0x000077e4                String::~String()
                0x000077e4                String::~String()
 .text._ZN6String10invalidateEv
                0x000077f2       0x16 D:\SourceTree\Smartflow\Firmware\Smartflow_V3_Firmware_VGDB\Output\Adafruit_Metro_M4__SAMD51_\Debug/core\core.a(WString.cpp.o)
                0x000077f2                String::invalidate()
 .text._ZN6String12changeBufferEj
                0x00007808       0x18 D:\SourceTree\Smartflow\Firmware\Smartflow_V3_Firmware_VGDB\Output\Adafruit_Metro_M4__SAMD51_\Debug/core\core.a(WString.cpp.o)
                0x00007808                String::changeBuffer(unsigned int)
 .text._ZN6String7reserveEj
                0x00007820       0x28 D:\SourceTree\Smartflow\Firmware\Smartflow_V3_Firmware_VGDB\Output\Adafruit_Metro_M4__SAMD51_\Debug/core\core.a(WString.cpp.o)
                0x00007820                String::reserve(unsigned int)
 .text._ZN6String4copyEPKcj
                0x00007848       0x26 D:\SourceTree\Smartflow\Firmware\Smartflow_V3_Firmware_VGDB\Output\Adafruit_Metro_M4__SAMD51_\Debug/core\core.a(WString.cpp.o)
                0x00007848                String::copy(char const*, unsigned int)
 .text._ZN6StringC2EPKc
                0x0000786e       0x24 D:\SourceTree\Smartflow\Firmware\Smartflow_V3_Firmware_VGDB\Output\Adafruit_Metro_M4__SAMD51_\Debug/core\core.a(WString.cpp.o)
                0x0000786e                String::String(char const*)
                0x0000786e                String::String(char const*)
 .text._ZN6StringaSEPKc.part.3
                0x00007892       0x1a D:\SourceTree\Smartflow\Firmware\Smartflow_V3_Firmware_VGDB\Output\Adafruit_Metro_M4__SAMD51_\Debug/core\core.a(WString.cpp.o)
 .text._ZN6StringaSERKS_
                0x000078ac       0x1e D:\SourceTree\Smartflow\Firmware\Smartflow_V3_Firmware_VGDB\Output\Adafruit_Metro_M4__SAMD51_\Debug/core\core.a(WString.cpp.o)
                0x000078ac                String::operator=(String const&)
 .text._ZN6StringC2ERKS_
                0x000078ca       0x14 D:\SourceTree\Smartflow\Firmware\Smartflow_V3_Firmware_VGDB\Output\Adafruit_Metro_M4__SAMD51_\Debug/core\core.a(WString.cpp.o)
                0x000078ca                String::String(String const&)
                0x000078ca                String::String(String const&)
 .text._ZN6StringaSEPKc
                0x000078de       0x14 D:\SourceTree\Smartflow\Firmware\Smartflow_V3_Firmware_VGDB\Output\Adafruit_Metro_M4__SAMD51_\Debug/core\core.a(WString.cpp.o)
                0x000078de                String::operator=(char const*)
 .text._ZN6String6concatEPKcj
                0x000078f2       0x2e D:\SourceTree\Smartflow\Firmware\Smartflow_V3_Firmware_VGDB\Output\Adafruit_Metro_M4__SAMD51_\Debug/core\core.a(WString.cpp.o)
                0x000078f2                String::concat(char const*, unsigned int)
 .text._ZN6String6concatEc
                0x00007920       0x1a D:\SourceTree\Smartflow\Firmware\Smartflow_V3_Firmware_VGDB\Output\Adafruit_Metro_M4__SAMD51_\Debug/core\core.a(WString.cpp.o)
                0x00007920                String::concat(char)
 .text._ZNK6String11lastIndexOfERKS_j
                0x0000793a       0x4a D:\SourceTree\Smartflow\Firmware\Smartflow_V3_Firmware_VGDB\Output\Adafruit_Metro_M4__SAMD51_\Debug/core\core.a(WString.cpp.o)
                0x0000793a                String::lastIndexOf(String const&, unsigned int) const
 .text._ZN6String7replaceERKS_S1_
                0x00007984      0x112 D:\SourceTree\Smartflow\Firmware\Smartflow_V3_Firmware_VGDB\Output\Adafruit_Metro_M4__SAMD51_\Debug/core\core.a(WString.cpp.o)
                0x00007984                String::replace(String const&, String const&)
 .text.Dummy_Handler
                0x00007a96        0x2 D:\SourceTree\Smartflow\Firmware\Smartflow_V3_Firmware_VGDB\Output\Adafruit_Metro_M4__SAMD51_\Debug/core\core.a(cortex_handlers.c.o)
                0x00007a96                DebugMon_Handler
                0x00007a96                EVSYS_0_Handler
                0x00007a96                TCC1_3_Handler
                0x00007a96                DAC_3_Handler
                0x00007a96                TRNG_Handler
                0x00007a96                HardFault_Handler
                0x00007a96                PDEC_2_Handler
                0x00007a96                AC_Handler
                0x00007a96                TCC2_3_Handler
                0x00007a96                PendSV_Handler
                0x00007a96                NMI_Handler
                0x00007a96                TC7_Handler
                0x00007a96                ADC1_1_Handler
                0x00007a96                EVSYS_3_Handler
                0x00007a96                PDEC_0_Handler
                0x00007a96                QSPI_Handler
                0x00007a96                TCC0_0_Handler
                0x00007a96                TAL_0_Handler
                0x00007a96                DAC_2_Handler
                0x00007a96                RTC_Handler
                0x00007a96                UsageFault_Handler
                0x00007a96                SERCOM4_0_Handler
                0x00007a96                OSC32KCTRL_Handler
                0x00007a96                TCC2_1_Handler
                0x00007a96                SUPC_1_Handler
                0x00007a96                TCC0_5_Handler
                0x00007a96                TCC0_6_Handler
                0x00007a96                SERCOM6_2_Handler
                0x00007a96                EVSYS_1_Handler
                0x00007a96                TCC1_4_Handler
                0x00007a96                TC6_Handler
                0x00007a96                WDT_Handler
                0x00007a96                SERCOM6_0_Handler
                0x00007a96                TC4_Handler
                0x00007a96                TC1_Handler
                0x00007a96                OSCCTRL_4_Handler
                0x00007a96                SERCOM4_3_Handler
                0x00007a96                TCC4_2_Handler
                0x00007a96                PAC_Handler
                0x00007a96                TCC1_0_Handler
                0x00007a96                OSCCTRL_0_Handler
                0x00007a96                OSCCTRL_3_Handler
                0x00007a96                SERCOM4_1_Handler
                0x00007a96                TC3_Handler
                0x00007a96                Dummy_Handler
                0x00007a96                TCC3_0_Handler
                0x00007a96                TCC2_2_Handler
                0x00007a96                TCC1_1_Handler
                0x00007a96                ADC0_0_Handler
                0x00007a96                OSCCTRL_2_Handler
                0x00007a96                ADC1_0_Handler
                0x00007a96                TCC1_2_Handler
                0x00007a96                SERCOM7_1_Handler
                0x00007a96                PM_Handler
                0x00007a96                SERCOM6_3_Handler
                0x00007a96                SERCOM2_3_Handler
                0x00007a96                DAC_4_Handler
                0x00007a96                TCC3_2_Handler
                0x00007a96                SERCOM7_0_Handler
                0x00007a96                TCC0_2_Handler
                0x00007a96                TCC4_0_Handler
                0x00007a96                SERCOM7_3_Handler
                0x00007a96                SDHC1_Handler
                0x00007a96                SERCOM7_2_Handler
                0x00007a96                TCC2_0_Handler
                0x00007a96                PDEC_1_Handler
                0x00007a96                MemManage_Handler
                0x00007a96                TCC4_1_Handler
                0x00007a96                SVC_Handler
                0x00007a96                SERCOM6_1_Handler
                0x00007a96                SDHC0_Handler
                0x00007a96                SERCOM1_1_Handler
                0x00007a96                I2S_Handler
                0x00007a96                PCC_Handler
                0x00007a96                DAC_0_Handler
                0x00007a96                TCC0_1_Handler
                0x00007a96                SERCOM1_3_Handler
                0x00007a96                OSCCTRL_1_Handler
                0x00007a96                SERCOM1_0_Handler
                0x00007a96                PUKCC_Handler
                0x00007a96                SERCOM2_1_Handler
                0x00007a96                SERCOM1_2_Handler
                0x00007a96                SERCOM4_2_Handler
                0x00007a96                EVSYS_4_Handler
                0x00007a96                NVMCTRL_1_Handler
                0x00007a96                ADC0_1_Handler
                0x00007a96                SERCOM2_2_Handler
                0x00007a96                TCC3_1_Handler
                0x00007a96                DAC_1_Handler
                0x00007a96                NVMCTRL_0_Handler
                0x00007a96                TAL_1_Handler
                0x00007a96                MCLK_Handler
                0x00007a96                EVSYS_2_Handler
                0x00007a96                SUPC_0_Handler
                0x00007a96                BusFault_Handler
                0x00007a96                FREQM_Handler
                0x00007a96                TC0_Handler
                0x00007a96                TCC0_3_Handler
                0x00007a96                TCC0_4_Handler
                0x00007a96                RAMECC_Handler
                0x00007a96                TC5_Handler
                0x00007a96                SERCOM2_0_Handler
                0x00007a96                AES_Handler
                0x00007a96                ICM_Handler
 .text.USB_0_Handler
                0x00007a98       0x10 D:\SourceTree\Smartflow\Firmware\Smartflow_V3_Firmware_VGDB\Output\Adafruit_Metro_M4__SAMD51_\Debug/core\core.a(cortex_handlers.c.o)
                0x00007a98                USB_0_Handler
 .text.Reset_Handler
                0x00007aa8       0x70 D:\SourceTree\Smartflow\Firmware\Smartflow_V3_Firmware_VGDB\Output\Adafruit_Metro_M4__SAMD51_\Debug/core\core.a(cortex_handlers.c.o)
                0x00007aa8                Reset_Handler
 .text.SysTick_Handler
                0x00007b18       0x12 D:\SourceTree\Smartflow\Firmware\Smartflow_V3_Firmware_VGDB\Output\Adafruit_Metro_M4__SAMD51_\Debug/core\core.a(cortex_handlers.c.o)
                0x00007b18                SysTick_Handler
 .text.USB_1_Handler
                0x00007b2a        0x4 D:\SourceTree\Smartflow\Firmware\Smartflow_V3_Firmware_VGDB\Output\Adafruit_Metro_M4__SAMD51_\Debug/core\core.a(cortex_handlers.c.o)
                0x00007b2a                USB_1_Handler
 .text.USB_2_Handler
                0x00007b2e        0x4 D:\SourceTree\Smartflow\Firmware\Smartflow_V3_Firmware_VGDB\Output\Adafruit_Metro_M4__SAMD51_\Debug/core\core.a(cortex_handlers.c.o)
                0x00007b2e                USB_2_Handler
 .text.USB_3_Handler
                0x00007b32        0x4 D:\SourceTree\Smartflow\Firmware\Smartflow_V3_Firmware_VGDB\Output\Adafruit_Metro_M4__SAMD51_\Debug/core\core.a(cortex_handlers.c.o)
                0x00007b32                USB_3_Handler
 *fill*         0x00007b36        0x2 
 .text.USB_SetHandler
                0x00007b38        0xc D:\SourceTree\Smartflow\Firmware\Smartflow_V3_Firmware_VGDB\Output\Adafruit_Metro_M4__SAMD51_\Debug/core\core.a(cortex_handlers.c.o)
                0x00007b38                USB_SetHandler
 .text.millis   0x00007b44        0xc D:\SourceTree\Smartflow\Firmware\Smartflow_V3_Firmware_VGDB\Output\Adafruit_Metro_M4__SAMD51_\Debug/core\core.a(delay.c.o)
                0x00007b44                millis
 .text.micros   0x00007b50       0x58 D:\SourceTree\Smartflow\Firmware\Smartflow_V3_Firmware_VGDB\Output\Adafruit_Metro_M4__SAMD51_\Debug/core\core.a(delay.c.o)
                0x00007b50                micros
 .text.delayMicroseconds
                0x00007ba8       0x1c D:\SourceTree\Smartflow\Firmware\Smartflow_V3_Firmware_VGDB\Output\Adafruit_Metro_M4__SAMD51_\Debug/core\core.a(delay.c.o)
                0x00007ba8                delayMicroseconds
 .text.delay    0x00007bc4       0x26 D:\SourceTree\Smartflow\Firmware\Smartflow_V3_Firmware_VGDB\Output\Adafruit_Metro_M4__SAMD51_\Debug/core\core.a(delay.c.o)
                0x00007bc4                delay
 *fill*         0x00007bea        0x2 
 .text.SysTick_DefaultHandler
                0x00007bec       0x10 D:\SourceTree\Smartflow\Firmware\Smartflow_V3_Firmware_VGDB\Output\Adafruit_Metro_M4__SAMD51_\Debug/core\core.a(delay.c.o)
                0x00007bec                SysTick_DefaultHandler
 .text.__empty  0x00007bfc        0x2 D:\SourceTree\Smartflow\Firmware\Smartflow_V3_Firmware_VGDB\Output\Adafruit_Metro_M4__SAMD51_\Debug/core\core.a(hooks.c.o)
                0x00007bfc                yield
 .text.__false  0x00007bfe        0x4 D:\SourceTree\Smartflow\Firmware\Smartflow_V3_Firmware_VGDB\Output\Adafruit_Metro_M4__SAMD51_\Debug/core\core.a(hooks.c.o)
                0x00007bfe                sysTickHook
 .text._Z11initVariantv
                0x00007c02        0x2 D:\SourceTree\Smartflow\Firmware\Smartflow_V3_Firmware_VGDB\Output\Adafruit_Metro_M4__SAMD51_\Debug/core\core.a(main.cpp.o)
                0x00007c02                initVariant()
 .text.startup.main
                0x00007c04       0x40 D:\SourceTree\Smartflow\Firmware\Smartflow_V3_Firmware_VGDB\Output\Adafruit_Metro_M4__SAMD51_\Debug/core\core.a(main.cpp.o)
                0x00007c04                main
 .text._Znwj    0x00007c44        0x4 D:\SourceTree\Smartflow\Firmware\Smartflow_V3_Firmware_VGDB\Output\Adafruit_Metro_M4__SAMD51_\Debug/core\core.a(new.cpp.o)
                0x00007c44                operator new(unsigned int)
 .text._ZdlPv   0x00007c48        0x4 D:\SourceTree\Smartflow\Firmware\Smartflow_V3_Firmware_VGDB\Output\Adafruit_Metro_M4__SAMD51_\Debug/core\core.a(new.cpp.o)
                0x00007c48                operator delete(void*)
 .text.SystemInit