Archive member included to satisfy reference by file (symbol)

D:\SourceTree\Smartflow\Firmware\Smartflow_V3_VGDB\Smartflow_V3_VGDB\Output\Adafruit_Metro_M4__SAMD51_\Debug/core\core.a(Print.cpp.o)
                              D:\SourceTree\Smartflow\Firmware\Smartflow_V3_VGDB\Smartflow_V3_VGDB\Output\Adafruit_Metro_M4__SAMD51_\Debug\sketch\Smartflow_Metro_M4.ino.cpp.o (Print::print(char const*))
D:\SourceTree\Smartflow\Firmware\Smartflow_V3_VGDB\Smartflow_V3_VGDB\Output\Adafruit_Metro_M4__SAMD51_\Debug/core\core.a(SERCOM.cpp.o)
                              D:\SourceTree\Smartflow\Firmware\Smartflow_V3_VGDB\Smartflow_V3_VGDB\Output\Adafruit_Metro_M4__SAMD51_\Debug\core\variant.cpp.o (SERCOM::SERCOM(Sercom*))
D:\SourceTree\Smartflow\Firmware\Smartflow_V3_VGDB\Smartflow_V3_VGDB\Output\Adafruit_Metro_M4__SAMD51_\Debug/core\core.a(Stream.cpp.o)
                              D:\SourceTree\Smartflow\Firmware\Smartflow_V3_VGDB\Smartflow_V3_VGDB\Output\Adafruit_Metro_M4__SAMD51_\Debug\libraries\LoRa\LoRa.cpp.o (Stream::setTimeout(unsigned long))
D:\SourceTree\Smartflow\Firmware\Smartflow_V3_VGDB\Smartflow_V3_VGDB\Output\Adafruit_Metro_M4__SAMD51_\Debug/core\core.a(CDC.cpp.o)
                              D:\SourceTree\Smartflow\Firmware\Smartflow_V3_VGDB\Smartflow_V3_VGDB\Output\Adafruit_Metro_M4__SAMD51_\Debug\sketch\Smartflow_Metro_M4.ino.cpp.o (Serial_::begin(unsigned long))
D:\SourceTree\Smartflow\Firmware\Smartflow_V3_VGDB\Smartflow_V3_VGDB\Output\Adafruit_Metro_M4__SAMD51_\Debug/core\core.a(USBCore.cpp.o)
                              D:\SourceTree\Smartflow\Firmware\Smartflow_V3_VGDB\Smartflow_V3_VGDB\Output\Adafruit_Metro_M4__SAMD51_\Debug/core\core.a(CDC.cpp.o) (USBDeviceClass::available(unsigned long))
D:\SourceTree\Smartflow\Firmware\Smartflow_V3_VGDB\Smartflow_V3_VGDB\Output\Adafruit_Metro_M4__SAMD51_\Debug/core\core.a(Uart.cpp.o)
                              D:\SourceTree\Smartflow\Firmware\Smartflow_V3_VGDB\Smartflow_V3_VGDB\Output\Adafruit_Metro_M4__SAMD51_\Debug\sketch\Smartflow_Metro_M4.ino.cpp.o (Uart::begin(unsigned long))
D:\SourceTree\Smartflow\Firmware\Smartflow_V3_VGDB\Smartflow_V3_VGDB\Output\Adafruit_Metro_M4__SAMD51_\Debug/core\core.a(WInterrupts.c.o)
                              D:\SourceTree\Smartflow\Firmware\Smartflow_V3_VGDB\Smartflow_V3_VGDB\Output\Adafruit_Metro_M4__SAMD51_\Debug\libraries\LoRa\LoRa.cpp.o (attachInterrupt)
D:\SourceTree\Smartflow\Firmware\Smartflow_V3_VGDB\Smartflow_V3_VGDB\Output\Adafruit_Metro_M4__SAMD51_\Debug/core\core.a(WString.cpp.o)
                              D:\SourceTree\Smartflow\Firmware\Smartflow_V3_VGDB\Smartflow_V3_VGDB\Output\Adafruit_Metro_M4__SAMD51_\Debug/core\core.a(Stream.cpp.o) (String::String(char const*))
D:\SourceTree\Smartflow\Firmware\Smartflow_V3_VGDB\Smartflow_V3_VGDB\Output\Adafruit_Metro_M4__SAMD51_\Debug/core\core.a(abi.cpp.o)
                              D:\SourceTree\Smartflow\Firmware\Smartflow_V3_VGDB\Smartflow_V3_VGDB\Output\Adafruit_Metro_M4__SAMD51_\Debug/core\core.a(Print.cpp.o) (__cxa_pure_virtual)
D:\SourceTree\Smartflow\Firmware\Smartflow_V3_VGDB\Smartflow_V3_VGDB\Output\Adafruit_Metro_M4__SAMD51_\Debug/core\core.a(dtostrf.c.o)
                              D:\SourceTree\Smartflow\Firmware\Smartflow_V3_VGDB\Smartflow_V3_VGDB\Output\Adafruit_Metro_M4__SAMD51_\Debug/core\core.a(WString.cpp.o) (dtostrf)
D:\SourceTree\Smartflow\Firmware\Smartflow_V3_VGDB\Smartflow_V3_VGDB\Output\Adafruit_Metro_M4__SAMD51_\Debug/core\core.a(cortex_handlers.c.o)
                              (Reset_Handler)
D:\SourceTree\Smartflow\Firmware\Smartflow_V3_VGDB\Smartflow_V3_VGDB\Output\Adafruit_Metro_M4__SAMD51_\Debug/core\core.a(delay.c.o)
                              D:\SourceTree\Smartflow\Firmware\Smartflow_V3_VGDB\Smartflow_V3_VGDB\Output\Adafruit_Metro_M4__SAMD51_\Debug\sketch\Smartflow_Metro_M4.ino.cpp.o (millis)
D:\SourceTree\Smartflow\Firmware\Smartflow_V3_VGDB\Smartflow_V3_VGDB\Output\Adafruit_Metro_M4__SAMD51_\Debug/core\core.a(hooks.c.o)
                              D:\SourceTree\Smartflow\Firmware\Smartflow_V3_VGDB\Smartflow_V3_VGDB\Output\Adafruit_Metro_M4__SAMD51_\Debug\libraries\Adafruit_SPIFlash\Adafruit_SPIFlash.cpp.o (yield)
D:\SourceTree\Smartflow\Firmware\Smartflow_V3_VGDB\Smartflow_V3_VGDB\Output\Adafruit_Metro_M4__SAMD51_\Debug/core\core.a(itoa.c.o)
                              D:\SourceTree\Smartflow\Firmware\Smartflow_V3_VGDB\Smartflow_V3_VGDB\Output\Adafruit_Metro_M4__SAMD51_\Debug/core\core.a(WString.cpp.o) (ltoa)
D:\SourceTree\Smartflow\Firmware\Smartflow_V3_VGDB\Smartflow_V3_VGDB\Output\Adafruit_Metro_M4__SAMD51_\Debug/core\core.a(main.cpp.o)
                              c:/users/adam/documents/arduinodata/packages/arduino/tools/arm-none-eabi-gcc/7-2017q4/bin/../lib/gcc/arm-none-eabi/7.2.1/../../../../arm-none-eabi/lib/thumb/v7e-m/fpv4-sp/hard/crt0.o (main)
D:\SourceTree\Smartflow\Firmware\Smartflow_V3_VGDB\Smartflow_V3_VGDB\Output\Adafruit_Metro_M4__SAMD51_\Debug/core\core.a(new.cpp.o)
[...]
Memory Configuration

Name             Origin             Length             Attributes
FLASH            0x00004000         0x0007c000         xr
RAM              0x20000000         0x00030000         xrw
*default*        0x00000000         0xffffffff

Linker script and memory map

LOAD c:/users/adam/documents/arduinodata/packages/arduino/tools/arm-none-eabi-gcc/7-2017q4/bin/../lib/gcc/arm-none-eabi/7.2.1/thumb/v7e-m/fpv4-sp/hard/crti.o
LOAD c:/users/adam/documents/arduinodata/packages/arduino/tools/arm-none-eabi-gcc/7-2017q4/bin/../lib/gcc/arm-none-eabi/7.2.1/thumb/v7e-m/fpv4-sp/hard/crtbegin.o
LOAD c:/users/adam/documents/arduinodata/packages/arduino/tools/arm-none-eabi-gcc/7-2017q4/bin/../lib/gcc/arm-none-eabi/7.2.1/../../../../arm-none-eabi/lib/thumb/v7e-m/fpv4-sp/hard/crt0.o
LOAD D:\SourceTree\Smartflow\Firmware\Smartflow_V3_VGDB\Smartflow_V3_VGDB\Output\Adafruit_Metro_M4__SAMD51_\Debug\sketch\Smartflow_Metro_M4.ino.cpp.o
LOAD D:\SourceTree\Smartflow\Firmware\Smartflow_V3_VGDB\Smartflow_V3_VGDB\Output\Adafruit_Metro_M4__SAMD51_\Debug\libraries\Wire\Wire.cpp.o
LOAD D:\SourceTree\Smartflow\Firmware\Smartflow_V3_VGDB\Smartflow_V3_VGDB\Output\Adafruit_Metro_M4__SAMD51_\Debug\libraries\SPI\SPI.cpp.o
LOAD D:\SourceTree\Smartflow\Firmware\Smartflow_V3_VGDB\Smartflow_V3_VGDB\Output\Adafruit_Metro_M4__SAMD51_\Debug\libraries\Adafruit_ZeroDMA\Adafruit_ZeroDMA.cpp.o
LOAD D:\SourceTree\Smartflow\Firmware\Smartflow_V3_VGDB\Smartflow_V3_VGDB\Output\Adafruit_Metro_M4__SAMD51_\Debug\libraries\Adafruit_SPIFlash\Adafruit_FlashCache.cpp.o
LOAD D:\SourceTree\Smartflow\Firmware\Smartflow_V3_VGDB\Smartflow_V3_VGDB\Output\Adafruit_Metro_M4__SAMD51_\Debug\libraries\Adafruit_SPIFlash\Adafruit_SPIFlash.cpp.o
LOAD D:\SourceTree\Smartflow\Firmware\Smartflow_V3_VGDB\Smartflow_V3_VGDB\Output\Adafruit_Metro_M4__SAMD51_\Debug\libraries\Adafruit_SPIFlash\qspi\Adafruit_FlashTransport_QSPI_NRF.cpp.o
LOAD D:\SourceTree\Smartflow\Firmware\Smartflow_V3_VGDB\Smartflow_V3_VGDB\Output\Adafruit_Metro_M4__SAMD51_\Debug\libraries\Adafruit_SPIFlash\qspi\Adafruit_FlashTransport_QSPI_SAMD.cpp.o
LOAD D:\SourceTree\Smartflow\Firmware\Smartflow_V3_VGDB\Smartflow_V3_VGDB\Output\Adafruit_Metro_M4__SAMD51_\Debug\libraries\Adafruit_SPIFlash\spi\Adafruit_FlashTransport_SPI.cpp.o
LOAD D:\SourceTree\Smartflow\Firmware\Smartflow_V3_VGDB\Smartflow_V3_VGDB\Output\Adafruit_Metro_M4__SAMD51_\Debug\libraries\SdFat_-_Adafruit_Fork\FatLib\FatFile.cpp.o
LOAD D:\SourceTree\Smartflow\Firmware\Smartflow_V3_VGDB\Smartflow_V3_VGDB\Output\Adafruit_Metro_M4__SAMD51_\Debug\libraries\SdFat_-_Adafruit_Fork\FatLib\FatFileLFN.cpp.o
LOAD D:\SourceTree\Smartflow\Firmware\Smartflow_V3_VGDB\Smartflow_V3_VGDB\Output\Adafruit_Metro_M4__SAMD51_\Debug\libraries\SdFat_-_Adafruit_Fork\FatLib\FatFilePrint.cpp.o
LOAD D:\SourceTree\Smartflow\Firmware\Smartflow_V3_VGDB\Smartflow_V3_VGDB\Output\Adafruit_Metro_M4__SAMD51_\Debug\libraries\SdFat_-_Adafruit_Fork\FatLib\FatFileSFN.cpp.o
LOAD D:\SourceTree\Smartflow\Firmware\Smartflow_V3_VGDB\Smartflow_V3_VGDB\Output\Adafruit_Metro_M4__SAMD51_\Debug\libraries\SdFat_-_Adafruit_Fork\FatLib\FatVolume.cpp.o
LOAD D:\SourceTree\Smartflow\Firmware\Smartflow_V3_VGDB\Smartflow_V3_VGDB\Output\Adafruit_Metro_M4__SAMD51_\Debug\libraries\SdFat_-_Adafruit_Fork\FatLib\FmtNumber.cpp.o
LOAD D:\SourceTree\Smartflow\Firmware\Smartflow_V3_VGDB\Smartflow_V3_VGDB\Output\Adafruit_Metro_M4__SAMD51_\Debug\libraries\SdFat_-_Adafruit_Fork\FatLib\StdioStream.cpp.o
LOAD D:\SourceTree\Smartflow\Firmware\Smartflow_V3_VGDB\Smartflow_V3_VGDB\Output\Adafruit_Metro_M4__SAMD51_\Debug\libraries\SdFat_-_Adafruit_Fork\FatLib\fstream.cpp.o
LOAD D:\SourceTree\Smartflow\Firmware\Smartflow_V3_VGDB\Smartflow_V3_VGDB\Output\Adafruit_Metro_M4__SAMD51_\Debug\libraries\SdFat_-_Adafruit_Fork\FatLib\istream.cpp.o
LOAD D:\SourceTree\Smartflow\Firmware\Smartflow_V3_VGDB\Smartflow_V3_VGDB\Output\Adafruit_Metro_M4__SAMD51_\Debug\libraries\SdFat_-_Adafruit_Fork\FatLib\ostream.cpp.o
LOAD D:\SourceTree\Smartflow\Firmware\Smartflow_V3_VGDB\Smartflow_V3_VGDB\Output\Adafruit_Metro_M4__SAMD51_\Debug\libraries\SdFat_-_Adafruit_Fork\MinimumSerial.cpp.o
LOAD D:\SourceTree\Smartflow\Firmware\Smartflow_V3_VGDB\Smartflow_V3_VGDB\Output\Adafruit_Metro_M4__SAMD51_\Debug\libraries\SdFat_-_Adafruit_Fork\SdCard\SdSpiCard.cpp.o
LOAD D:\SourceTree\Smartflow\Firmware\Smartflow_V3_VGDB\Smartflow_V3_VGDB\Output\Adafruit_Metro_M4__SAMD51_\Debug\libraries\SdFat_-_Adafruit_Fork\SdCard\SdSpiCardEX.cpp.o
LOAD D:\SourceTree\Smartflow\Firmware\Smartflow_V3_VGDB\Smartflow_V3_VGDB\Output\Adafruit_Metro_M4__SAMD51_\Debug\libraries\SdFat_-_Adafruit_Fork\SdCard\SdioCardEX.cpp.o
LOAD D:\SourceTree\Smartflow\Firmware\Smartflow_V3_VGDB\Smartflow_V3_VGDB\Output\Adafruit_Metro_M4__SAMD51_\Debug\libraries\SdFat_-_Adafruit_Fork\SdCard\SdioTeensy.cpp.o
LOAD D:\SourceTree\Smartflow\Firmware\Smartflow_V3_VGDB\Smartflow_V3_VGDB\Output\Adafruit_Metro_M4__SAMD51_\Debug\libraries\SdFat_-_Adafruit_Fork\SpiDriver\SdSpiESP8266.cpp.o
LOAD D:\SourceTree\Smartflow\Firmware\Smartflow_V3_VGDB\Smartflow_V3_VGDB\Output\Adafruit_Metro_M4__SAMD51_\Debug\libraries\SdFat_-_Adafruit_Fork\SpiDriver\SdSpiParticle.cpp.o
LOAD D:\SourceTree\Smartflow\Firmware\Smartflow_V3_VGDB\Smartflow_V3_VGDB\Output\Adafruit_Metro_M4__SAMD51_\Debug\libraries\SdFat_-_Adafruit_Fork\SpiDriver\SdSpiSAM3X.cpp.o
LOAD D:\SourceTree\Smartflow\Firmware\Smartflow_V3_VGDB\Smartflow_V3_VGDB\Output\Adafruit_Metro_M4__SAMD51_\Debug\libraries\SdFat_-_Adafruit_Fork\SpiDriver\SdSpiSAMD.cpp.o
LOAD D:\SourceTree\Smartflow\Firmware\Smartflow_V3_VGDB\Smartflow_V3_VGDB\Output\Adafruit_Metro_M4__SAMD51_\Debug\libraries\SdFat_-_Adafruit_Fork\SpiDriver\SdSpiSTM32.cpp.o
LOAD D:\SourceTree\Smartflow\Firmware\Smartflow_V3_VGDB\Smartflow_V3_VGDB\Output\Adafruit_Metro_M4__SAMD51_\Debug\libraries\SdFat_-_Adafruit_Fork\SpiDriver\SdSpiTeensy3.cpp.o
LOAD D:\SourceTree\Smartflow\Firmware\Smartflow_V3_VGDB\Smartflow_V3_VGDB\Output\Adafruit_Metro_M4__SAMD51_\Debug\libraries\LoRa\LoRa.cpp.o
LOAD D:\SourceTree\Smartflow\Firmware\Smartflow_V3_VGDB\Smartflow_V3_VGDB\Output\Adafruit_Metro_M4__SAMD51_\Debug\core\variant.cpp.o
START GROUP
LOAD C:\Users\adam\Documents\ArduinoData\packages\arduino\tools\CMSIS\4.5.0/CMSIS/Lib/GCC/\libarm_cortexM4lf_math.a
LOAD D:\SourceTree\Smartflow\Firmware\Smartflow_V3_VGDB\Smartflow_V3_VGDB\Output\Adafruit_Metro_M4__SAMD51_\Debug/core\core.a
END GROUP
LOAD c:/users/adam/documents/arduinodata/packages/arduino/tools/arm-none-eabi-gcc/7-2017q4/bin/../lib/gcc/arm-none-eabi/7.2.1/../../../../arm-none-eabi/lib/thumb/v7e-m/fpv4-sp/hard\libstdc++_nano.a
LOAD c:/users/adam/documents/arduinodata/packages/arduino/tools/arm-none-eabi-gcc/7-2017q4/bin/../lib/gcc/arm-none-eabi/7.2.1/../../../../arm-none-eabi/lib/thumb/v7e-m/fpv4-sp/hard\libm.a
START GROUP
LOAD c:/users/adam/documents/arduinodata/packages/arduino/tools/arm-none-eabi-gcc/7-2017q4/bin/../lib/gcc/arm-none-eabi/7.2.1/thumb/v7e-m/fpv4-sp/hard\libgcc.a
LOAD c:/users/adam/documents/arduinodata/packages/arduino/tools/arm-none-eabi-gcc/7-2017q4/bin/../lib/gcc/arm-none-eabi/7.2.1/../../../../arm-none-eabi/lib/thumb/v7e-m/fpv4-sp/hard\libc_nano.a
END GROUP
START GROUP
LOAD c:/users/adam/documents/arduinodata/packages/arduino/tools/arm-none-eabi-gcc/7-2017q4/bin/../lib/gcc/arm-none-eabi/7.2.1/thumb/v7e-m/fpv4-sp/hard\libgcc.a
LOAD c:/users/adam/documents/arduinodata/packages/arduino/tools/arm-none-eabi-gcc/7-2017q4/bin/../lib/gcc/arm-none-eabi/7.2.1/../../../../arm-none-eabi/lib/thumb/v7e-m/fpv4-sp/hard\libc_nano.a
LOAD c:/users/adam/documents/arduinodata/packages/arduino/tools/arm-none-eabi-gcc/7-2017q4/bin/../lib/gcc/arm-none-eabi/7.2.1/../../../../arm-none-eabi/lib/thumb/v7e-m/fpv4-sp/hard\libnosys.a
END GROUP
START GROUP
LOAD c:/users/adam/documents/arduinodata/packages/arduino/tools/arm-none-eabi-gcc/7-2017q4/bin/../lib/gcc/arm-none-eabi/7.2.1/thumb/v7e-m/fpv4-sp/hard\libgcc.a
LOAD c:/users/adam/documents/arduinodata/packages/arduino/tools/arm-none-eabi-gcc/7-2017q4/bin/../lib/gcc/arm-none-eabi/7.2.1/../../../../arm-none-eabi/lib/thumb/v7e-m/fpv4-sp/hard\libc_nano.a
LOAD c:/users/adam/documents/arduinodata/packages/arduino/tools/arm-none-eabi-gcc/7-2017q4/bin/../lib/gcc/arm-none-eabi/7.2.1/../../../../arm-none-eabi/lib/thumb/v7e-m/fpv4-sp/hard\libnosys.a
END GROUP
LOAD c:/users/adam/documents/arduinodata/packages/arduino/tools/arm-none-eabi-gcc/7-2017q4/bin/../lib/gcc/arm-none-eabi/7.2.1/thumb/v7e-m/fpv4-sp/hard/crtend.o
LOAD c:/users/adam/documents/arduinodata/packages/arduino/tools/arm-none-eabi-gcc/7-2017q4/bin/../lib/gcc/arm-none-eabi/7.2.1/thumb/v7e-m/fpv4-sp/hard/crtn.o

.text           0x00004000     0x7830
                0x00004000                __text_start__ = .
 *(.sketch_boot)
                0x00004000                . = ALIGN (0x4000)
 *(.isr_vector)
 .isr_vector    0x00004000      0x264 D:\SourceTree\Smartflow\Firmware\Smartflow_V3_VGDB\Smartflow_V3_VGDB\Output\Adafruit_Metro_M4__SAMD51_\Debug/core\core.a(cortex_handlers.c.o)
                0x00004000                exception_table
 *(.text*)
 .text          0x00004264       0x40 c:/users/adam/documents/arduinodata/packages/arduino/tools/arm-none-eabi-gcc/7-2017q4/bin/../lib/gcc/arm-none-eabi/7.2.1/thumb/v7e-m/fpv4-sp/hard/crtbegin.o
 .text._Z8Setup_IOv
                0x000042a4       0xee D:\SourceTree\Smartflow\Firmware\Smartflow_V3_VGDB\Smartflow_V3_VGDB\Output\Adafruit_Metro_M4__SAMD51_\Debug\sketch\Smartflow_Metro_M4.ino.cpp.o
                0x000042a4                Setup_IO()
 *fill*         0x00004392        0x2 
 .text.SERCOM0_0_Handler
                0x00004394        0xc D:\SourceTree\Smartflow\Firmware\Smartflow_V3_VGDB\Smartflow_V3_VGDB\Output\Adafruit_Metro_M4__SAMD51_\Debug\sketch\Smartflow_Metro_M4.ino.cpp.o
                0x00004394                SERCOM0_0_Handler
 .text.SERCOM0_1_Handler
                0x000043a0        0x4 D:\SourceTree\Smartflow\Firmware\Smartflow_V3_VGDB\Smartflow_V3_VGDB\Output\Adafruit_Metro_M4__SAMD51_\Debug\sketch\Smartflow_Metro_M4.ino.cpp.o
                0x000043a0                SERCOM0_1_Handler
 .text._ZN15Outputs_74HC59510Shift_DataEv
                0x000043a4       0x4e D:\SourceTree\Smartflow\Firmware\Smartflow_V3_VGDB\Smartflow_V3_VGDB\Output\Adafruit_Metro_M4__SAMD51_\Debug\sketch\Smartflow_Metro_M4.ino.cpp.o
                0x000043a4                Outputs_74HC595::Shift_Data()
 *fill*         0x000043f2        0x2 
 .text._Z12Service_Ledsv
                0x000043f4       0xa0 D:\SourceTree\Smartflow\Firmware\Smartflow_V3_VGDB\Smartflow_V3_VGDB\Output\Adafruit_Metro_M4__SAMD51_\Debug\sketch\Smartflow_Metro_M4.ino.cpp.o
                0x000043f4                Service_Leds()
 .text.loop     0x00004494       0xd8 D:\SourceTree\Smartflow\Firmware\Smartflow_V3_VGDB\Smartflow_V3_VGDB\Output\Adafruit_Metro_M4__SAMD51_\Debug\sketch\Smartflow_Metro_M4.ino.cpp.o
                0x00004494                loop
 .text.startup._GLOBAL__sub_I__Z8Setup_IOv
                0x0000456c       0x54 D:\SourceTree\Smartflow\Firmware\Smartflow_V3_VGDB\Smartflow_V3_VGDB\Output\Adafruit_Metro_M4__SAMD51_\Debug\sketch\Smartflow_Metro_M4.ino.cpp.o
 .text.setup    0x000045c0       0xc4 D:\SourceTree\Smartflow\Firmware\Smartflow_V3_VGDB\Smartflow_V3_VGDB\Output\Adafruit_Metro_M4__SAMD51_\Debug\sketch\Smartflow_Metro_M4.ino.cpp.o
                0x000045c0                setup
 .text._ZN5Print17availableForWriteEv
                0x00004684        0x4 D:\SourceTree\Smartflow\Firmware\Smartflow_V3_VGDB\Smartflow_V3_VGDB\Output\Adafruit_Metro_M4__SAMD51_\Debug\libraries\Wire\Wire.cpp.o
                0x00004684                Print::availableForWrite()
 .text._ZN7TwoWire5writeEPKhj
                0x00004688       0x34 D:\SourceTree\Smartflow\Firmware\Smartflow_V3_VGDB\Smartflow_V3_VGDB\Output\Adafruit_Metro_M4__SAMD51_\Debug\libraries\Wire\Wire.cpp.o
                0x00004688                TwoWire::write(unsigned char const*, unsigned int)
 .text._ZN7TwoWire5flushEv
                0x000046bc        0x2 D:\SourceTree\Smartflow\Firmware\Smartflow_V3_VGDB\Smartflow_V3_VGDB\Output\Adafruit_Metro_M4__SAMD51_\Debug\libraries\Wire\Wire.cpp.o
                0x000046bc                TwoWire::flush()
 .text._ZN7TwoWire4peekEv
                0x000046be       0x1a D:\SourceTree\Smartflow\Firmware\Smartflow_V3_VGDB\Smartflow_V3_VGDB\Output\Adafruit_Metro_M4__SAMD51_\Debug\libraries\Wire\Wire.cpp.o
                0x000046be                TwoWire::peek()
 .text._ZN7TwoWire9availableEv
                0x000046d8       0x12 D:\SourceTree\Smartflow\Firmware\Smartflow_V3_VGDB\Smartflow_V3_VGDB\Output\Adafruit_Metro_M4__SAMD51_\Debug\libraries\Wire\Wire.cpp.o
                0x000046d8                TwoWire::available()
 *fill*         0x000046ea        0x2 
 .text._ZN7TwoWireC2EP6SERCOMhh
                0x000046ec       0x5c D:\SourceTree\Smartflow\Firmware\Smartflow_V3_VGDB\Smartflow_V3_VGDB\Output\Adafruit_Metro_M4__SAMD51_\Debug\libraries\Wire\Wire.cpp.o
                0x000046ec                TwoWire::TwoWire(SERCOM*, unsigned char, unsigned char)
                0x000046ec                TwoWire::TwoWire(SERCOM*, unsigned char, unsigned char)
 .text._ZN7TwoWire5beginEv
                0x00004748       0x40 D:\SourceTree\Smartflow\Firmware\Smartflow_V3_VGDB\Smartflow_V3_VGDB\Output\Adafruit_Metro_M4__SAMD51_\Debug\libraries\Wire\Wire.cpp.o
                0x00004748                TwoWire::begin()
 .text._ZN11RingBufferNILi256EE10store_charEh
                0x00004788       0x1c D:\SourceTree\Smartflow\Firmware\Smartflow_V3_VGDB\Smartflow_V3_VGDB\Output\Adafruit_Metro_M4__SAMD51_\Debug\libraries\Wire\Wire.cpp.o
                0x00004788                RingBufferN<256>::store_char(unsigned char)
 .text._ZN7TwoWire5writeEh
                0x000047a4       0x26 D:\SourceTree\Smartflow\Firmware\Smartflow_V3_VGDB\Smartflow_V3_VGDB\Output\Adafruit_Metro_M4__SAMD51_\Debug\libraries\Wire\Wire.cpp.o
                0x000047a4                TwoWire::write(unsigned char)
 .text._ZN11RingBufferNILi256EE9read_charEv
                0x000047ca       0x28 D:\SourceTree\Smartflow\Firmware\Smartflow_V3_VGDB\Smartflow_V3_VGDB\Output\Adafruit_Metro_M4__SAMD51_\Debug\libraries\Wire\Wire.cpp.o
                0x000047ca                RingBufferN<256>::read_char()
 .text._ZN7TwoWire4readEv
                0x000047f2        0xa D:\SourceTree\Smartflow\Firmware\Smartflow_V3_VGDB\Smartflow_V3_VGDB\Output\Adafruit_Metro_M4__SAMD51_\Debug\libraries\Wire\Wire.cpp.o
                0x000047f2                TwoWire::read()
 .text._ZN7TwoWire9onServiceEv
                0x000047fc      0x10e D:\SourceTree\Smartflow\Firmware\Smartflow_V3_VGDB\Smartflow_V3_VGDB\Output\Adafruit_Metro_M4__SAMD51_\Debug\libraries\Wire\Wire.cpp.o
                0x000047fc                TwoWire::onService()
 *fill*         0x0000490a        0x2 
 .text.SERCOM5_0_Handler
                0x0000490c        0xc D:\SourceTree\Smartflow\Firmware\Smartflow_V3_VGDB\Smartflow_V3_VGDB\Output\Adafruit_Metro_M4__SAMD51_\Debug\libraries\Wire\Wire.cpp.o
                0x0000490c                SERCOM5_0_Handler
 .text.SERCOM5_1_Handler
                0x00004918        0x4 D:\SourceTree\Smartflow\Firmware\Smartflow_V3_VGDB\Smartflow_V3_VGDB\Output\Adafruit_Metro_M4__SAMD51_\Debug\libraries\Wire\Wire.cpp.o
                0x00004918                SERCOM5_1_Handler
 .text.SERCOM5_2_Handler
                0x0000491c        0x4 D:\SourceTree\Smartflow\Firmware\Smartflow_V3_VGDB\Smartflow_V3_VGDB\Output\Adafruit_Metro_M4__SAMD51_\Debug\libraries\Wire\Wire.cpp.o
                0x0000491c                SERCOM5_2_Handler
 .text.SERCOM5_3_Handler
                0x00004920        0x4 D:\SourceTree\Smartflow\Firmware\Smartflow_V3_VGDB\Smartflow_V3_VGDB\Output\Adafruit_Metro_M4__SAMD51_\Debug\libraries\Wire\Wire.cpp.o
                0x00004920                SERCOM5_3_Handler
 .text.startup._GLOBAL__sub_I__ZN7TwoWireC2EP6SERCOMhh
                0x00004924       0x14 D:\SourceTree\Smartflow\Firmware\Smartflow_V3_VGDB\Smartflow_V3_VGDB\Output\Adafruit_Metro_M4__SAMD51_\Debug\libraries\Wire\Wire.cpp.o
 .text._ZN8SPIClassC2EP6SERCOMhhh14SercomSpiTXPad11SercomRXPad
                0x00004938       0x5c D:\SourceTree\Smartflow\Firmware\Smartflow_V3_VGDB\Smartflow_V3_VGDB\Output\Adafruit_Metro_M4__SAMD51_\Debug\libraries\SPI\SPI.cpp.o
                0x00004938                SPIClass::SPIClass(SERCOM*, unsigned char, unsigned char, unsigned char, SercomSpiTXPad, SercomRXPad)
                0x00004938                SPIClass::SPIClass(SERCOM*, unsigned char, unsigned char, unsigned char, SercomSpiTXPad, SercomRXPad)
 .text._ZN8SPIClass4initEv
                0x00004994       0x10 D:\SourceTree\Smartflow\Firmware\Smartflow_V3_VGDB\Smartflow_V3_VGDB\Output\Adafruit_Metro_M4__SAMD51_\Debug\libraries\SPI\SPI.cpp.o
                0x00004994                SPIClass::init()
 .text._ZN8SPIClass6configE11SPISettings
                0x000049a4       0x3a D:\SourceTree\Smartflow\Firmware\Smartflow_V3_VGDB\Smartflow_V3_VGDB\Output\Adafruit_Metro_M4__SAMD51_\Debug\libraries\SPI\SPI.cpp.o
                0x000049a4                SPIClass::config(SPISettings)
 *fill*         0x000049de        0x2 
 .text._ZN8SPIClass5beginEv
                0x000049e0       0x50 D:\SourceTree\Smartflow\Firmware\Smartflow_V3_VGDB\Smartflow_V3_VGDB\Output\Adafruit_Metro_M4__SAMD51_\Debug\libraries\SPI\SPI.cpp.o
                0x000049e0                SPIClass::begin()
 .text._ZN8SPIClass16beginTransactionE11SPISettings
                0x00004a30       0x3c D:\SourceTree\Smartflow\Firmware\Smartflow_V3_VGDB\Smartflow_V3_VGDB\Output\Adafruit_Metro_M4__SAMD51_\Debug\libraries\SPI\SPI.cpp.o
                0x00004a30                SPIClass::beginTransaction(SPISettings)
 .text._ZN8SPIClass14endTransactionEv
                0x00004a6c       0x20 D:\SourceTree\Smartflow\Firmware\Smartflow_V3_VGDB\Smartflow_V3_VGDB\Output\Adafruit_Metro_M4__SAMD51_\Debug\libraries\SPI\SPI.cpp.o
                0x00004a6c                SPIClass::endTransaction()
 .text._ZN8SPIClass8transferEh
                0x00004a8c        0x6 D:\SourceTree\Smartflow\Firmware\Smartflow_V3_VGDB\Smartflow_V3_VGDB\Output\Adafruit_Metro_M4__SAMD51_\Debug\libraries\SPI\SPI.cpp.o
                0x00004a8c                SPIClass::transfer(unsigned char)
 *fill*         0x00004a92        0x2 
 .text.startup._GLOBAL__sub_I__ZN8SPIClassC2EP6SERCOMhhh14SercomSpiTXPad11SercomRXPad
                0x00004a94       0x3c D:\SourceTree\Smartflow\Firmware\Smartflow_V3_VGDB\Smartflow_V3_VGDB\Output\Adafruit_Metro_M4__SAMD51_\Debug\libraries\SPI\SPI.cpp.o
 .text._ZL22cpu_irq_enter_criticalv
                0x00004ad0       0x2c D:\SourceTree\Smartflow\Firmware\Smartflow_V3_VGDB\Smartflow_V3_VGDB\Output\Adafruit_Metro_M4__SAMD51_\Debug\libraries\Adafruit_ZeroDMA\Adafruit_ZeroDMA.cpp.o
 .text._ZL22cpu_irq_leave_criticalv
                0x00004afc       0x28 D:\SourceTree\Smartflow\Firmware\Smartflow_V3_VGDB\Smartflow_V3_VGDB\Output\Adafruit_Metro_M4__SAMD51_\Debug\libraries\Adafruit_ZeroDMA\Adafruit_ZeroDMA.cpp.o
 .text._ZN16Adafruit_ZeroDMAC2Ev
                0x00004b24       0x1a D:\SourceTree\Smartflow\Firmware\Smartflow_V3_VGDB\Smartflow_V3_VGDB\Output\Adafruit_Metro_M4__SAMD51_\Debug\libraries\Adafruit_ZeroDMA\Adafruit_ZeroDMA.cpp.o
                0x00004b24                Adafruit_ZeroDMA::Adafruit_ZeroDMA()
                0x00004b24                Adafruit_ZeroDMA::Adafruit_ZeroDMA()
 *fill*         0x00004b3e        0x2 
 .text._ZN16Adafruit_ZeroDMA11_IRQhandlerEh
                0x00004b40       0x68 D:\SourceTree\Smartflow\Firmware\Smartflow_V3_VGDB\Smartflow_V3_VGDB\Output\Adafruit_Metro_M4__SAMD51_\Debug\libraries\Adafruit_ZeroDMA\Adafruit_ZeroDMA.cpp.o
                0x00004b40                Adafruit_ZeroDMA::_IRQhandler(unsigned char)
 .text.DMAC_0_Handler
                0x00004ba8       0x2c D:\SourceTree\Smartflow\Firmware\Smartflow_V3_VGDB\Smartflow_V3_VGDB\Output\Adafruit_Metro_M4__SAMD51_\Debug\libraries\Adafruit_ZeroDMA\Adafruit_ZeroDMA.cpp.o
                0x00004ba8                DMAC_4_Handler
                0x00004ba8                DMAC_2_Handler
                0x00004ba8                DMAC_1_Handler
                0x00004ba8                DMAC_3_Handler
                0x00004ba8                DMAC_0_Handler
 .text._ZN9LoRaClass5writeEh
                0x00004bd4       0x16 D:\SourceTree\Smartflow\Firmware\Smartflow_V3_VGDB\Smartflow_V3_VGDB\Output\Adafruit_Metro_M4__SAMD51_\Debug\libraries\LoRa\LoRa.cpp.o
                0x00004bd4                LoRaClass::write(unsigned char)
 .text._ZN9LoRaClass5flushEv
                0x00004bea        0x2 D:\SourceTree\Smartflow\Firmware\Smartflow_V3_VGDB\Smartflow_V3_VGDB\Output\Adafruit_Metro_M4__SAMD51_\Debug\libraries\LoRa\LoRa.cpp.o
                0x00004bea                LoRaClass::flush()
 .text._ZN9LoRaClassC2Ev
                0x00004bec       0x48 D:\SourceTree\Smartflow\Firmware\Smartflow_V3_VGDB\Smartflow_V3_VGDB\Output\Adafruit_Metro_M4__SAMD51_\Debug\libraries\LoRa\LoRa.cpp.o
                0x00004bec                LoRaClass::LoRaClass()
                0x00004bec                LoRaClass::LoRaClass()
 .text._ZN9LoRaClass14singleTransferEhh
                0x00004c34       0x42 D:\SourceTree\Smartflow\Firmware\Smartflow_V3_VGDB\Smartflow_V3_VGDB\Output\Adafruit_Metro_M4__SAMD51_\Debug\libraries\LoRa\LoRa.cpp.o
                0x00004c34                LoRaClass::singleTransfer(unsigned char, unsigned char)
 .text._ZN9LoRaClass12readRegisterEh
                0x00004c76        0xa D:\SourceTree\Smartflow\Firmware\Smartflow_V3_VGDB\Smartflow_V3_VGDB\Output\Adafruit_Metro_M4__SAMD51_\Debug\libraries\LoRa\LoRa.cpp.o
                0x00004c76                LoRaClass::readRegister(unsigned char)
 .text._ZN9LoRaClass9availableEv
                0x00004c80       0x10 D:\SourceTree\Smartflow\Firmware\Smartflow_V3_VGDB\Smartflow_V3_VGDB\Output\Adafruit_Metro_M4__SAMD51_\Debug\libraries\LoRa\LoRa.cpp.o
                0x00004c80                LoRaClass::available()
 .text._ZN9LoRaClass4readEv
                0x00004c90       0x22 D:\SourceTree\Smartflow\Firmware\Smartflow_V3_VGDB\Smartflow_V3_VGDB\Output\Adafruit_Metro_M4__SAMD51_\Debug\libraries\LoRa\LoRa.cpp.o
                0x00004c90                LoRaClass::read()
 *fill*         0x00004cb2        0x2 
 .text._ZN9LoRaClass13dumpRegistersER6Stream
                0x00004cb4       0x50 D:\SourceTree\Smartflow\Firmware\Smartflow_V3_VGDB\Smartflow_V3_VGDB\Output\Adafruit_Metro_M4__SAMD51_\Debug\libraries\LoRa\LoRa.cpp.o
                0x00004cb4                LoRaClass::dumpRegisters(Stream&)
 .text._ZN9LoRaClass5writeEPKhj
                0x00004d04       0x44 D:\SourceTree\Smartflow\Firmware\Smartflow_V3_VGDB\Smartflow_V3_VGDB\Output\Adafruit_Metro_M4__SAMD51_\Debug\libraries\LoRa\LoRa.cpp.o
                0x00004d04                LoRaClass::write(unsigned char const*, unsigned int)
 .text._ZN9LoRaClass4peekEv
                0x00004d48       0x34 D:\SourceTree\Smartflow\Firmware\Smartflow_V3_VGDB\Smartflow_V3_VGDB\Output\Adafruit_Metro_M4__SAMD51_\Debug\libraries\LoRa\LoRa.cpp.o
                0x00004d48                LoRaClass::peek()
 .text._ZN9LoRaClass4idleEv
                0x00004d7c        0x8 D:\SourceTree\Smartflow\Firmware\Smartflow_V3_VGDB\Smartflow_V3_VGDB\Output\Adafruit_Metro_M4__SAMD51_\Debug\libraries\LoRa\LoRa.cpp.o
                0x00004d7c                LoRaClass::idle()
 .text._ZN9LoRaClass5sleepEv
                0x00004d84        0x8 D:\SourceTree\Smartflow\Firmware\Smartflow_V3_VGDB\Smartflow_V3_VGDB\Output\Adafruit_Metro_M4__SAMD51_\Debug\libraries\LoRa\LoRa.cpp.o
                0x00004d84                LoRaClass::sleep()
 .text._ZN9LoRaClass12setFrequencyEl
                0x00004d8c       0x44 D:\SourceTree\Smartflow\Firmware\Smartflow_V3_VGDB\Smartflow_V3_VGDB\Output\Adafruit_Metro_M4__SAMD51_\Debug\libraries\LoRa\LoRa.cpp.o
                0x00004d8c                LoRaClass::setFrequency(long)
 .text._ZN9LoRaClass6setOCPEh
                0x00004dd0       0x2e D:\SourceTree\Smartflow\Firmware\Smartflow_V3_VGDB\Smartflow_V3_VGDB\Output\Adafruit_Metro_M4__SAMD51_\Debug\libraries\LoRa\LoRa.cpp.o
                0x00004dd0                LoRaClass::setOCP(unsigned char)
 .text._ZN9LoRaClass10setTxPowerEii.part.1
                0x00004dfe       0x48 D:\SourceTree\Smartflow\Firmware\Smartflow_V3_VGDB\Smartflow_V3_VGDB\Output\Adafruit_Metro_M4__SAMD51_\Debug\libraries\LoRa\LoRa.cpp.o
 .text._ZN9LoRaClass5beginEl
                0x00004e46       0xa8 D:\SourceTree\Smartflow\Firmware\Smartflow_V3_VGDB\Smartflow_V3_VGDB\Output\Adafruit_Metro_M4__SAMD51_\Debug\libraries\LoRa\LoRa.cpp.o
                0x00004e46                LoRaClass::begin(long)
 *fill*         0x00004eee        0x2 
 .text.startup._GLOBAL__sub_I__ZN9LoRaClassC2Ev
                0x00004ef0        0xc D:\SourceTree\Smartflow\Firmware\Smartflow_V3_VGDB\Smartflow_V3_VGDB\Output\Adafruit_Metro_M4__SAMD51_\Debug\libraries\LoRa\LoRa.cpp.o
 .text.SERCOM3_0_Handler
                0x00004efc        0xc D:\SourceTree\Smartflow\Firmware\Smartflow_V3_VGDB\Smartflow_V3_VGDB\Output\Adafruit_Metro_M4__SAMD51_\Debug\core\variant.cpp.o
                0x00004efc                SERCOM3_0_Handler
 .text.SERCOM3_1_Handler
                0x00004f08        0x4 D:\SourceTree\Smartflow\Firmware\Smartflow_V3_VGDB\Smartflow_V3_VGDB\Output\Adafruit_Metro_M4__SAMD51_\Debug\core\variant.cpp.o
                0x00004f08                SERCOM3_1_Handler
 .text.SERCOM3_2_Handler
                0x00004f0c        0x4 D:\SourceTree\Smartflow\Firmware\Smartflow_V3_VGDB\Smartflow_V3_VGDB\Output\Adafruit_Metro_M4__SAMD51_\Debug\core\variant.cpp.o
                0x00004f0c                SERCOM3_2_Handler
 .text.SERCOM3_3_Handler
                0x00004f10        0x4 D:\SourceTree\Smartflow\Firmware\Smartflow_V3_VGDB\Smartflow_V3_VGDB\Output\Adafruit_Metro_M4__SAMD51_\Debug\core\variant.cpp.o
                0x00004f10                SERCOM3_3_Handler
 .text.startup._GLOBAL__sub_I_g_APinDescription
                0x00004f14       0x7c D:\SourceTree\Smartflow\Firmware\Smartflow_V3_VGDB\Smartflow_V3_VGDB\Output\Adafruit_Metro_M4__SAMD51_\Debug\core\variant.cpp.o
 .text._ZN5Print5writeEPKhj
                0x00004f90       0x2c D:\SourceTree\Smartflow\Firmware\Smartflow_V3_VGDB\Smartflow_V3_VGDB\Output\Adafruit_Metro_M4__SAMD51_\Debug/core\core.a(Print.cpp.o)
                0x00004f90                Print::write(unsigned char const*, unsigned int)
 .text._ZN5Print5writeEPKc.part.2
                0x00004fbc       0x1c D:\SourceTree\Smartflow\Firmware\Smartflow_V3_VGDB\Smartflow_V3_VGDB\Output\Adafruit_Metro_M4__SAMD51_\Debug/core\core.a(Print.cpp.o)
 .text._ZN5Print5writeEPKc
                0x00004fd8        0xa D:\SourceTree\Smartflow\Firmware\Smartflow_V3_VGDB\Smartflow_V3_VGDB\Output\Adafruit_Metro_M4__SAMD51_\Debug/core\core.a(Print.cpp.o)
                0x00004fd8                Print::write(char const*)
 .text._ZN5Print5printEPKc
                0x00004fe2        0x8 D:\SourceTree\Smartflow\Firmware\Smartflow_V3_VGDB\Smartflow_V3_VGDB\Output\Adafruit_Metro_M4__SAMD51_\Debug/core\core.a(Print.cpp.o)
                0x00004fe2                Print::print(char const*)
 .text._ZN5Print5printEc
                0x00004fea        0x6 D:\SourceTree\Smartflow\Firmware\Smartflow_V3_VGDB\Smartflow_V3_VGDB\Output\Adafruit_Metro_M4__SAMD51_\Debug/core\core.a(Print.cpp.o)
                0x00004fea                Print::print(char)
 .text._ZN5Print7printlnEv
                0x00004ff0        0xc D:\SourceTree\Smartflow\Firmware\Smartflow_V3_VGDB\Smartflow_V3_VGDB\Output\Adafruit_Metro_M4__SAMD51_\Debug/core\core.a(Print.cpp.o)
                0x00004ff0                Print::println()
 .text._ZN5Print7printlnEPKc
                0x00004ffc       0x14 D:\SourceTree\Smartflow\Firmware\Smartflow_V3_VGDB\Smartflow_V3_VGDB\Output\Adafruit_Metro_M4__SAMD51_\Debug/core\core.a(Print.cpp.o)
                0x00004ffc                Print::println(char const*)
 .text._ZN5Print11printNumberEmh
                0x00005010       0x3a D:\SourceTree\Smartflow\Firmware\Smartflow_V3_VGDB\Smartflow_V3_VGDB\Output\Adafruit_Metro_M4__SAMD51_\Debug/core\core.a(Print.cpp.o)
                0x00005010                Print::printNumber(unsigned long, unsigned char)
 .text._ZN5Print5printEli
                0x0000504a       0x44 D:\SourceTree\Smartflow\Firmware\Smartflow_V3_VGDB\Smartflow_V3_VGDB\Output\Adafruit_Metro_M4__SAMD51_\Debug/core\core.a(Print.cpp.o)
                0x0000504a                Print::print(long, int)
 .text._ZN5Print5printEii
                0x0000508e        0x4 D:\SourceTree\Smartflow\Firmware\Smartflow_V3_VGDB\Smartflow_V3_VGDB\Output\Adafruit_Metro_M4__SAMD51_\Debug/core\core.a(Print.cpp.o)
                0x0000508e                Print::print(int, int)
 .text._ZN5Print5printEmi
                0x00005092       0x1a D:\SourceTree\Smartflow\Firmware\Smartflow_V3_VGDB\Smartflow_V3_VGDB\Output\Adafruit_Metro_M4__SAMD51_\Debug/core\core.a(Print.cpp.o)
                0x00005092                Print::print(unsigned long, int)
 .text._ZN5Print7printlnEhi
                0x000050ac       0x14 D:\SourceTree\Smartflow\Firmware\Smartflow_V3_VGDB\Smartflow_V3_VGDB\Output\Adafruit_Metro_M4__SAMD51_\Debug/core\core.a(Print.cpp.o)
                0x000050ac                Print::println(unsigned char, int)
 .text._ZN6SERCOMC2EP6Sercom
                0x000050c0        0x8 D:\SourceTree\Smartflow\Firmware\Smartflow_V3_VGDB\Smartflow_V3_VGDB\Output\Adafruit_Metro_M4__SAMD51_\Debug/core\core.a(SERCOM.cpp.o)
                0x000050c0                SERCOM::SERCOM(Sercom*)
                0x000050c0                SERCOM::SERCOM(Sercom*)
 .text._ZN6SERCOM9initFrameE18SercomUartCharSize15SercomDataOrder16SercomParityMode19SercomNumberStopBit
                0x000050c8       0x38 D:\SourceTree\Smartflow\Firmware\Smartflow_V3_VGDB\Smartflow_V3_VGDB\Output\Adafruit_Metro_M4__SAMD51_\Debug/core\core.a(SERCOM.cpp.o)
                0x000050c8                SERCOM::initFrame(SercomUartCharSize, SercomDataOrder, SercomParityMode, SercomNumberStopBit)
 .text._ZN6SERCOM8initPadsE15SercomUartTXPad11SercomRXPad
                0x00005100       0x24 D:\SourceTree\Smartflow\Firmware\Smartflow_V3_VGDB\Smartflow_V3_VGDB\Output\Adafruit_Metro_M4__SAMD51_\Debug/core\core.a(SERCOM.cpp.o)
                0x00005100                SERCOM::initPads(SercomUartTXPad, SercomRXPad)
 .text._ZN6SERCOM9resetUARTEv
                0x00005124       0x1a D:\SourceTree\Smartflow\Firmware\Smartflow_V3_VGDB\Smartflow_V3_VGDB\Output\Adafruit_Metro_M4__SAMD51_\Debug/core\core.a(SERCOM.cpp.o)
                0x00005124                SERCOM::resetUART()
 .text._ZN6SERCOM10enableUARTEv
                0x0000513e       0x14 D:\SourceTree\Smartflow\Firmware\Smartflow_V3_VGDB\Smartflow_V3_VGDB\Output\Adafruit_Metro_M4__SAMD51_\Debug/core\core.a(SERCOM.cpp.o)
                0x0000513e                SERCOM::enableUART()
 .text._ZN6SERCOM9flushUARTEv
                0x00005152       0x14 D:\SourceTree\Smartflow\Firmware\Smartflow_V3_VGDB\Smartflow_V3_VGDB\Output\Adafruit_Metro_M4__SAMD51_\Debug/core\core.a(SERCOM.cpp.o)
                0x00005152                SERCOM::flushUART()
 .text._ZN6SERCOM15clearStatusUARTEv
                0x00005166        0x8 D:\SourceTree\Smartflow\Firmware\Smartflow_V3_VGDB\Smartflow_V3_VGDB\Output\Adafruit_Metro_M4__SAMD51_\Debug/core\core.a(SERCOM.cpp.o)
                0x00005166                SERCOM::clearStatusUART()
 .text._ZN6SERCOM17availableDataUARTEv
                0x0000516e        0xa D:\SourceTree\Smartflow\Firmware\Smartflow_V3_VGDB\Smartflow_V3_VGDB\Output\Adafruit_Metro_M4__SAMD51_\Debug/core\core.a(SERCOM.cpp.o)
                0x0000516e                SERCOM::availableDataUART()
 .text._ZN6SERCOM11isUARTErrorEv
                0x00005178        0x8 D:\SourceTree\Smartflow\Firmware\Smartflow_V3_VGDB\Smartflow_V3_VGDB\Output\Adafruit_Metro_M4__SAMD51_\Debug/core\core.a(SERCOM.cpp.o)
                0x00005178                SERCOM::isUARTError()
 .text._ZN6SERCOM20acknowledgeUARTErrorEv
                0x00005180        0xc D:\SourceTree\Smartflow\Firmware\Smartflow_V3_VGDB\Smartflow_V3_VGDB\Output\Adafruit_Metro_M4__SAMD51_\Debug/core\core.a(SERCOM.cpp.o)
                0x00005180                SERCOM::acknowledgeUARTError()
 .text._ZN6SERCOM16isFrameErrorUARTEv
                0x0000518c        0xa D:\SourceTree\Smartflow\Firmware\Smartflow_V3_VGDB\Smartflow_V3_VGDB\Output\Adafruit_Metro_M4__SAMD51_\Debug/core\core.a(SERCOM.cpp.o)
                0x0000518c                SERCOM::isFrameErrorUART()
 .text._ZN6SERCOM19clearFrameErrorUARTEv
                0x00005196        0xc D:\SourceTree\Smartflow\Firmware\Smartflow_V3_VGDB\Smartflow_V3_VGDB\Output\Adafruit_Metro_M4__SAMD51_\Debug/core\core.a(SERCOM.cpp.o)
                0x00005196                SERCOM::clearFrameErrorUART()
 .text._ZN6SERCOM23isDataRegisterEmptyUARTEv
                0x000051a2        0xa D:\SourceTree\Smartflow\Firmware\Smartflow_V3_VGDB\Smartflow_V3_VGDB\Output\Adafruit_Metro_M4__SAMD51_\Debug/core\core.a(SERCOM.cpp.o)
                0x000051a2                SERCOM::isDataRegisterEmptyUART()
 .text._ZN6SERCOM12readDataUARTEv
                0x000051ac        0x8 D:\SourceTree\Smartflow\Firmware\Smartflow_V3_VGDB\Smartflow_V3_VGDB\Output\Adafruit_Metro_M4__SAMD51_\Debug/core\core.a(SERCOM.cpp.o)
                0x000051ac                SERCOM::readDataUART()
 .text._ZN6SERCOM13writeDataUARTEh
                0x000051b4        0xe D:\SourceTree\Smartflow\Firmware\Smartflow_V3_VGDB\Smartflow_V3_VGDB\Output\Adafruit_Metro_M4__SAMD51_\Debug/core\core.a(SERCOM.cpp.o)
                0x000051b4                SERCOM::writeDataUART(unsigned char)
 .text._ZN6SERCOM36enableDataRegisterEmptyInterruptUARTEv
                0x000051c2        0x8 D:\SourceTree\Smartflow\Firmware\Smartflow_V3_VGDB\Smartflow_V3_VGDB\Output\Adafruit_Metro_M4__SAMD51_\Debug/core\core.a(SERCOM.cpp.o)
                0x000051c2                SERCOM::enableDataRegisterEmptyInterruptUART()
 .text._ZN6SERCOM37disableDataRegisterEmptyInterruptUARTEv
                0x000051ca        0x8 D:\SourceTree\Smartflow\Firmware\Smartflow_V3_VGDB\Smartflow_V3_VGDB\Output\Adafruit_Metro_M4__SAMD51_\Debug/core\core.a(SERCOM.cpp.o)
                0x000051ca                SERCOM::disableDataRegisterEmptyInterruptUART()
 .text._ZN6SERCOM8resetSPIEv
                0x000051d2       0x1a D:\SourceTree\Smartflow\Firmware\Smartflow_V3_VGDB\Smartflow_V3_VGDB\Output\Adafruit_Metro_M4__SAMD51_\Debug/core\core.a(SERCOM.cpp.o)
                0x000051d2                SERCOM::resetSPI()
 .text._ZN6SERCOM9enableSPIEv
                0x000051ec       0x14 D:\SourceTree\Smartflow\Firmware\Smartflow_V3_VGDB\Smartflow_V3_VGDB\Output\Adafruit_Metro_M4__SAMD51_\Debug/core\core.a(SERCOM.cpp.o)
                0x000051ec                SERCOM::enableSPI()
 .text._ZN6SERCOM10disableSPIEv
                0x00005200       0x16 D:\SourceTree\Smartflow\Firmware\Smartflow_V3_VGDB\Smartflow_V3_VGDB\Output\Adafruit_Metro_M4__SAMD51_\Debug/core\core.a(SERCOM.cpp.o)
                0x00005200                SERCOM::disableSPI()
 .text._ZN6SERCOM15transferDataSPIEh
                0x00005216       0x12 D:\SourceTree\Smartflow\Firmware\Smartflow_V3_VGDB\Smartflow_V3_VGDB\Output\Adafruit_Metro_M4__SAMD51_\Debug/core\core.a(SERCOM.cpp.o)
                0x00005216                SERCOM::transferDataSPI(unsigned char)
 .text._ZN6SERCOM28calculateBaudrateSynchronousEm
                0x00005228       0x14 D:\SourceTree\Smartflow\Firmware\Smartflow_V3_VGDB\Smartflow_V3_VGDB\Output\Adafruit_Metro_M4__SAMD51_\Debug/core\core.a(SERCOM.cpp.o)
                0x00005228                SERCOM::calculateBaudrateSynchronous(unsigned long)
 .text._ZN6SERCOM12initSPIClockE18SercomSpiClockModem
                0x0000523c       0x24 D:\SourceTree\Smartflow\Firmware\Smartflow_V3_VGDB\Smartflow_V3_VGDB\Output\Adafruit_Metro_M4__SAMD51_\Debug/core\core.a(SERCOM.cpp.o)
                0x0000523c                SERCOM::initSPIClock(SercomSpiClockMode, unsigned long)
 .text._ZN6SERCOM9resetWIREEv
                0x00005260       0x1a D:\SourceTree\Smartflow\Firmware\Smartflow_V3_VGDB\Smartflow_V3_VGDB\Output\Adafruit_Metro_M4__SAMD51_\Debug/core\core.a(SERCOM.cpp.o)
                0x00005260                SERCOM::resetWIRE()
 .text._ZN6SERCOM10enableWIREEv
                0x0000527a       0x26 D:\SourceTree\Smartflow\Firmware\Smartflow_V3_VGDB\Smartflow_V3_VGDB\Output\Adafruit_Metro_M4__SAMD51_\Debug/core\core.a(SERCOM.cpp.o)
                0x0000527a                SERCOM::enableWIRE()
 .text._ZN6SERCOM18prepareNackBitWIREEv
                0x000052a0        0xe D:\SourceTree\Smartflow\Firmware\Smartflow_V3_VGDB\Smartflow_V3_VGDB\Output\Adafruit_Metro_M4__SAMD51_\Debug/core\core.a(SERCOM.cpp.o)
                0x000052a0                SERCOM::prepareNackBitWIRE()
 .text._ZN6SERCOM17prepareAckBitWIREEv
                0x000052ae        0xe D:\SourceTree\Smartflow\Firmware\Smartflow_V3_VGDB\Smartflow_V3_VGDB\Output\Adafruit_Metro_M4__SAMD51_\Debug/core\core.a(SERCOM.cpp.o)
                0x000052ae                SERCOM::prepareAckBitWIRE()
 .text._ZN6SERCOM22prepareCommandBitsWireEh
                0x000052bc       0x24 D:\SourceTree\Smartflow\Firmware\Smartflow_V3_VGDB\Smartflow_V3_VGDB\Output\Adafruit_Metro_M4__SAMD51_\Debug/core\core.a(SERCOM.cpp.o)
                0x000052bc                SERCOM::prepareCommandBitsWire(unsigned char)
 .text._ZN6SERCOM17sendDataSlaveWIREEh
                0x000052e0       0x1a D:\SourceTree\Smartflow\Firmware\Smartflow_V3_VGDB\Smartflow_V3_VGDB\Output\Adafruit_Metro_M4__SAMD51_\Debug/core\core.a(SERCOM.cpp.o)
                0x000052e0                SERCOM::sendDataSlaveWIRE(unsigned char)
 .text._ZN6SERCOM11isSlaveWIREEv
                0x000052fa       0x10 D:\SourceTree\Smartflow\Firmware\Smartflow_V3_VGDB\Smartflow_V3_VGDB\Output\Adafruit_Metro_M4__SAMD51_\Debug/core\core.a(SERCOM.cpp.o)
                0x000052fa                SERCOM::isSlaveWIRE()
 .text._ZN6SERCOM15isDataReadyWIREEv
                0x0000530a        0xa D:\SourceTree\Smartflow\Firmware\Smartflow_V3_VGDB\Smartflow_V3_VGDB\Output\Adafruit_Metro_M4__SAMD51_\Debug/core\core.a(SERCOM.cpp.o)
                0x0000530a                SERCOM::isDataReadyWIRE()
 .text._ZN6SERCOM18isStopDetectedWIREEv
                0x00005314        0xa D:\SourceTree\Smartflow\Firmware\Smartflow_V3_VGDB\Smartflow_V3_VGDB\Output\Adafruit_Metro_M4__SAMD51_\Debug/core\core.a(SERCOM.cpp.o)
                0x00005314                SERCOM::isStopDetectedWIRE()
 .text._ZN6SERCOM21isRestartDetectedWIREEv
                0x0000531e        0xa D:\SourceTree\Smartflow\Firmware\Smartflow_V3_VGDB\Smartflow_V3_VGDB\Output\Adafruit_Metro_M4__SAMD51_\Debug/core\core.a(SERCOM.cpp.o)
                0x0000531e                SERCOM::isRestartDetectedWIRE()
 .text._ZN6SERCOM14isAddressMatchEv
                0x00005328        0xa D:\SourceTree\Smartflow\Firmware\Smartflow_V3_VGDB\Smartflow_V3_VGDB\Output\Adafruit_Metro_M4__SAMD51_\Debug/core\core.a(SERCOM.cpp.o)
                0x00005328                SERCOM::isAddressMatch()
 .text._ZN6SERCOM25isMasterReadOperationWIREEv
                0x00005332        0xa D:\SourceTree\Smartflow\Firmware\Smartflow_V3_VGDB\Smartflow_V3_VGDB\Output\Adafruit_Metro_M4__SAMD51_\Debug/core\core.a(SERCOM.cpp.o)
                0x00005332                SERCOM::isMasterReadOperationWIRE()
 .text._ZN6SERCOM12readDataWIREEv
                0x0000533c       0x18 D:\SourceTree\Smartflow\Firmware\Smartflow_V3_VGDB\Smartflow_V3_VGDB\Output\Adafruit_Metro_M4__SAMD51_\Debug/core\core.a(SERCOM.cpp.o)
                0x0000533c                SERCOM::readDataWIRE()
 .text._ZN6SERCOM14getSercomIndexEv
                0x00005354       0x58 D:\SourceTree\Smartflow\Firmware\Smartflow_V3_VGDB\Smartflow_V3_VGDB\Output\Adafruit_Metro_M4__SAMD51_\Debug/core\core.a(SERCOM.cpp.o)
                0x00005354                SERCOM::getSercomIndex()
 .text._ZN6SERCOM14setClockSourceEa17SercomClockSourceb
                0x000053ac       0xc0 D:\SourceTree\Smartflow\Firmware\Smartflow_V3_VGDB\Smartflow_V3_VGDB\Output\Adafruit_Metro_M4__SAMD51_\Debug/core\core.a(SERCOM.cpp.o)
                0x000053ac                SERCOM::setClockSource(signed char, SercomClockSource, bool)
 .text._ZN6SERCOM13initClockNVICEv
                0x0000546c       0x98 D:\SourceTree\Smartflow\Firmware\Smartflow_V3_VGDB\Smartflow_V3_VGDB\Output\Adafruit_Metro_M4__SAMD51_\Debug/core\core.a(SERCOM.cpp.o)
                0x0000546c                SERCOM::initClockNVIC()
 .text._ZN6SERCOM8initUARTE14SercomUartMode20SercomUartSampleRatem
                0x00005504       0x64 D:\SourceTree\Smartflow\Firmware\Smartflow_V3_VGDB\Smartflow_V3_VGDB\Output\Adafruit_Metro_M4__SAMD51_\Debug/core\core.a(SERCOM.cpp.o)
                0x00005504                SERCOM::initUART(SercomUartMode, SercomUartSampleRate, unsigned long)
 .text._ZN6SERCOM7initSPIE14SercomSpiTXPad11SercomRXPad17SercomSpiCharSize15SercomDataOrder
                0x00005568       0x46 D:\SourceTree\Smartflow\Firmware\Smartflow_V3_VGDB\Smartflow_V3_VGDB\Output\Adafruit_Metro_M4__SAMD51_\Debug/core\core.a(SERCOM.cpp.o)
                0x00005568                SERCOM::initSPI(SercomSpiTXPad, SercomRXPad, SercomSpiCharSize, SercomDataOrder)
 *fill*         0x000055ae        0x2 
 .text._ZN6SERCOM14initMasterWIREEm
                0x000055b0       0x34 D:\SourceTree\Smartflow\Firmware\Smartflow_V3_VGDB\Smartflow_V3_VGDB\Output\Adafruit_Metro_M4__SAMD51_\Debug/core\core.a(SERCOM.cpp.o)
                0x000055b0                SERCOM::initMasterWIRE(unsigned long)
 .text._ZN6Stream10setTimeoutEm
                0x000055e4        0x4 D:\SourceTree\Smartflow\Firmware\Smartflow_V3_VGDB\Smartflow_V3_VGDB\Output\Adafruit_Metro_M4__SAMD51_\Debug/core\core.a(Stream.cpp.o)
                0x000055e4                Stream::setTimeout(unsigned long)
 .text._ZN7Serial_17availableForWriteEv
                0x000055e8        0x4 D:\SourceTree\Smartflow\Firmware\Smartflow_V3_VGDB\Smartflow_V3_VGDB\Output\Adafruit_Metro_M4__SAMD51_\Debug/core\core.a(CDC.cpp.o)
                0x000055e8                Serial_::availableForWrite()
 .text._ZN7Serial_5writeEh
                0x000055ec       0x16 D:\SourceTree\Smartflow\Firmware\Smartflow_V3_VGDB\Smartflow_V3_VGDB\Output\Adafruit_Metro_M4__SAMD51_\Debug/core\core.a(CDC.cpp.o)
                0x000055ec                Serial_::write(unsigned char)
 .text._ZN7Serial_9availableEv
                0x00005602        0x8 D:\SourceTree\Smartflow\Firmware\Smartflow_V3_VGDB\Smartflow_V3_VGDB\Output\Adafruit_Metro_M4__SAMD51_\Debug/core\core.a(CDC.cpp.o)
                0x00005602                Serial_::available()
 .text._ZN7Serial_5flushEv
                0x0000560a        0x8 D:\SourceTree\Smartflow\Firmware\Smartflow_V3_VGDB\Smartflow_V3_VGDB\Output\Adafruit_Metro_M4__SAMD51_\Debug/core\core.a(CDC.cpp.o)
                0x0000560a                Serial_::flush()
 *fill*         0x00005612        0x2 
 .text._ZN7Serial_5writeEPKhj
                0x00005614       0x28 D:\SourceTree\Smartflow\Firmware\Smartflow_V3_VGDB\Smartflow_V3_VGDB\Output\Adafruit_Metro_M4__SAMD51_\Debug/core\core.a(CDC.cpp.o)
                0x00005614                Serial_::write(unsigned char const*, unsigned int)
 .text._ZN7Serial_4peekEv
                0x0000563c       0x1c D:\SourceTree\Smartflow\Firmware\Smartflow_V3_VGDB\Smartflow_V3_VGDB\Output\Adafruit_Metro_M4__SAMD51_\Debug/core\core.a(CDC.cpp.o)
                0x0000563c                Serial_::peek()
 .text._ZN7Serial_4readEv
                0x00005658       0x20 D:\SourceTree\Smartflow\Firmware\Smartflow_V3_VGDB\Smartflow_V3_VGDB\Output\Adafruit_Metro_M4__SAMD51_\Debug/core\core.a(CDC.cpp.o)
                0x00005658                Serial_::read()
 .text._Z16CDC_GetInterfacePh
                0x00005678       0x18 D:\SourceTree\Smartflow\Firmware\Smartflow_V3_VGDB\Smartflow_V3_VGDB\Output\Adafruit_Metro_M4__SAMD51_\Debug/core\core.a(CDC.cpp.o)
                0x00005678                CDC_GetInterface(unsigned char*)
 .text._Z9CDC_SetupR8USBSetup
                0x00005690       0x74 D:\SourceTree\Smartflow\Firmware\Smartflow_V3_VGDB\Smartflow_V3_VGDB\Output\Adafruit_Metro_M4__SAMD51_\Debug/core\core.a(CDC.cpp.o)
                0x00005690                CDC_Setup(USBSetup&)
 .text._ZN7Serial_5beginEm
                0x00005704        0x2 D:\SourceTree\Smartflow\Firmware\Smartflow_V3_VGDB\Smartflow_V3_VGDB\Output\Adafruit_Metro_M4__SAMD51_\Debug/core\core.a(CDC.cpp.o)
                0x00005704                Serial_::begin(unsigned long)
 *fill*         0x00005706        0x2 
 .text.startup._GLOBAL__sub_I__Z17_CDC_GetInterfacev
                0x00005708       0x24 D:\SourceTree\Smartflow\Firmware\Smartflow_V3_VGDB\Smartflow_V3_VGDB\Output\Adafruit_Metro_M4__SAMD51_\Debug/core\core.a(CDC.cpp.o)
 .text._ZN26DoubleBufferedEPOutHandler4initEv
                0x0000572c        0x2 D:\SourceTree\Smartflow\Firmware\Smartflow_V3_VGDB\Smartflow_V3_VGDB\Output\Adafruit_Metro_M4__SAMD51_\Debug/core\core.a(USBCore.cpp.o)
                0x0000572c                DoubleBufferedEPOutHandler::init()
 .text._ZL5utox8mPc
                0x0000572e       0x22 D:\SourceTree\Smartflow\Firmware\Smartflow_V3_VGDB\Smartflow_V3_VGDB\Output\Adafruit_Metro_M4__SAMD51_\Debug/core\core.a(USBCore.cpp.o)
 .text._ZN26DoubleBufferedEPOutHandlerD2Ev
                0x00005750       0x14 D:\SourceTree\Smartflow\Firmware\Smartflow_V3_VGDB\Smartflow_V3_VGDB\Output\Adafruit_Metro_M4__SAMD51_\Debug/core\core.a(USBCore.cpp.o)
                0x00005750                DoubleBufferedEPOutHandler::~DoubleBufferedEPOutHandler()
                0x00005750                DoubleBufferedEPOutHandler::~DoubleBufferedEPOutHandler()
 .text._ZN26DoubleBufferedEPOutHandlerD0Ev
                0x00005764       0x12 D:\SourceTree\Smartflow\Firmware\Smartflow_V3_VGDB\Smartflow_V3_VGDB\Output\Adafruit_Metro_M4__SAMD51_\Debug/core\core.a(USBCore.cpp.o)
                0x00005764                DoubleBufferedEPOutHandler::~DoubleBufferedEPOutHandler()
 *fill*         0x00005776        0x2 
 .text._ZN14USBDeviceClass6initEPEmm.part.5
                0x00005778       0xc4 D:\SourceTree\Smartflow\Firmware\Smartflow_V3_VGDB\Smartflow_V3_VGDB\Output\Adafruit_Metro_M4__SAMD51_\Debug/core\core.a(USBCore.cpp.o)
 .text._ZN7__GuardC2Ev
                0x0000583c        0xe D:\SourceTree\Smartflow\Firmware\Smartflow_V3_VGDB\Smartflow_V3_VGDB\Output\Adafruit_Metro_M4__SAMD51_\Debug/core\core.a(USBCore.cpp.o)
                0x0000583c                __Guard::__Guard()
                0x0000583c                __Guard::__Guard()
 .text._ZN7__GuardD2Ev
                0x0000584a        0xc D:\SourceTree\Smartflow\Firmware\Smartflow_V3_VGDB\Smartflow_V3_VGDB\Output\Adafruit_Metro_M4__SAMD51_\Debug/core\core.a(USBCore.cpp.o)
                0x0000584a                __Guard::~__Guard()
                0x0000584a                __Guard::~__Guard()
 .text._ZNK26DoubleBufferedEPOutHandler9availableEv
                0x00005856       0x5e D:\SourceTree\Smartflow\Firmware\Smartflow_V3_VGDB\Smartflow_V3_VGDB\Output\Adafruit_Metro_M4__SAMD51_\Debug/core\core.a(USBCore.cpp.o)
                0x00005856                DoubleBufferedEPOutHandler::available() const
 .text._ZN26DoubleBufferedEPOutHandler7releaseEv
                0x000058b4       0x4e D:\SourceTree\Smartflow\Firmware\Smartflow_V3_VGDB\Smartflow_V3_VGDB\Output\Adafruit_Metro_M4__SAMD51_\Debug/core\core.a(USBCore.cpp.o)
                0x000058b4                DoubleBufferedEPOutHandler::release()
 .text._ZN26DoubleBufferedEPOutHandler4recvEPvm
                0x00005902      0x116 D:\SourceTree\Smartflow\Firmware\Smartflow_V3_VGDB\Smartflow_V3_VGDB\Output\Adafruit_Metro_M4__SAMD51_\Debug/core\core.a(USBCore.cpp.o)
                0x00005902                DoubleBufferedEPOutHandler::recv(void*, unsigned long)
 .text._ZN26DoubleBufferedEPOutHandler14handleEndpointEv
                0x00005a18       0xb8 D:\SourceTree\Smartflow\Firmware\Smartflow_V3_VGDB\Smartflow_V3_VGDB\Output\Adafruit_Metro_M4__SAMD51_\Debug/core\core.a(USBCore.cpp.o)
                0x00005a18                DoubleBufferedEPOutHandler::handleEndpoint()
 .text._ZN14USBDeviceClass14SendInterfacesEPm
                0x00005ad0       0x30 D:\SourceTree\Smartflow\Firmware\Smartflow_V3_VGDB\Smartflow_V3_VGDB\Output\Adafruit_Metro_M4__SAMD51_\Debug/core\core.a(USBCore.cpp.o)
                0x00005ad0                USBDeviceClass::SendInterfaces(unsigned long*)
 .text._ZN14USBDeviceClass14handleEndpointEh
                0x00005b00       0x3c D:\SourceTree\Smartflow\Firmware\Smartflow_V3_VGDB\Smartflow_V3_VGDB\Output\Adafruit_Metro_M4__SAMD51_\Debug/core\core.a(USBCore.cpp.o)
                0x00005b00                USBDeviceClass::handleEndpoint(unsigned char)
 .text._ZN14USBDeviceClass4initEv
                0x00005b3c      0x124 D:\SourceTree\Smartflow\Firmware\Smartflow_V3_VGDB\Smartflow_V3_VGDB\Output\Adafruit_Metro_M4__SAMD51_\Debug/core\core.a(USBCore.cpp.o)
                0x00005b3c                USBDeviceClass::init()
 .text._ZN14USBDeviceClass6attachEv
                0x00005c60       0x30 D:\SourceTree\Smartflow\Firmware\Smartflow_V3_VGDB\Smartflow_V3_VGDB\Output\Adafruit_Metro_M4__SAMD51_\Debug/core\core.a(USBCore.cpp.o)
                0x00005c60                USBDeviceClass::attach()
 .text._ZN14USBDeviceClass10setAddressEm
                0x00005c90       0x40 D:\SourceTree\Smartflow\Firmware\Smartflow_V3_VGDB\Smartflow_V3_VGDB\Output\Adafruit_Metro_M4__SAMD51_\Debug/core\core.a(USBCore.cpp.o)
                0x00005c90                USBDeviceClass::setAddress(unsigned long)
 .text._ZN14USBDeviceClass25handleClassInterfaceSetupER8USBSetup
                0x00005cd0       0x40 D:\SourceTree\Smartflow\Firmware\Smartflow_V3_VGDB\Smartflow_V3_VGDB\Output\Adafruit_Metro_M4__SAMD51_\Debug/core\core.a(USBCore.cpp.o)
                0x00005cd0                USBDeviceClass::handleClassInterfaceSetup(USBSetup&)
 .text._ZN14USBDeviceClass6initEPEmm
                0x00005d10       0xe0 D:\SourceTree\Smartflow\Firmware\Smartflow_V3_VGDB\Smartflow_V3_VGDB\Output\Adafruit_Metro_M4__SAMD51_\Debug/core\core.a(USBCore.cpp.o)
                0x00005d10                USBDeviceClass::initEP(unsigned long, unsigned long)
 .text._ZN14USBDeviceClass13initEndpointsEv
                0x00005df0       0x20 D:\SourceTree\Smartflow\Firmware\Smartflow_V3_VGDB\Smartflow_V3_VGDB\Output\Adafruit_Metro_M4__SAMD51_\Debug/core\core.a(USBCore.cpp.o)
                0x00005df0                USBDeviceClass::initEndpoints()
 .text._ZN14USBDeviceClass9availableEm
                0x00005e10       0x28 D:\SourceTree\Smartflow\Firmware\Smartflow_V3_VGDB\Smartflow_V3_VGDB\Output\Adafruit_Metro_M4__SAMD51_\Debug/core\core.a(USBCore.cpp.o)
                0x00005e10                USBDeviceClass::available(unsigned long)
 .text._ZN14USBDeviceClass5flushEm
                0x00005e38       0x28 D:\SourceTree\Smartflow\Firmware\Smartflow_V3_VGDB\Smartflow_V3_VGDB\Output\Adafruit_Metro_M4__SAMD51_\Debug/core\core.a(USBCore.cpp.o)
                0x00005e38                USBDeviceClass::flush(unsigned long)
 .text._ZN14USBDeviceClass14armRecvCtrlOUTEm
                0x00005e60       0x54 D:\SourceTree\Smartflow\Firmware\Smartflow_V3_VGDB\Smartflow_V3_VGDB\Output\Adafruit_Metro_M4__SAMD51_\Debug/core\core.a(USBCore.cpp.o)
                0x00005e60                USBDeviceClass::armRecvCtrlOUT(unsigned long)
 .text._ZN14USBDeviceClass11recvControlEPvm
                0x00005eb4       0x3c D:\SourceTree\Smartflow\Firmware\Smartflow_V3_VGDB\Smartflow_V3_VGDB\Output\Adafruit_Metro_M4__SAMD51_\Debug/core\core.a(USBCore.cpp.o)
                0x00005eb4                USBDeviceClass::recvControl(void*, unsigned long)
 .text._ZN14USBDeviceClass7armRecvEm
                0x00005ef0       0x34 D:\SourceTree\Smartflow\Firmware\Smartflow_V3_VGDB\Smartflow_V3_VGDB\Output\Adafruit_Metro_M4__SAMD51_\Debug/core\core.a(USBCore.cpp.o)
                0x00005ef0                USBDeviceClass::armRecv(unsigned long)
 .text._ZN14USBDeviceClass4recvEmPvm
                0x00005f24       0xd8 D:\SourceTree\Smartflow\Firmware\Smartflow_V3_VGDB\Smartflow_V3_VGDB\Output\Adafruit_Metro_M4__SAMD51_\Debug/core\core.a(USBCore.cpp.o)
                0x00005f24                USBDeviceClass::recv(unsigned long, void*, unsigned long)
 .text._ZN14USBDeviceClass4recvEm
                0x00005ffc       0x1e D:\SourceTree\Smartflow\Firmware\Smartflow_V3_VGDB\Smartflow_V3_VGDB\Output\Adafruit_Metro_M4__SAMD51_\Debug/core\core.a(USBCore.cpp.o)
                0x00005ffc                USBDeviceClass::recv(unsigned long)
 *fill*         0x0000601a        0x2 
 .text._ZN14USBDeviceClass4sendEmPKvm
                0x0000601c      0x108 D:\SourceTree\Smartflow\Firmware\Smartflow_V3_VGDB\Smartflow_V3_VGDB\Output\Adafruit_Metro_M4__SAMD51_\Debug/core\core.a(USBCore.cpp.o)
                0x0000601c                USBDeviceClass::send(unsigned long, void const*, unsigned long)
 .text._ZN14USBDeviceClass7armSendEmPKvm
                0x00006124       0x3c D:\SourceTree\Smartflow\Firmware\Smartflow_V3_VGDB\Smartflow_V3_VGDB\Output\Adafruit_Metro_M4__SAMD51_\Debug/core\core.a(USBCore.cpp.o)
                0x00006124                USBDeviceClass::armSend(unsigned long, void const*, unsigned long)
 .text._ZN14USBDeviceClass11sendControlEPKvm
                0x00006160       0x58 D:\SourceTree\Smartflow\Firmware\Smartflow_V3_VGDB\Smartflow_V3_VGDB\Output\Adafruit_Metro_M4__SAMD51_\Debug/core\core.a(USBCore.cpp.o)
                0x00006160                USBDeviceClass::sendControl(void const*, unsigned long)
 .text._ZN14USBDeviceClass20sendStringDescriptorEPKhh
                0x000061b8       0x6c D:\SourceTree\Smartflow\Firmware\Smartflow_V3_VGDB\Smartflow_V3_VGDB\Output\Adafruit_Metro_M4__SAMD51_\Debug/core\core.a(USBCore.cpp.o)
                0x000061b8                USBDeviceClass::sendStringDescriptor(unsigned char const*, unsigned char)
 .text._ZN14USBDeviceClass17sendConfigurationEm
                0x00006224       0xa0 D:\SourceTree\Smartflow\Firmware\Smartflow_V3_VGDB\Smartflow_V3_VGDB\Output\Adafruit_Metro_M4__SAMD51_\Debug/core\core.a(USBCore.cpp.o)
                0x00006224                USBDeviceClass::sendConfiguration(unsigned long)
 .text._ZN14USBDeviceClass14sendDescriptorER8USBSetup
                0x000062c4       0xe8 D:\SourceTree\Smartflow\Firmware\Smartflow_V3_VGDB\Smartflow_V3_VGDB\Output\Adafruit_Metro_M4__SAMD51_\Debug/core\core.a(USBCore.cpp.o)
                0x000062c4                USBDeviceClass::sendDescriptor(USBSetup&)
 .text._ZN14USBDeviceClass19handleStandardSetupER8USBSetup
                0x000063ac      0x114 D:\SourceTree\Smartflow\Firmware\Smartflow_V3_VGDB\Smartflow_V3_VGDB\Output\Adafruit_Metro_M4__SAMD51_\Debug/core\core.a(USBCore.cpp.o)
                0x000063ac                USBDeviceClass::handleStandardSetup(USBSetup&)
 .text._ZN14USBDeviceClass10ISRHandlerEv
                0x000064c0      0x158 D:\SourceTree\Smartflow\Firmware\Smartflow_V3_VGDB\Smartflow_V3_VGDB\Output\Adafruit_Metro_M4__SAMD51_\Debug/core\core.a(USBCore.cpp.o)
                0x000064c0                USBDeviceClass::ISRHandler()
 .text.UDD_Handler
                0x00006618        0xc D:\SourceTree\Smartflow\Firmware\Smartflow_V3_VGDB\Smartflow_V3_VGDB\Output\Adafruit_Metro_M4__SAMD51_\Debug/core\core.a(USBCore.cpp.o)
                0x00006618                UDD_Handler
 .text.startup._GLOBAL__sub_I_usbd
                0x00006624       0x10 D:\SourceTree\Smartflow\Firmware\Smartflow_V3_VGDB\Smartflow_V3_VGDB\Output\Adafruit_Metro_M4__SAMD51_\Debug/core\core.a(USBCore.cpp.o)
 .text._ZN4UartcvbEv
                0x00006634        0x4 D:\SourceTree\Smartflow\Firmware\Smartflow_V3_VGDB\Smartflow_V3_VGDB\Output\Adafruit_Metro_M4__SAMD51_\Debug/core\core.a(Uart.cpp.o)
                0x00006634                Uart::operator bool()
 .text._ZN4Uart5beginEm
                0x00006638        0xa D:\SourceTree\Smartflow\Firmware\Smartflow_V3_VGDB\Smartflow_V3_VGDB\Output\Adafruit_Metro_M4__SAMD51_\Debug/core\core.a(Uart.cpp.o)
                0x00006638                Uart::begin(unsigned long)
 .text._ZN4Uart4peekEv
                0x00006642       0x1a D:\SourceTree\Smartflow\Firmware\Smartflow_V3_VGDB\Smartflow_V3_VGDB\Output\Adafruit_Metro_M4__SAMD51_\Debug/core\core.a(Uart.cpp.o)
                0x00006642                Uart::peek()
 .text._ZN4Uart3endEv
                0x0000665c       0x1e D:\SourceTree\Smartflow\Firmware\Smartflow_V3_VGDB\Smartflow_V3_VGDB\Output\Adafruit_Metro_M4__SAMD51_\Debug/core\core.a(Uart.cpp.o)
                0x0000665c                Uart::end()
 .text._ZN4Uart16extractNbStopBitEt
                0x0000667a        0xe D:\SourceTree\Smartflow\Firmware\Smartflow_V3_VGDB\Smartflow_V3_VGDB\Output\Adafruit_Metro_M4__SAMD51_\Debug/core\core.a(Uart.cpp.o)
                0x0000667a                Uart::extractNbStopBit(unsigned short)
 .text._ZN4Uart15extractCharSizeEt
                0x00006688       0x24 D:\SourceTree\Smartflow\Firmware\Smartflow_V3_VGDB\Smartflow_V3_VGDB\Output\Adafruit_Metro_M4__SAMD51_\Debug/core\core.a(Uart.cpp.o)
                0x00006688                Uart::extractCharSize(unsigned short)
 .text._ZN4Uart13extractParityEt
                0x000066ac       0x16 D:\SourceTree\Smartflow\Firmware\Smartflow_V3_VGDB\Smartflow_V3_VGDB\Output\Adafruit_Metro_M4__SAMD51_\Debug/core\core.a(Uart.cpp.o)
                0x000066ac                Uart::extractParity(unsigned short)
 *fill*         0x000066c2        0x2 
 .text._ZN4Uart5beginEmt
                0x000066c4       0xe0 D:\SourceTree\Smartflow\Firmware\Smartflow_V3_VGDB\Smartflow_V3_VGDB\Output\Adafruit_Metro_M4__SAMD51_\Debug/core\core.a(Uart.cpp.o)
                0x000066c4                Uart::begin(unsigned long, unsigned short)
 .text._ZN11RingBufferNILi256EEC2Ev
                0x000067a4       0x18 D:\SourceTree\Smartflow\Firmware\Smartflow_V3_VGDB\Smartflow_V3_VGDB\Output\Adafruit_Metro_M4__SAMD51_\Debug/core\core.a(Uart.cpp.o)
                0x000067a4                RingBufferN<256>::RingBufferN()
                0x000067a4                RingBufferN<256>::RingBufferN()
 .text._ZN4UartC2EP6SERCOMhh11SercomRXPad15SercomUartTXPad
                0x000067bc       0x54 D:\SourceTree\Smartflow\Firmware\Smartflow_V3_VGDB\Smartflow_V3_VGDB\Output\Adafruit_Metro_M4__SAMD51_\Debug/core\core.a(Uart.cpp.o)
                0x000067bc                Uart::Uart(SERCOM*, unsigned char, unsigned char, SercomRXPad, SercomUartTXPad)
                0x000067bc                Uart::Uart(SERCOM*, unsigned char, unsigned char, SercomRXPad, SercomUartTXPad)
 .text._ZN11RingBufferNILi256EE9availableEv
                0x00006810       0x12 D:\SourceTree\Smartflow\Firmware\Smartflow_V3_VGDB\Smartflow_V3_VGDB\Output\Adafruit_Metro_M4__SAMD51_\Debug/core\core.a(Uart.cpp.o)
                0x00006810                RingBufferN<256>::available()
 .text._ZN4Uart5flushEv
                0x00006822       0x1c D:\SourceTree\Smartflow\Firmware\Smartflow_V3_VGDB\Smartflow_V3_VGDB\Output\Adafruit_Metro_M4__SAMD51_\Debug/core\core.a(Uart.cpp.o)
                0x00006822                Uart::flush()
 .text._ZN4Uart9availableEv
                0x0000683e        0xa D:\SourceTree\Smartflow\Firmware\Smartflow_V3_VGDB\Smartflow_V3_VGDB\Output\Adafruit_Metro_M4__SAMD51_\Debug/core\core.a(Uart.cpp.o)
                0x0000683e                Uart::available()
 .text._ZN11RingBufferNILi256EE17availableForStoreEv
                0x00006848       0x2c D:\SourceTree\Smartflow\Firmware\Smartflow_V3_VGDB\Smartflow_V3_VGDB\Output\Adafruit_Metro_M4__SAMD51_\Debug/core\core.a(Uart.cpp.o)
                0x00006848                RingBufferN<256>::availableForStore()
 .text._ZN4Uart17availableForWriteEv
                0x00006874        0xc D:\SourceTree\Smartflow\Firmware\Smartflow_V3_VGDB\Smartflow_V3_VGDB\Output\Adafruit_Metro_M4__SAMD51_\Debug/core\core.a(Uart.cpp.o)
                0x00006874                Uart::availableForWrite()
 .text._ZN4Uart10IrqHandlerEv
                0x00006880       0xc4 D:\SourceTree\Smartflow\Firmware\Smartflow_V3_VGDB\Smartflow_V3_VGDB\Output\Adafruit_Metro_M4__SAMD51_\Debug/core\core.a(Uart.cpp.o)
                0x00006880                Uart::IrqHandler()
 .text._ZN4Uart5writeEh
                0x00006944       0xac D:\SourceTree\Smartflow\Firmware\Smartflow_V3_VGDB\Smartflow_V3_VGDB\Output\Adafruit_Metro_M4__SAMD51_\Debug/core\core.a(Uart.cpp.o)
                0x00006944                Uart::write(unsigned char)
 .text._ZN4Uart4readEv
                0x000069f0       0x4a D:\SourceTree\Smartflow\Firmware\Smartflow_V3_VGDB\Smartflow_V3_VGDB\Output\Adafruit_Metro_M4__SAMD51_\Debug/core\core.a(Uart.cpp.o)
                0x000069f0                Uart::read()
 *fill*         0x00006a3a        0x2 
 .text.InterruptHandler
                0x00006a3c       0x40 D:\SourceTree\Smartflow\Firmware\Smartflow_V3_VGDB\Smartflow_V3_VGDB\Output\Adafruit_Metro_M4__SAMD51_\Debug/core\core.a(WInterrupts.c.o)
                0x00006a3c                InterruptHandler
 .text.EIC_0_Handler
                0x00006a7c        0x6 D:\SourceTree\Smartflow\Firmware\Smartflow_V3_VGDB\Smartflow_V3_VGDB\Output\Adafruit_Metro_M4__SAMD51_\Debug/core\core.a(WInterrupts.c.o)
                0x00006a7c                EIC_0_Handler
 .text.EIC_1_Handler
                0x00006a82        0x6 D:\SourceTree\Smartflow\Firmware\Smartflow_V3_VGDB\Smartflow_V3_VGDB\Output\Adafruit_Metro_M4__SAMD51_\Debug/core\core.a(WInterrupts.c.o)
                0x00006a82                EIC_1_Handler
 .text.EIC_2_Handler
                0x00006a88        0x6 D:\SourceTree\Smartflow\Firmware\Smartflow_V3_VGDB\Smartflow_V3_VGDB\Output\Adafruit_Metro_M4__SAMD51_\Debug/core\core.a(WInterrupts.c.o)
                0x00006a88                EIC_2_Handler
 .text.EIC_3_Handler
                0x00006a8e        0x6 D:\SourceTree\Smartflow\Firmware\Smartflow_V3_VGDB\Smartflow_V3_VGDB\Output\Adafruit_Metro_M4__SAMD51_\Debug/core\core.a(WInterrupts.c.o)
                0x00006a8e                EIC_3_Handler
 .text.EIC_4_Handler
                0x00006a94        0x6 D:\SourceTree\Smartflow\Firmware\Smartflow_V3_VGDB\Smartflow_V3_VGDB\Output\Adafruit_Metro_M4__SAMD51_\Debug/core\core.a(WInterrupts.c.o)
                0x00006a94                EIC_4_Handler
 .text.EIC_5_Handler
                0x00006a9a        0x6 D:\SourceTree\Smartflow\Firmware\Smartflow_V3_VGDB\Smartflow_V3_VGDB\Output\Adafruit_Metro_M4__SAMD51_\Debug/core\core.a(WInterrupts.c.o)
                0x00006a9a                EIC_5_Handler
 .text.EIC_6_Handler
                0x00006aa0        0x6 D:\SourceTree\Smartflow\Firmware\Smartflow_V3_VGDB\Smartflow_V3_VGDB\Output\Adafruit_Metro_M4__SAMD51_\Debug/core\core.a(WInterrupts.c.o)
                0x00006aa0                EIC_6_Handler
 .text.EIC_7_Handler
                0x00006aa6        0x6 D:\SourceTree\Smartflow\Firmware\Smartflow_V3_VGDB\Smartflow_V3_VGDB\Output\Adafruit_Metro_M4__SAMD51_\Debug/core\core.a(WInterrupts.c.o)
                0x00006aa6                EIC_7_Handler
 .text.EIC_8_Handler
                0x00006aac        0x6 D:\SourceTree\Smartflow\Firmware\Smartflow_V3_VGDB\Smartflow_V3_VGDB\Output\Adafruit_Metro_M4__SAMD51_\Debug/core\core.a(WInterrupts.c.o)
                0x00006aac                EIC_8_Handler
 .text.EIC_9_Handler
                0x00006ab2        0x6 D:\SourceTree\Smartflow\Firmware\Smartflow_V3_VGDB\Smartflow_V3_VGDB\Output\Adafruit_Metro_M4__SAMD51_\Debug/core\core.a(WInterrupts.c.o)
                0x00006ab2                EIC_9_Handler
 .text.EIC_10_Handler
                0x00006ab8        0x6 D:\SourceTree\Smartflow\Firmware\Smartflow_V3_VGDB\Smartflow_V3_VGDB\Output\Adafruit_Metro_M4__SAMD51_\Debug/core\core.a(WInterrupts.c.o)
                0x00006ab8                EIC_10_Handler
 .text.EIC_11_Handler
                0x00006abe        0x6 D:\SourceTree\Smartflow\Firmware\Smartflow_V3_VGDB\Smartflow_V3_VGDB\Output\Adafruit_Metro_M4__SAMD51_\Debug/core\core.a(WInterrupts.c.o)
                0x00006abe                EIC_11_Handler
 .text.EIC_12_Handler
                0x00006ac4        0x6 D:\SourceTree\Smartflow\Firmware\Smartflow_V3_VGDB\Smartflow_V3_VGDB\Output\Adafruit_Metro_M4__SAMD51_\Debug/core\core.a(WInterrupts.c.o)
                0x00006ac4                EIC_12_Handler
 .text.EIC_13_Handler
                0x00006aca        0x6 D:\SourceTree\Smartflow\Firmware\Smartflow_V3_VGDB\Smartflow_V3_VGDB\Output\Adafruit_Metro_M4__SAMD51_\Debug/core\core.a(WInterrupts.c.o)
                0x00006aca                EIC_13_Handler
 .text.EIC_14_Handler
                0x00006ad0        0x6 D:\SourceTree\Smartflow\Firmware\Smartflow_V3_VGDB\Smartflow_V3_VGDB\Output\Adafruit_Metro_M4__SAMD51_\Debug/core\core.a(WInterrupts.c.o)
                0x00006ad0                EIC_14_Handler
 .text.EIC_15_Handler
                0x00006ad6        0x6 D:\SourceTree\Smartflow\Firmware\Smartflow_V3_VGDB\Smartflow_V3_VGDB\Output\Adafruit_Metro_M4__SAMD51_\Debug/core\core.a(WInterrupts.c.o)
                0x00006ad6                EIC_15_Handler
 .text.Dummy_Handler
                0x00006adc        0x2 D:\SourceTree\Smartflow\Firmware\Smartflow_V3_VGDB\Smartflow_V3_VGDB\Output\Adafruit_Metro_M4__SAMD51_\Debug/core\core.a(cortex_handlers.c.o)
                0x00006adc                SERCOM0_2_Handler
                0x00006adc                DebugMon_Handler
                0x00006adc                EVSYS_0_Handler
                0x00006adc                TCC1_3_Handler
                0x00006adc                DAC_3_Handler
                0x00006adc                TRNG_Handler
                0x00006adc                HardFault_Handler
                0x00006adc                PDEC_2_Handler
                0x00006adc                AC_Handler
                0x00006adc                TCC2_3_Handler
                0x00006adc                PendSV_Handler
                0x00006adc                NMI_Handler
                0x00006adc                TC7_Handler
                0x00006adc                ADC1_1_Handler
                0x00006adc                EVSYS_3_Handler
                0x00006adc                PDEC_0_Handler
                0x00006adc                QSPI_Handler
                0x00006adc                TCC0_0_Handler
                0x00006adc                TAL_0_Handler
                0x00006adc                DAC_2_Handler
                0x00006adc                RTC_Handler
                0x00006adc                UsageFault_Handler
                0x00006adc                SERCOM4_0_Handler
                0x00006adc                SERCOM0_3_Handler
                0x00006adc                OSC32KCTRL_Handler
                0x00006adc                TCC2_1_Handler
                0x00006adc                SUPC_1_Handler
                0x00006adc                TCC0_5_Handler
                0x00006adc                TCC0_6_Handler
                0x00006adc                SERCOM6_2_Handler
                0x00006adc                EVSYS_1_Handler
                0x00006adc                TCC1_4_Handler
                0x00006adc                TC6_Handler
                0x00006adc                WDT_Handler
                0x00006adc                SERCOM6_0_Handler
                0x00006adc                TC4_Handler
                0x00006adc                TC1_Handler
                0x00006adc                OSCCTRL_4_Handler
                0x00006adc                SERCOM4_3_Handler
                0x00006adc                TCC4_2_Handler
                0x00006adc                PAC_Handler
                0x00006adc                TCC1_0_Handler
                0x00006adc                OSCCTRL_0_Handler
                0x00006adc                OSCCTRL_3_Handler
                0x00006adc                SERCOM4_1_Handler
                0x00006adc                TC3_Handler
                0x00006adc                Dummy_Handler
                0x00006adc                TCC3_0_Handler
                0x00006adc                TCC2_2_Handler
                0x00006adc                TCC1_1_Handler
                0x00006adc                ADC0_0_Handler
                0x00006adc                OSCCTRL_2_Handler
                0x00006adc                ADC1_0_Handler
                0x00006adc                TCC1_2_Handler
                0x00006adc                SERCOM7_1_Handler
                0x00006adc                PM_Handler
                0x00006adc                SERCOM6_3_Handler
                0x00006adc                SERCOM2_3_Handler
                0x00006adc                DAC_4_Handler
                0x00006adc                TCC3_2_Handler
                0x00006adc                SERCOM7_0_Handler
                0x00006adc                TCC0_2_Handler
                0x00006adc                TCC4_0_Handler
                0x00006adc                SERCOM7_3_Handler
                0x00006adc                SDHC1_Handler
                0x00006adc                SERCOM7_2_Handler
                0x00006adc                TCC2_0_Handler
                0x00006adc                PDEC_1_Handler
                0x00006adc                MemManage_Handler
                0x00006adc                TCC4_1_Handler
                0x00006adc                SVC_Handler
                0x00006adc                SERCOM6_1_Handler
                0x00006adc                SDHC0_Handler
                0x00006adc                SERCOM1_1_Handler
                0x00006adc                I2S_Handler
                0x00006adc                PCC_Handler
                0x00006adc                DAC_0_Handler
                0x00006adc                TCC0_1_Handler
                0x00006adc                SERCOM1_3_Handler
                0x00006adc                OSCCTRL_1_Handler
                0x00006adc                SERCOM1_0_Handler
                0x00006adc                PUKCC_Handler
                0x00006adc                SERCOM2_1_Handler
                0x00006adc                SERCOM1_2_Handler
                0x00006adc                SERCOM4_2_Handler
                0x00006adc                EVSYS_4_Handler
                0x00006adc                NVMCTRL_1_Handler
                0x00006adc                ADC0_1_Handler
                0x00006adc                SERCOM2_2_Handler
                0x00006adc                TCC3_1_Handler
                0x00006adc                DAC_1_Handler
                0x00006adc                NVMCTRL_0_Handler
                0x00006adc                TAL_1_Handler
                0x00006adc                MCLK_Handler
                0x00006adc                EVSYS_2_Handler
                0x00006adc                SUPC_0_Handler
                0x00006adc                BusFault_Handler
                0x00006adc                FREQM_Handler
                0x00006adc                TC0_Handler
                0x00006adc                TCC0_3_Handler
                0x00006adc                TCC0_4_Handler
                0x00006adc                RAMECC_Handler
                0x00006adc                TC5_Handler
                0x00006adc                SERCOM2_0_Handler
                0x00006adc                AES_Handler
                0x00006adc                ICM_Handler
 *fill*         0x00006ade        0x2 
 .text.USB_0_Handler
                0x00006ae0       0x10 D:\SourceTree\Smartflow\Firmware\Smartflow_V3_VGDB\Smartflow_V3_VGDB\Output\Adafruit_Metro_M4__SAMD51_\Debug/core\core.a(cortex_handlers.c.o)
                0x00006ae0                USB_0_Handler
 .text.Reset_Handler
                0x00006af0       0x70 D:\SourceTree\Smartflow\Firmware\Smartflow_V3_VGDB\Smartflow_V3_VGDB\Output\Adafruit_Metro_M4__SAMD51_\Debug/core\core.a(cortex_handlers.c.o)
                0x00006af0                Reset_Handler
 .text.SysTick_Handler
                0x00006b60       0x12 D:\SourceTree\Smartflow\Firmware\Smartflow_V3_VGDB\Smartflow_V3_VGDB\Output\Adafruit_Metro_M4__SAMD51_\Debug/core\core.a(cortex_handlers.c.o)
                0x00006b60                SysTick_Handler
 .text.USB_1_Handler
                0x00006b72        0x4 D:\SourceTree\Smartflow\Firmware\Smartflow_V3_VGDB\Smartflow_V3_VGDB\Output\Adafruit_Metro_M4__SAMD51_\Debug/core\core.a(cortex_handlers.c.o)
                0x00006b72                USB_1_Handler
 .text.USB_2_Handler
                0x00006b76        0x4 D:\SourceTree\Smartflow\Firmware\Smartflow_V3_VGDB\Smartflow_V3_VGDB\Output\Adafruit_Metro_M4__SAMD51_\Debug/core\core.a(cortex_handlers.c.o)
                0x00006b76                USB_2_Handler
 .text.USB_3_Handler
                0x00006b7a        0x4 D:\SourceTree\Smartflow\Firmware\Smartflow_V3_VGDB\Smartflow_V3_VGDB\Output\Adafruit_Metro_M4__SAMD51_\Debug/core\core.a(cortex_handlers.c.o)
                0x00006b7a                USB_3_Handler
 *fill*         0x00006b7e        0x2 
 .text.USB_SetHandler
                0x00006b80        0xc D:\SourceTree\Smartflow\Firmware\Smartflow_V3_VGDB\Smartflow_V3_VGDB\Output\Adafruit_Metro_M4__SAMD51_\Debug/core\core.a(cortex_handlers.c.o)
                0x00006b80                USB_SetHandler
 .text.millis   0x00006b8c        0xc D:\SourceTree\Smartflow\Firmware\Smartflow_V3_VGDB\Smartflow_V3_VGDB\Output\Adafruit_Metro_M4__SAMD51_\Debug/core\core.a(delay.c.o)
                0x00006b8c                millis
 .text.micros   0x00006b98       0x58 D:\SourceTree\Smartflow\Firmware\Smartflow_V3_VGDB\Smartflow_V3_VGDB\Output\Adafruit_Metro_M4__SAMD51_\Debug/core\core.a(delay.c.o)
                0x00006b98                micros
 .text.delay    0x00006bf0       0x26 D:\SourceTree\Smartflow\Firmware\Smartflow_V3_VGDB\Smartflow_V3_VGDB\Output\Adafruit_Metro_M4__SAMD51_\Debug/core\core.a(delay.c.o)
                0x00006bf0                delay
 *fill*         0x00006c16        0x2 
 .text.SysTick_DefaultHandler
                0x00006c18       0x10 D:\SourceTree\Smartflow\Firmware\Smartflow_V3_VGDB\Smartflow_V3_VGDB\Output\Adafruit_Metro_M4__SAMD51_\Debug/core\core.a(delay.c.o)
                0x00006c18                SysTick_DefaultHandler
 .text.__empty  0x00006c28        0x2 D:\SourceTree\Smartflow\Firmware\Smartflow_V3_VGDB\Smartflow_V3_VGDB\Output\Adafruit_Metro_M4__SAMD51_\Debug/core\core.a(hooks.c.o)
                0x00006c28                yield
 .text.__false  0x00006c2a        0x4 D:\SourceTree\Smartflow\Firmware\Smartflow_V3_VGDB\Smartflow_V3_VGDB\Output\Adafruit_Metro_M4__SAMD51_\Debug/core\core.a(hooks.c.o)
                0x00006c2a                sysTickHook
 .text._Z11initVariantv
                0x00006c2e        0x2 D:\SourceTree\Smartflow\Firmware\Smartflow_V3_VGDB\Smartflow_V3_VGDB\Output\Adafruit_Metro_M4__SAMD51_\Debug/core\core.a(main.cpp.o)
                0x00006c2e                initVariant()
 .text.startup.main
                0x00006c30       0x40 D:\SourceTree\Smartflow\Firmware\Smartflow_V3_VGDB\Smartflow_V3_VGDB\Output\Adafruit_Metro_M4__SAMD51_\Debug/core\core.a(main.cpp.o)
                0x00006c30                main
 .text._Znwj    0x00006c70        0x4 D:\SourceTree\Smartflow\Firmware\Smartflow_V3_VGDB\Smartflow_V3_VGDB\Output\Adafruit_Metro_M4__SAMD51_\Debug/core\core.a(new.cpp.o)
                0x00006c70                operator new(unsigned int)
 .text._ZdlPv   0x00006c74        0x4 D:\SourceTree\Smartflow\Firmware\Smartflow_V3_VGDB\Smartflow_V3_VGDB\Output\Adafruit_Metro_M4__SAMD51_\Debug/core\core.a(new.cpp.o)
                0x00006c74                operator delete(void*)
 .text.SystemInit
                0x00006c78      0x1f8 D:\SourceTree\Smartflow\Firmware\Smartflow_V3_VGDB\Smartflow_V3_VGDB\Output\Adafruit_Metro_M4__SAMD51_\Debug/core\core.a(startup.c.o)
                0x00006c78                SystemInit
 .text.init     0x00006e70      0x118 D:\SourceTree\Smartflow\Firmware\Smartflow_V3_VGDB\Smartflow_V3_VGDB\Output\Adafruit_Metro_M4__SAMD51_\Debug/core\core.a(wiring.c.o)
                0x00006e70                init
 .text.analogReference
                0x00006f88       0xc8 D:\SourceTree\Smartflow\Firmware\Smartflow_V3_VGDB\Smartflow_V3_VGDB\Output\Adafruit_Metro_M4__SAMD51_\Debug/core\core.a(wiring_analog.c.o)
                0x00006f88                analogReference
 .text.analogRead
                0x00007050      0x14c D:\SourceTree\Smartflow\Firmware\Smartflow_V3_VGDB\Smartflow_V3_VGDB\Output\Adafruit_Metro_M4__SAMD51_\Debug/core\core.a(wiring_analog.c.o)
                0x00007050                analogRead
 .text.pinMode  0x0000719c       0x88 D:\SourceTree\Smartflow\Firmware\Smartflow_V3_VGDB\Smartflow_V3_VGDB\Output\Adafruit_Metro_M4__SAMD51_\Debug/core\core.a(wiring_digital.c.o)
                0x0000719c                pinMode
 .text.digitalWrite
                0x00007224       0x54 D:\SourceTree\Smartflow\Firmware\Smartflow_V3_VGDB\Smartflow_V3_VGDB\Output\Adafruit_Metro_M4__SAMD51_\Debug/core\core.a(wiring_digital.c.o)
                0x00007224                digitalWrite
 .text.pinPeripheral
                0x00007278       0xac D:\SourceTree\Smartflow\Firmware\Smartflow_V3_VGDB\Smartflow_V3_VGDB\Output\Adafruit_Metro_M4__SAMD51_\Debug/core\core.a(wiring_private.c.o)
                0x00007278                pinPeripheral
 .text.initiateReset
                0x00007324        0xc D:\SourceTree\Smartflow\Firmware\Smartflow_V3_VGDB\Smartflow_V3_VGDB\Output\Adafruit_Metro_M4__SAMD51_\Debug/core\core.a(Reset.cpp.o)
                0x00007324                initiateReset
 .text.cancelReset
                0x00007330       0x10 D:\SourceTree\Smartflow\Firmware\Smartflow_V3_VGDB\Smartflow_V3_VGDB\Output\Adafruit_Metro_M4__SAMD51_\Debug/core\core.a(Reset.cpp.o)
                0x00007330                cancelReset
 .text.tickReset
                0x00007340       0x48 D:\SourceTree\Smartflow\Firmware\Smartflow_V3_VGDB\Smartflow_V3_VGDB\Output\Adafruit_Metro_M4__SAMD51_\Debug/core\core.a(Reset.cpp.o)
                0x00007340                tickReset
 .text._ZN13PluggableUSB_12getInterfaceEPh
                0x00007388       0x26 D:\SourceTree\Smartflow\Firmware\Smartflow_V3_VGDB\Smartflow_V3_VGDB\Output\Adafruit_Metro_M4__SAMD51_\Debug/core\core.a(PluggableUSB.cpp.o)
                0x00007388                PluggableUSB_::getInterface(unsigned char*)
 .text._ZN13PluggableUSB_13getDescriptorER8USBSetup
                0x000073ae       0x1c D:\SourceTree\Smartflow\Firmware\Smartflow_V3_VGDB\Smartflow_V3_VGDB\Output\Adafruit_Metro_M4__SAMD51_\Debug/core\core.a(PluggableUSB.cpp.o)
                0x000073ae                PluggableUSB_::getDescriptor(USBSetup&)
 .text._ZN13PluggableUSB_5setupER8USBSetup
                0x000073ca       0x1c D:\SourceTree\Smartflow\Firmware\Smartflow_V3_VGDB\Smartflow_V3_VGDB\Output\Adafruit_Metro_M4__SAMD51_\Debug/core\core.a(PluggableUSB.cpp.o)
                0x000073ca                PluggableUSB_::setup(USBSetup&)
 *fill*         0x000073e6        0x2 
 .text._Z12PluggableUSBv
                0x000073e8       0x24 D:\SourceTree\Smartflow\Firmware\Smartflow_V3_VGDB\Smartflow_V3_VGDB\Output\Adafruit_Metro_M4__SAMD51_\Debug/core\core.a(PluggableUSB.cpp.o)
                0x000073e8                PluggableUSB()
 .text._ZN20USBDevice_SAMD21G18x5resetEv
                0x0000740c       0x32 D:\SourceTree\Smartflow\Firmware\Smartflow_V3_VGDB\Smartflow_V3_VGDB\Output\Adafruit_Metro_M4__SAMD51_\Debug/core\core.a(SAMD21_USBDevice.cpp.o)
                0x0000740c                USBDevice_SAMD21G18x::reset()
 *fill*         0x0000743e        0x2 
 .text._ZN20USBDevice_SAMD21G18x9calibrateEv
                0x00007440       0x48 D:\SourceTree\Smartflow\Firmware\Smartflow_V3_VGDB\Smartflow_V3_VGDB\Output\Adafruit_Metro_M4__SAMD51_\Debug/core\core.a(SAMD21_USBDevice.cpp.o)
                0x00007440                USBDevice_SAMD21G18x::calibrate()
 .text          0x00007488      0x378 c:/users/adam/documents/arduinodata/packages/arduino/tools/arm-none-eabi-gcc/7-2017q4/bin/../lib/gcc/arm-none-eabi/7.2.1/thumb/v7e-m/fpv4-sp/hard\libgcc.a(_arm_addsubdf3.o)
                0x00007488                __aeabi_drsub
                0x00007490                __aeabi_dsub
                0x00007490                __subdf3
                0x00007494                __aeabi_dadd
                0x00007494                __adddf3
                0x0000770c                __floatunsidf
                0x0000770c                __aeabi_ui2d
                0x0000772c                __floatsidf
                0x0000772c                __aeabi_i2d
                0x00007750                __aeabi_f2d
                0x00007750                __extendsfdf2
                0x00007794                __floatundidf
                0x00007794                __aeabi_ul2d
                0x000077a4                __floatdidf
                0x000077a4                __aeabi_l2d
 .text          0x00007800      0x424 c:/users/adam/documents/arduinodata/packages/arduino/tools/arm-none-eabi-gcc/7-2017q4/bin/../lib/gcc/arm-none-eabi/7.2.1/thumb/v7e-m/fpv4-sp/hard\libgcc.a(_arm_muldivdf3.o)
                0x00007800                __aeabi_dmul
                0x00007800                __muldf3
                0x00007a54                __divdf3
                0x00007a54                __aeabi_ddiv
 .text          0x00007c24      0x110 c:/users/adam/documents/arduinodata/packages/arduino/tools/arm-none-eabi-gcc/7-2017q4/bin/../lib/gcc/arm-none-eabi/7.2.1/thumb/v7e-m/fpv4-sp/hard\libgcc.a(_arm_cmpdf2.o)
                0x00007c24                __gtdf2
                0x00007c24                __gedf2
                0x00007c2c                __ltdf2
                0x00007c2c                __ledf2
                0x00007c34                __nedf2
                0x00007c34                __eqdf2
                0x00007c34                __cmpdf2
                0x00007cb0                __aeabi_cdrcmple
                0x00007cc0                __aeabi_cdcmpeq
                0x00007cc0                __aeabi_cdcmple
                0x00007cd0                __aeabi_dcmpeq
                0x00007ce4                __aeabi_dcmplt
                0x00007cf8                __aeabi_dcmple
                0x00007d0c                __aeabi_dcmpge
                0x00007d20                __aeabi_dcmpgt
 .text          0x00007d34       0x2c c:/users/adam/documents/arduinodata/packages/arduino/tools/arm-none-eabi-gcc/7-2017q4/bin/../lib/gcc/arm-none-eabi/7.2.1/thumb/v7e-m/fpv4-sp/hard\libgcc.a(_arm_unorddf2.o)
                0x00007d34                __unorddf2
                0x00007d34                __aeabi_dcmpun
 .text          0x00007d60       0x50 c:/users/adam/documents/arduinodata/packages/arduino/tools/arm-none-eabi-gcc/7-2017q4/bin/../lib/gcc/arm-none-eabi/7.2.1/thumb/v7e-m/fpv4-sp/hard\libgcc.a(_arm_fixdfsi.o)
                0x00007d60                __aeabi_d2iz
                0x00007d60                __fixdfsi
 .text          0x00007db0       0x30 c:/users/adam/documents/arduinodata/packages/arduino/tools/arm-none-eabi-gcc/7-2017q4/bin/../lib/gcc/arm-none-eabi/7.2.1/thumb/v7e-m/fpv4-sp/hard\libgcc.a(_aeabi_uldivmod.o)
                0x00007db0                __aeabi_uldivmod
 .text          0x00007de0      0x2cc c:/users/adam/documents/arduinodata/packages/arduino/tools/arm-none-eabi-gcc/7-2017q4/bin/../lib/gcc/arm-none-eabi/7.2.1/thumb/v7e-m/fpv4-sp/hard\libgcc.a(_udivmoddi4.o)
                0x00007de0                __udivmoddi4
 .text          0x000080ac        0x4 c:/users/adam/documents/arduinodata/packages/arduino/tools/arm-none-eabi-gcc/7-2017q4/bin/../lib/gcc/arm-none-eabi/7.2.1/thumb/v7e-m/fpv4-sp/hard\libgcc.a(_dvmd_tls.o)
                0x000080ac                __aeabi_idiv0
                0x000080ac                __aeabi_ldiv0
 .text.__assert_func
                0x000080b0       0x3c c:/users/adam/documents/arduinodata/packages/arduino/tools/arm-none-eabi-gcc/7-2017q4/bin/../lib/gcc/arm-none-eabi/7.2.1/../../../../arm-none-eabi/lib/thumb/v7e-m/fpv4-sp/hard\libc_nano.a(lib_a-assert.o)
                0x000080b0                __assert_func
 .text.fprintf  0x000080ec       0x24 c:/users/adam/documents/arduinodata/packages/arduino/tools/arm-none-eabi-gcc/7-2017q4/bin/../lib/gcc/arm-none-eabi/7.2.1/../../../../arm-none-eabi/lib/thumb/v7e-m/fpv4-sp/hard\libc_nano.a(lib_a-fprintf.o)
                0x000080ec                fiprintf
                0x000080ec                fprintf
 .text.__libc_init_array
                0x00008110       0x48 c:/users/adam/documents/arduinodata/packages/arduino/tools/arm-none-eabi-gcc/7-2017q4/bin/../lib/gcc/arm-none-eabi/7.2.1/../../../../arm-none-eabi/lib/thumb/v7e-m/fpv4-sp/hard\libc_nano.a(lib_a-init.o)
                0x00008110                __libc_init_array
 .text.malloc   0x00008158       0x10 c:/users/adam/documents/arduinodata/packages/arduino/tools/arm-none-eabi-gcc/7-2017q4/bin/../lib/gcc/arm-none-eabi/7.2.1/../../../../arm-none-eabi/lib/thumb/v7e-m/fpv4-sp/hard\libc_nano.a(lib_a-malloc.o)
                0x00008158                malloc
 .text.free     0x00008168       0x10 c:/users/adam/documents/arduinodata/packages/arduino/tools/arm-none-eabi-gcc/7-2017q4/bin/../lib/gcc/arm-none-eabi/7.2.1/../../../../arm-none-eabi/lib/thumb/v7e-m/fpv4-sp/hard\libc_nano.a(lib_a-malloc.o)
                0x00008168                free
 .text.__ascii_mbtowc
                0x00008178       0x24 c:/users/adam/documents/arduinodata/packages/arduino/tools/arm-none-eabi-gcc/7-2017q4/bin/../lib/gcc/arm-none-eabi/7.2.1/../../../../arm-none-eabi/lib/thumb/v7e-m/fpv4-sp/hard\libc_nano.a(lib_a-mbtowc_r.o)
                0x00008178                __ascii_mbtowc
 *fill*         0x0000819c        0x4 
 .text          0x000081a0       0xa0 c:/users/adam/documents/arduinodata/packages/arduino/tools/arm-none-eabi-gcc/7-2017q4/bin/../lib/gcc/arm-none-eabi/7.2.1/../../../../arm-none-eabi/lib/thumb/v7e-m/fpv4-sp/hard\libc_nano.a(lib_a-memchr.o)
                0x000081a0                memchr
 .text.memcpy   0x00008240       0x16 c:/users/adam/documents/arduinodata/packages/arduino/tools/arm-none-eabi-gcc/7-2017q4/bin/../lib/gcc/arm-none-eabi/7.2.1/../../../../arm-none-eabi/lib/thumb/v7e-m/fpv4-sp/hard\libc_nano.a(lib_a-memcpy-stub.o)
                0x00008240                memcpy
 .text.memmove  0x00008256       0x32 c:/users/adam/documents/arduinodata/packages/arduino/tools/arm-none-eabi-gcc/7-2017q4/bin/../lib/gcc/arm-none-eabi/7.2.1/../../../../arm-none-eabi/lib/thumb/v7e-m/fpv4-sp/hard\libc_nano.a(lib_a-memmove.o)
                0x00008256                memmove
 .text.memset   0x00008288       0x10 c:/users/adam/documents/arduinodata/packages/arduino/tools/arm-none-eabi-gcc/7-2017q4/bin/../lib/gcc/arm-none-eabi/7.2.1/../../../../arm-none-eabi/lib/thumb/v7e-m/fpv4-sp/hard\libc_nano.a(lib_a-memset.o)
                0x00008288                memset
 .text._free_r  0x00008298       0x9c c:/users/adam/documents/arduinodata/packages/arduino/tools/arm-none-eabi-gcc/7-2017q4/bin/../lib/gcc/arm-none-eabi/7.2.1/../../../../arm-none-eabi/lib/thumb/v7e-m/fpv4-sp/hard\libc_nano.a(lib_a-nano-freer.o)
                0x00008298                _free_r
 .text._malloc_r
                0x00008334       0xb4 c:/users/adam/documents/arduinodata/packages/arduino/tools/arm-none-eabi-gcc/7-2017q4/bin/../lib/gcc/arm-none-eabi/7.2.1/../../../../arm-none-eabi/lib/thumb/v7e-m/fpv4-sp/hard\libc_nano.a(lib_a-nano-mallocr.o)
                0x00008334                _malloc_r
 .text.__sfputc_r
                0x000083e8       0x2e c:/users/adam/documents/arduinodata/packages/arduino/tools/arm-none-eabi-gcc/7-2017q4/bin/../lib/gcc/arm-none-eabi/7.2.1/../../../../arm-none-eabi/lib/thumb/v7e-m/fpv4-sp/hard\libc_nano.a(lib_a-nano-vfprintf.o)
 .text.__sfputs_r
                0x00008416       0x24 c:/users/adam/documents/arduinodata/packages/arduino/tools/arm-none-eabi-gcc/7-2017q4/bin/../lib/gcc/arm-none-eabi/7.2.1/../../../../arm-none-eabi/lib/thumb/v7e-m/fpv4-sp/hard\libc_nano.a(lib_a-nano-vfprintf.o)
                0x00008416                __sfputs_r
 *fill*         0x0000843a        0x2 
 .text._vfprintf_r
                0x0000843c      0x228 c:/users/adam/documents/arduinodata/packages/arduino/tools/arm-none-eabi-gcc/7-2017q4/bin/../lib/gcc/arm-none-eabi/7.2.1/../../../../arm-none-eabi/lib/thumb/v7e-m/fpv4-sp/hard\libc_nano.a(lib_a-nano-vfprintf.o)
                0x0000843c                _vfprintf_r
                0x0000843c                _vfiprintf_r
 .text.__cvt    0x00008664       0xc2 c:/users/adam/documents/arduinodata/packages/arduino/tools/arm-none-eabi-gcc/7-2017q4/bin/../lib/gcc/arm-none-eabi/7.2.1/../../../../arm-none-eabi/lib/thumb/v7e-m/fpv4-sp/hard\libc_nano.a(lib_a-nano-vfprintf_float.o)
                0x00008664                __cvt
 .text.__exponent
                0x00008726       0x66 c:/users/adam/documents/arduinodata/packages/arduino/tools/arm-none-eabi-gcc/7-2017q4/bin/../lib/gcc/arm-none-eabi/7.2.1/../../../../arm-none-eabi/lib/thumb/v7e-m/fpv4-sp/hard\libc_nano.a(lib_a-nano-vfprintf_float.o)
                0x00008726                __exponent
 .text._printf_float
                0x0000878c      0x480 c:/users/adam/documents/arduinodata/packages/arduino/tools/arm-none-eabi-gcc/7-2017q4/bin/../lib/gcc/arm-none-eabi/7.2.1/../../../../arm-none-eabi/lib/thumb/v7e-m/fpv4-sp/hard\libc_nano.a(lib_a-nano-vfprintf_float.o)
                0x0000878c                _printf_float
 .text._printf_common
                0x00008c0c       0xea c:/users/adam/documents/arduinodata/packages/arduino/tools/arm-none-eabi-gcc/7-2017q4/bin/../lib/gcc/arm-none-eabi/7.2.1/../../../../arm-none-eabi/lib/thumb/v7e-m/fpv4-sp/hard\libc_nano.a(lib_a-nano-vfprintf_i.o)
                0x00008c0c                _printf_common
 *fill*         0x00008cf6        0x2 
 .text._printf_i
                0x00008cf8      0x224 c:/users/adam/documents/arduinodata/packages/arduino/tools/arm-none-eabi-gcc/7-2017q4/bin/../lib/gcc/arm-none-eabi/7.2.1/../../../../arm-none-eabi/lib/thumb/v7e-m/fpv4-sp/hard\libc_nano.a(lib_a-nano-vfprintf_i.o)
                0x00008cf8                _printf_i
 .text._sbrk_r  0x00008f1c       0x20 c:/users/adam/documents/arduinodata/packages/arduino/tools/arm-none-eabi-gcc/7-2017q4/bin/../lib/gcc/arm-none-eabi/7.2.1/../../../../arm-none-eabi/lib/thumb/v7e-m/fpv4-sp/hard\libc_nano.a(lib_a-sbrkr.o)
                0x00008f1c                _sbrk_r
 .text.snprintf
                0x00008f3c       0x68 c:/users/adam/documents/arduinodata/packages/arduino/tools/arm-none-eabi-gcc/7-2017q4/bin/../lib/gcc/arm-none-eabi/7.2.1/../../../../arm-none-eabi/lib/thumb/v7e-m/fpv4-sp/hard\libc_nano.a(lib_a-snprintf.o)
                0x00008f3c                sniprintf
                0x00008f3c                snprintf
 .text          0x00008fa4       0x10 c:/users/adam/documents/arduinodata/packages/arduino/tools/arm-none-eabi-gcc/7-2017q4/bin/../lib/gcc/arm-none-eabi/7.2.1/../../../../arm-none-eabi/lib/thumb/v7e-m/fpv4-sp/hard\libc_nano.a(lib_a-strlen.o)
                0x00008fa4                strlen
 .text.__swbuf_r
                0x00008fb4       0xa4 c:/users/adam/documents/arduinodata/packages/arduino/tools/arm-none-eabi-gcc/7-2017q4/bin/../lib/gcc/arm-none-eabi/7.2.1/../../../../arm-none-eabi/lib/thumb/v7e-m/fpv4-sp/hard\libc_nano.a(lib_a-wbuf.o)
                0x00008fb4                __swbuf_r
 .text.__ascii_wctomb
                0x00009058       0x1a c:/users/adam/documents/arduinodata/packages/arduino/tools/arm-none-eabi-gcc/7-2017q4/bin/../lib/gcc/arm-none-eabi/7.2.1/../../../../arm-none-eabi/lib/thumb/v7e-m/fpv4-sp/hard\libc_nano.a(lib_a-wctomb_r.o)
                0x00009058                __ascii_wctomb
 *fill*         0x00009072        0x2 
 .text.__swsetup_r
                0x00009074       0xdc c:/users/adam/documents/arduinodata/packages/arduino/tools/arm-none-eabi-gcc/7-2017q4/bin/../lib/gcc/arm-none-eabi/7.2.1/../../../../arm-none-eabi/lib/thumb/v7e-m/fpv4-sp/hard\libc_nano.a(lib_a-wsetup.o)
                0x00009074                __swsetup_r
 .text.abort    0x00009150        0xe c:/users/adam/documents/arduinodata/packages/arduino/tools/arm-none-eabi-gcc/7-2017q4/bin/../lib/gcc/arm-none-eabi/7.2.1/../../../../arm-none-eabi/lib/thumb/v7e-m/fpv4-sp/hard\libc_nano.a(lib_a-abort.o)
                0x00009150                abort
 .text.quorem   0x0000915e      0x118 c:/users/adam/documents/arduinodata/packages/arduino/tools/arm-none-eabi-gcc/7-2017q4/bin/../lib/gcc/arm-none-eabi/7.2.1/../../../../arm-none-eabi/lib/thumb/v7e-m/fpv4-sp/hard\libc_nano.a(lib_a-dtoa.o)
 *fill*         0x00009276        0x2 
 .text._dtoa_r  0x00009278      0xb70 c:/users/adam/documents/arduinodata/packages/arduino/tools/arm-none-eabi-gcc/7-2017q4/bin/../lib/gcc/arm-none-eabi/7.2.1/../../../../arm-none-eabi/lib/thumb/v7e-m/fpv4-sp/hard\libc_nano.a(lib_a-dtoa.o)
                0x00009278                _dtoa_r
 .text.__sflush_r
                0x00009de8      0x10c c:/users/adam/documents/arduinodata/packages/arduino/tools/arm-none-eabi-gcc/7-2017q4/bin/../lib/gcc/arm-none-eabi/7.2.1/../../../../arm-none-eabi/lib/thumb/v7e-m/fpv4-sp/hard\libc_nano.a(lib_a-fflush.o)
                0x00009de8                __sflush_r
 .text._fflush_r
                0x00009ef4       0x54 c:/users/adam/documents/arduinodata/packages/arduino/tools/arm-none-eabi-gcc/7-2017q4/bin/../lib/gcc/arm-none-eabi/7.2.1/../../../../arm-none-eabi/lib/thumb/v7e-m/fpv4-sp/hard\libc_nano.a(lib_a-fflush.o)
                0x00009ef4                _fflush_r
 .text.std      0x00009f48       0x48 c:/users/adam/documents/arduinodata/packages/arduino/tools/arm-none-eabi-gcc/7-2017q4/bin/../lib/gcc/arm-none-eabi/7.2.1/../../../../arm-none-eabi/lib/thumb/v7e-m/fpv4-sp/hard\libc_nano.a(lib_a-findfp.o)
 .text._cleanup_r
                0x00009f90        0xc c:/users/adam/documents/arduinodata/packages/arduino/tools/arm-none-eabi-gcc/7-2017q4/bin/../lib/gcc/arm-none-eabi/7.2.1/../../../../arm-none-eabi/lib/thumb/v7e-m/fpv4-sp/hard\libc_nano.a(lib_a-findfp.o)
                0x00009f90                _cleanup_r
 .text.__sfmoreglue
                0x00009f9c       0x2c c:/users/adam/documents/arduinodata/packages/arduino/tools/arm-none-eabi-gcc/7-2017q4/bin/../lib/gcc/arm-none-eabi/7.2.1/../../../../arm-none-eabi/lib/thumb/v7e-m/fpv4-sp/hard\libc_nano.a(lib_a-findfp.o)
                0x00009f9c                __sfmoreglue